Component: ARM Compiler 5.06 update 6 (build 750) Tool: armlink [4d35ed]

==============================================================================

Section Cross References

    main.o(i.Add_FR) refers to _printf_percent.o(.ARM.Collect$$_printf_percent$$00000000) for _printf_percent
    main.o(i.Add_FR) refers to _printf_d.o(.ARM.Collect$$_printf_percent$$00000009) for _printf_d
    main.o(i.Add_FR) refers to _printf_dec.o(.text) for _printf_int_dec
    main.o(i.Add_FR) refers to __2printf.o(.text) for __2printf
    main.o(i.Add_FR) refers to as608.o(i.PS_GetImage) for PS_GetImage
    main.o(i.Add_FR) refers to as608.o(i.PS_GenChar) for PS_GenChar
    main.o(i.Add_FR) refers to delay.o(i.delay_ms) for delay_ms
    main.o(i.Add_FR) refers to main.o(i.ShowErrMessage) for ShowErrMessage
    main.o(i.Add_FR) refers to as608.o(i.PS_Match) for PS_Match
    main.o(i.Add_FR) refers to as608.o(i.PS_RegModel) for PS_RegModel
    main.o(i.Add_FR) refers to as608.o(i.PS_StoreChar) for PS_StoreChar
    main.o(i.Add_FR) refers to as608.o(i.PS_ValidTempleteNum) for PS_ValidTempleteNum
    main.o(i.Add_FR) refers to usart.o(.bss) for USART_RX_BUF
    main.o(i.Add_FR) refers to usart.o(.data) for USART_RX_STA
    main.o(i.Add_FR) refers to main.o(.data) for .data
    main.o(i.Add_FR) refers to main.o(.bss) for .bss
    main.o(i.Beep_1) refers to delay.o(i.delay_ms) for delay_ms
    main.o(i.Beep_2) refers to delay.o(i.delay_ms) for delay_ms
    main.o(i.Beep_3) refers to delay.o(i.delay_ms) for delay_ms
    main.o(i.BoardInit) refers to delay.o(i.delay_init) for delay_init
    main.o(i.BoardInit) refers to adc.o(i.Adc_Init) for Adc_Init
    main.o(i.BoardInit) refers to system_stm32f10x.o(i.SystemInit) for SystemInit
    main.o(i.BoardInit) refers to beep.o(i.BEEP_Init) for BEEP_Init
    main.o(i.BoardInit) refers to usart.o(i.uart_init) for uart_init
    main.o(i.BoardInit) refers to usart3.o(i.uart3_init) for uart3_init
    main.o(i.BoardInit) refers to usart2.o(i.usart2_init) for usart2_init
    main.o(i.BoardInit) refers to lcd180.o(i.LCD180_Init) for LCD180_Init
    main.o(i.BoardInit) refers to lcd.o(i.LCD_Init) for LCD_Init
    main.o(i.BoardInit) refers to dht11.o(i.DHT11_Init) for DHT11_Init
    main.o(i.BoardInit) refers to as608.o(i.PS_StaGPIO_Init) for PS_StaGPIO_Init
    main.o(i.BoardInit) refers to key.o(i.KEY_Init) for KEY_Init
    main.o(i.BoardInit) refers to pwm.o(i.TIM3_PWM_Init) for TIM3_PWM_Init
    main.o(i.BoardInit) refers to timer.o(i.TIM5_Int_Init) for TIM5_Int_Init
    main.o(i.BoardInit) refers to malloc.o(i.mem_init) for mem_init
    main.o(i.BoardInit) refers to exfuns.o(i.exfuns_init) for exfuns_init
    main.o(i.BoardInit) refers to ff.o(i.f_mount) for f_mount
    main.o(i.BoardInit) refers to tpad.o(i.TPAD_Init) for TPAD_Init
    main.o(i.BoardInit) refers to w25qxx.o(i.W25QXX_Init) for W25QXX_Init
    main.o(i.BoardInit) refers to exfuns.o(.data) for fs
    main.o(i.BoardInit) refers to usmart_config.o(.data) for usmart_dev
    main.o(i.Del_FR) refers to _printf_percent.o(.ARM.Collect$$_printf_percent$$00000000) for _printf_percent
    main.o(i.Del_FR) refers to _printf_d.o(.ARM.Collect$$_printf_percent$$00000009) for _printf_d
    main.o(i.Del_FR) refers to _printf_dec.o(.text) for _printf_int_dec
    main.o(i.Del_FR) refers to __2printf.o(.text) for __2printf
    main.o(i.Del_FR) refers to as608.o(i.PS_DeletChar) for PS_DeletChar
    main.o(i.Del_FR) refers to main.o(i.ShowErrMessage) for ShowErrMessage
    main.o(i.Del_FR) refers to delay.o(i.delay_ms) for delay_ms
    main.o(i.Del_FR) refers to as608.o(i.PS_ValidTempleteNum) for PS_ValidTempleteNum
    main.o(i.Del_FR) refers to usart.o(.bss) for USART_RX_BUF
    main.o(i.Del_FR) refers to usart.o(.data) for USART_RX_STA
    main.o(i.Del_FR) refers to main.o(.data) for .data
    main.o(i.Del_FR) refers to main.o(.bss) for .bss
    main.o(i.FRMAIN_task) refers to _printf_percent.o(.ARM.Collect$$_printf_percent$$00000000) for _printf_percent
    main.o(i.FRMAIN_task) refers to _printf_d.o(.ARM.Collect$$_printf_percent$$00000009) for _printf_d
    main.o(i.FRMAIN_task) refers to _printf_x.o(.ARM.Collect$$_printf_percent$$0000000C) for _printf_x
    main.o(i.FRMAIN_task) refers to _printf_dec.o(.text) for _printf_int_dec
    main.o(i.FRMAIN_task) refers to _printf_hex_int_ll_ptr.o(.text) for _printf_longlong_hex
    main.o(i.FRMAIN_task) refers to _printf_s.o(.ARM.Collect$$_printf_percent$$00000014) for _printf_s
    main.o(i.FRMAIN_task) refers to _printf_str.o(.text) for _printf_str
    main.o(i.FRMAIN_task) refers to __2printf.o(.text) for __2printf
    main.o(i.FRMAIN_task) refers to delay.o(i.delay_xms) for delay_xms
    main.o(i.FRMAIN_task) refers to as608.o(i.PS_HandShake) for PS_HandShake
    main.o(i.FRMAIN_task) refers to malloc.o(i.mymalloc) for mymalloc
    main.o(i.FRMAIN_task) refers to __2sprintf.o(.text) for __2sprintf
[...]
    __aeabi_dadd                             0x08010fc9   Thumb Code     0  daddsub_clz.o(x$fpl$dadd)
    _dadd                                    0x08010fc9   Thumb Code   332  daddsub_clz.o(x$fpl$dadd)
    __fpl_dcheck_NaN1                        0x08011119   Thumb Code    10  dcheck1.o(x$fpl$dcheck1)
    __fpl_dcmp_Inf                           0x08011129   Thumb Code    24  dcmpi.o(x$fpl$dcmpinf)
    __aeabi_ddiv                             0x08011141   Thumb Code     0  ddiv.o(x$fpl$ddiv)
    _ddiv                                    0x08011141   Thumb Code   552  ddiv.o(x$fpl$ddiv)
    __aeabi_d2iz                             0x080113f1   Thumb Code     0  dfix.o(x$fpl$dfix)
    _dfix                                    0x080113f1   Thumb Code    94  dfix.o(x$fpl$dfix)
    __aeabi_d2uiz                            0x08011451   Thumb Code     0  dfixu.o(x$fpl$dfixu)
    _dfixu                                   0x08011451   Thumb Code    90  dfixu.o(x$fpl$dfixu)
    __aeabi_i2d                              0x080114ab   Thumb Code     0  dflt_clz.o(x$fpl$dflt)
    _dflt                                    0x080114ab   Thumb Code    46  dflt_clz.o(x$fpl$dflt)
    __aeabi_ui2d                             0x080114d9   Thumb Code     0  dflt_clz.o(x$fpl$dfltu)
    _dfltu                                   0x080114d9   Thumb Code    38  dflt_clz.o(x$fpl$dfltu)
    __aeabi_cdcmple                          0x08011501   Thumb Code     0  dleqf.o(x$fpl$dleqf)
    _dcmple                                  0x08011501   Thumb Code   120  dleqf.o(x$fpl$dleqf)
    __fpl_dcmple_InfNaN                      0x08011563   Thumb Code     0  dleqf.o(x$fpl$dleqf)
    __aeabi_dmul                             0x08011579   Thumb Code     0  dmul.o(x$fpl$dmul)
    _dmul                                    0x08011579   Thumb Code   332  dmul.o(x$fpl$dmul)
    __fpl_dnaninf                            0x080116cd   Thumb Code   156  dnaninf.o(x$fpl$dnaninf)
    __fpl_dretinf                            0x08011769   Thumb Code    12  dretinf.o(x$fpl$dretinf)
    __aeabi_cdrcmple                         0x08011775   Thumb Code     0  drleqf.o(x$fpl$drleqf)
    _drcmple                                 0x08011775   Thumb Code   108  drleqf.o(x$fpl$drleqf)
    __aeabi_drsub                            0x080117e1   Thumb Code     0  daddsub_clz.o(x$fpl$drsb)
    _drsb                                    0x080117e1   Thumb Code    22  daddsub_clz.o(x$fpl$drsb)
    _dsqrt                                   0x080117f9   Thumb Code   456  dsqrt_noumaal.o(x$fpl$dsqrt)
    __aeabi_dsub                             0x080119c5   Thumb Code     0  daddsub_clz.o(x$fpl$dsub)
    _dsub                                    0x080119c5   Thumb Code   464  daddsub_clz.o(x$fpl$dsub)
    __aeabi_f2d                              0x08011b99   Thumb Code     0  f2d.o(x$fpl$f2d)
    _f2d                                     0x08011b99   Thumb Code    86  f2d.o(x$fpl$f2d)
    __aeabi_fadd                             0x08011bf1   Thumb Code     0  faddsub_clz.o(x$fpl$fadd)
    _fadd                                    0x08011bf1   Thumb Code   196  faddsub_clz.o(x$fpl$fadd)
    __fpl_fcheck_NaN1                        0x08011cb5   Thumb Code     6  fcheck1.o(x$fpl$fcheck1)
    __fpl_fcmp_Inf                           0x08011cc1   Thumb Code    24  fcmpi.o(x$fpl$fcmpinf)
    __aeabi_fdiv                             0x08011cd9   Thumb Code     0  fdiv.o(x$fpl$fdiv)
    _fdiv                                    0x08011cd9   Thumb Code   384  fdiv.o(x$fpl$fdiv)
    __aeabi_f2uiz                            0x08011e5d   Thumb Code     0  ffixu.o(x$fpl$ffixu)
    _ffixu                                   0x08011e5d   Thumb Code    62  ffixu.o(x$fpl$ffixu)
    __aeabi_i2f                              0x08011e9d   Thumb Code     0  fflt_clz.o(x$fpl$fflt)
    _fflt                                    0x08011e9d   Thumb Code    48  fflt_clz.o(x$fpl$fflt)
    __aeabi_ui2f                             0x08011ecd   Thumb Code     0  fflt_clz.o(x$fpl$ffltu)
    _ffltu                                   0x08011ecd   Thumb Code    38  fflt_clz.o(x$fpl$ffltu)
    __aeabi_cfcmple                          0x08011ef5   Thumb Code     0  fleqf.o(x$fpl$fleqf)
    _fcmple                                  0x08011ef5   Thumb Code   104  fleqf.o(x$fpl$fleqf)
    __fpl_fcmple_InfNaN                      0x08011f47   Thumb Code     0  fleqf.o(x$fpl$fleqf)
    __aeabi_fmul                             0x08011f5d   Thumb Code     0  fmul.o(x$fpl$fmul)
    _fmul                                    0x08011f5d   Thumb Code   258  fmul.o(x$fpl$fmul)
    __fpl_fnaninf                            0x0801205f   Thumb Code   140  fnaninf.o(x$fpl$fnaninf)
    __fpl_fretinf                            0x080120eb   Thumb Code    10  fretinf.o(x$fpl$fretinf)
    __aeabi_fsub                             0x080120f5   Thumb Code     0  faddsub_clz.o(x$fpl$fsub)
    _fsub                                    0x080120f5   Thumb Code   234  faddsub_clz.o(x$fpl$fsub)
    __fpl_return_NaN                         0x080121df   Thumb Code   100  retnan.o(x$fpl$retnan)
    __ARM_scalbn                             0x08012243   Thumb Code    92  scalbn.o(x$fpl$scalbn)
    __ARM_scalbnf                            0x0801229f   Thumb Code    76  scalbnf.o(x$fpl$scalbnf)
    __fpl_cmpreturn                          0x080122eb   Thumb Code    48  trapv.o(x$fpl$trapveneer)
    __I$use$fp                               0x0801231a   Number         0  usenofp.o(x$fpl$usenofp)
    asc21206                                 0x0801231a   Data        1140  gui.o(.constdata)
    asc21608                                 0x0801278e   Data        1520  gui.o(.constdata)
    tfont16                                  0x08012d7e   Data        2108  gui.o(.constdata)
    tfont24                                  0x080135ba   Data         518  gui.o(.constdata)
    tfont32                                  0x080137c0   Data         520  gui.o(.constdata)
    asc2_1206                                0x080139c8   Data        1140  lcd.o(.constdata)
    asc2_1608                                0x08013e3c   Data        1520  lcd.o(.constdata)
    asc2_2412                                0x0801442c   Data        3420  lcd.o(.constdata)
    ov7725_init_reg_tb1                      0x08015188   Data         130  ov7725.o(.constdata)
    FILE_TYPE_TBL                            0x0801520c   Data         312  exfuns.o(.constdata)
    _aInterlaceOffset                        0x0801573e   Data           4  gif.o(.constdata)
    _aInterlaceYPos                          0x08015742   Data           4  gif.o(.constdata)
    _aMaskTbl                                0x08015746   Data          32  gif.o(.constdata)
    __mathlib_zero                           0x08015ce8   Data           8  qnan.o(.constdata)
    Region$$Table$$Base                      0x08015fac   Number         0  anon$$obj.o(Region$$Table)
    Region$$Table$$Limit                     0x08015fcc   Number         0  anon$$obj.o(Region$$Table)
    ValidN                                   0x20000000   Data           2  main.o(.data)
    StartTask_Handler                        0x20000004   Data           4  main.o(.data)
    FRMAINTask_Handler                       0x20000008   Data           4  main.o(.data)
    FR_FunTask_Handler                       0x2000000c   Data           4  main.o(.data)
    press_FRTask_Handler                     0x20000010   Data           4  main.o(.data)
    LCD180DHT11Task_Handler                  0x20000014   Data           4  main.o(.data)
    LCD180MQ2Task_Handler                    0x20000018   Data           4  main.o(.data)
    FaceDoTask_Handler                       0x2000001c   Data           4  main.o(.data)
    LCDTask_Handler                          0x20000020   Data           4  main.o(.data)
    SystemCoreClock                          0x20000024   Data           4  system_stm32f10x.o(.data)
    AHBPrescTable                            0x20000028   Data          16  system_stm32f10x.o(.data)
    USART2_RX_STA                            0x2000003a   Data           2  usart2.o(.data)
    AS608Addr                                0x2000003c   Data           4  as608.o(.data)
    ov_frame                                 0x20000040   Data           1  timer.o(.data)
    times                                    0x20000042   Data           2  timer.o(.data)
    POINT180_COLOR                           0x20000044   Data           2  lcd180.o(.data)
    BACK180_COLOR                            0x20000046   Data           2  lcd180.o(.data)
    adcx                                     0x20000048   Data           2  adc.o(.data)
    POINT_COLOR                              0x20000050   Data           2  lcd.o(.data)
    BACK_COLOR                               0x20000052   Data           2  lcd.o(.data)
    ov_sta                                   0x20000054   Data           1  exti.o(.data)
    tpad_default_val                         0x20000058   Data           2  tpad.o(.data)
    TransferError                            0x2000005f   Data           1  sdio_sdcard.o(.data)
    TransferEnd                              0x20000060   Data           1  sdio_sdcard.o(.data)
    tempbuff                                 0x20000068   Data           4  sdio_sdcard.o(.data)
    W25QXX_TYPE                              0x2000006c   Data           2  w25qxx.o(.data)
    USART_RX_STA                             0x20000072   Data           2  usart.o(.data)
    __stdout                                 0x20000074   Data           4  usart.o(.data)
    USART3_RX_STA                            0x20000078   Data           2  usart3.o(.data)
    count                                    0x2000007c   Data           4  usart3.o(.data)
    mallco_dev                               0x20000094   Data          20  malloc.o(.data)
    sys_cmd_tab                              0x200000a8   Data          28  usmart.o(.data)
    usmart_nametab                           0x200000c4   Data          80  usmart_config.o(.data)
    usmart_dev                               0x20000114   Data         244  usmart_config.o(.data)
    pxCurrentTCB                             0x20000208   Data           4  tasks.o(.data)
    uxTopUsedPriority                        0x20000238   Data           4  tasks.o(.data)
    file                                     0x20000268   Data           4  exfuns.o(.data)
    ftemp                                    0x2000026c   Data           4  exfuns.o(.data)
    fatbuf                                   0x20000270   Data           4  exfuns.o(.data)
    fs                                       0x20000274   Data           8  exfuns.o(.data)
    bw                                       0x2000027c   Data           4  exfuns.o(.data)
    FLASH_SECTOR_COUNT                       0x20000280   Data           2  diskio.o(.data)
    gifdecoding                              0x20000290   Data           1  gif.o(.data)
    f_jpeg                                   0x20000294   Data           4  tjpgd.o(.data)
    jpeg_dev                                 0x20000298   Data           4  tjpgd.o(.data)
    jpg_buffer                               0x2000029c   Data           4  tjpgd.o(.data)
    AS608Para                                0x200002a0   Data          12  main.o(.bss)
    USART2_RX_BUF                            0x200002ac   Data         400  usart2.o(.bss)
    USART2_TX_BUF                            0x2000043c   Data         400  usart2.o(.bss)
    lcd180dev                                0x200005cc   Data          14  lcd180.o(.bss)
    lcddev                                   0x200005da   Data          14  lcd.o(.bss)
    SDIO_InitStructure                       0x200005e8   Data          24  sdio_sdcard.o(.bss)
    SDIO_CmdInitStructure                    0x20000600   Data          20  sdio_sdcard.o(.bss)
    SDIO_DataInitStructure                   0x20000614   Data          24  sdio_sdcard.o(.bss)
    SDCardInfo                               0x20000650   Data          88  sdio_sdcard.o(.bss)
    SDIO_DATA_BUFFER                         0x200006a8   Data         512  sdio_sdcard.o(.bss)
    W25QXX_BUFFER                            0x200008a8   Data        4096  w25qxx.o(.bss)
    USART_RX_BUF                             0x200018a8   Data         200  usart.o(.bss)
    USART3_RX_BUF                            0x20001970   Data         200  usart3.o(.bss)
    USART3_TX_BUF                            0x20001a38   Data         400  usart3.o(.bss)
    membase                                  0x20001bc8   Data       35840  malloc.o(.bss)
    memmapbase                               0x2000a7c8   Data        2240  malloc.o(.bss)
    ftinfo                                   0x2000b088   Data          33  fontupd.o(.bss)
    fileinfo                                 0x2000f574   Data          32  exfuns.o(.bss)
    dir                                      0x2000f594   Data          36  exfuns.o(.bss)
    picinfo                                  0x2000f5b8   Data          40  piclib.o(.bss)
    pic_phy                                  0x2000f5e0   Data          20  piclib.o(.bss)
    __libspace_start                         0x2000f5f4   Data          96  libspace.o(.bss)
    __temporary_stack_top$libspace           0x2000f654   Data           0  libspace.o(.bss)



==============================================================================

Memory Map of the image

  Image Entry point : 0x08000131

  Load Region LR_IROM1 (Base: 0x08000000, Size: 0x0001626c, Max: 0x00080000, ABSOLUTE, COMPRESSED[0x00016088])

    Execution Region ER_IROM1 (Exec base: 0x08000000, Load base: 0x08000000, Size: 0x00015fcc, Max: 0x00080000, ABSOLUTE)

    Exec Addr    Load Addr    Size         Type   Attr      Idx    E Section Name        Object

    0x08000000   0x08000000   0x00000130   Data   RO         2205    RESET               startup_stm32f10x_hd.o
    0x08000130   0x08000130   0x00000008   Code   RO         6383  * !!!main             c_w.l(__main.o)
    0x08000138   0x08000138   0x00000034   Code   RO         6786    !!!scatter          c_w.l(__scatter.o)
    0x0800016c   0x0800016c   0x0000005a   Code   RO         6784    !!dczerorl2         c_w.l(__dczerorl2.o)
    0x080001c6   0x080001c6   0x00000002   PAD
    0x080001c8   0x080001c8   0x0000001c   Code   RO         6788    !!handler_zi        c_w.l(__scatter_zi.o)
    0x080001e4   0x080001e4   0x00000000   Code   RO         6364    .ARM.Collect$$_printf_percent$$00000000  c_w.l(_printf_percent.o)
    0x080001e4   0x080001e4   0x00000006   Code   RO         6362    .ARM.Collect$$_printf_percent$$00000009  c_w.l(_printf_d.o)
    0x080001ea   0x080001ea   0x00000006   Code   RO         6363    .ARM.Collect$$_printf_percent$$0000000A  c_w.l(_printf_u.o)
    0x080001f0   0x080001f0   0x00000006   Code   RO         6361    .ARM.Collect$$_printf_percent$$0000000C  c_w.l(_printf_x.o)
    0x080001f6   0x080001f6   0x00000006   Code   RO         6359    .ARM.Collect$$_printf_percent$$00000013  c_w.l(_printf_c.o)
    0x080001fc   0x080001fc   0x00000006   Code   RO         6360    .ARM.Collect$$_printf_percent$$00000014  c_w.l(_printf_s.o)
    0x08000202   0x08000202   0x00000004   Code   RO         6495    .ARM.Collect$$_printf_percent$$00000017  c_w.l(_printf_percent_end.o)
    0x08000206   0x08000206   0x00000002   Code   RO         6648    .ARM.Collect$$libinit$$00000000  c_w.l(libinit.o)
    0x08000208   0x08000208   0x00000000   Code   RO         6665    .ARM.Collect$$libinit$$00000002  c_w.l(libinit2.o)
    0x08000208   0x08000208   0x00000000   Code   RO         6667    .ARM.Collect$$libinit$$00000004  c_w.l(libinit2.o)
    0x08000208   0x08000208   0x00000000   Code   RO         6670    .ARM.Collect$$libinit$$0000000A  c_w.l(libinit2.o)
    0x08000208   0x08000208   0x00000000   Code   RO         6672    .ARM.Collect$$libinit$$0000000C  c_w.l(libinit2.o)
    0x08000208   0x08000208   0x00000000   Code   RO         6674    .ARM.Collect$$libinit$$0000000E  c_w.l(libinit2.o)
    0x08000208   0x08000208   0x00000000   Code   RO         6677    .ARM.Collect$$libinit$$00000011  c_w.l(libinit2.o)
    0x08000208   0x08000208   0x00000000   Code   RO         6679    .ARM.Collect$$libinit$$00000013  c_w.l(libinit2.o)
    0x08000208   0x08000208   0x00000000   Code   RO         6681    .ARM.Collect$$libinit$$00000015  c_w.l(libinit2.o)
    0x08000208   0x08000208   0x00000000   Code   RO         6683    .ARM.Collect$$libinit$$00000017  c_w.l(libinit2.o)
    0x08000208   0x08000208   0x00000000   Code   RO         6685    .ARM.Collect$$libinit$$00000019  c_w.l(libinit2.o)
    0x08000208   0x08000208   0x00000000   Code   RO         6687    .ARM.Collect$$libinit$$0000001B  c_w.l(libinit2.o)
    0x08000208   0x08000208   0x00000000   Code   RO         6689    .ARM.Collect$$libinit$$0000001D  c_w.l(libinit2.o)
    0x08000208   0x08000208   0x00000000   Code   RO         6691    .ARM.Collect$$libinit$$0000001F  c_w.l(libinit2.o)
    0x08000208   0x08000208   0x00000000   Code   RO         6693    .ARM.Collect$$libinit$$00000021  c_w.l(libinit2.o)
    0x08000208   0x08000208   0x00000000   Code   RO         6695    .ARM.Collect$$libinit$$00000023  c_w.l(libinit2.o)
    0x08000208   0x08000208   0x00000000   Code   RO         6697    .ARM.Collect$$libinit$$00000025  c_w.l(libinit2.o)
    0x08000208   0x08000208   0x00000000   Code   RO         6701    .ARM.Collect$$libinit$$0000002C  c_w.l(libinit2.o)
    0x08000208   0x08000208   0x00000000   Code   RO         6703    .ARM.Collect$$libinit$$0000002E  c_w.l(libinit2.o)
    0x08000208   0x08000208   0x00000000   Code   RO         6705    .ARM.Collect$$libinit$$00000030  c_w.l(libinit2.o)
    0x08000208   0x08000208   0x00000000   Code   RO         6707    .ARM.Collect$$libinit$$00000032  c_w.l(libinit2.o)
    0x08000208   0x08000208   0x00000002   Code   RO         6708    .ARM.Collect$$libinit$$00000033  c_w.l(libinit2.o)
    0x0800020a   0x0800020a   0x00000002   Code   RO         6736    .ARM.Collect$$libshutdown$$00000000  c_w.l(libshutdown.o)
    0x0800020c   0x0800020c   0x00000000   Code   RO         6750    .ARM.Collect$$libshutdown$$00000002  c_w.l(libshutdown2.o)
    0x0800020c   0x0800020c   0x00000000   Code   RO         6752    .ARM.Collect$$libshutdown$$00000004  c_w.l(libshutdown2.o)
    0x0800020c   0x0800020c   0x00000000   Code   RO         6755    .ARM.Collect$$libshutdown$$00000007  c_w.l(libshutdown2.o)
    0x0800020c   0x0800020c   0x00000000   Code   RO         6758    .ARM.Collect$$libshutdown$$0000000A  c_w.l(libshutdown2.o)
    0x0800020c   0x0800020c   0x00000000   Code   RO         6760    .ARM.Collect$$libshutdown$$0000000C  c_w.l(libshutdown2.o)
    0x0800020c   0x0800020c   0x00000000   Code   RO         6763    .ARM.Collect$$libshutdown$$0000000F  c_w.l(libshutdown2.o)
    0x0800020c   0x0800020c   0x00000002   Code   RO         6764    .ARM.Collect$$libshutdown$$00000010  c_w.l(libshutdown2.o)
    0x0800020e   0x0800020e   0x00000000   Code   RO         6457    .ARM.Collect$$rtentry$$00000000  c_w.l(__rtentry.o)
    0x0800020e   0x0800020e   0x00000000   Code   RO         6554    .ARM.Collect$$rtentry$$00000002  c_w.l(__rtentry2.o)
    0x0800020e   0x0800020e   0x00000006   Code   RO         6566    .ARM.Collect$$rtentry$$00000004  c_w.l(__rtentry4.o)
    0x08000214   0x08000214   0x00000000   Code   RO         6556    .ARM.Collect$$rtentry$$00000009  c_w.l(__rtentry2.o)
    0x08000214   0x08000214   0x00000004   Code   RO         6557    .ARM.Collect$$rtentry$$0000000A  c_w.l(__rtentry2.o)
    0x08000218   0x08000218   0x00000000   Code   RO         6559    .ARM.Collect$$rtentry$$0000000C  c_w.l(__rtentry2.o)
    0x08000218   0x08000218   0x00000008   Code   RO         6560    .ARM.Collect$$rtentry$$0000000D  c_w.l(__rtentry2.o)
    0x08000220   0x08000220   0x00000002   Code   RO         6655    .ARM.Collect$$rtexit$$00000000  c_w.l(rtexit.o)
    0x08000222   0x08000222   0x00000000   Code   RO         6710    .ARM.Collect$$rtexit$$00000002  c_w.l(rtexit2.o)
    0x08000222   0x08000222   0x00000004   Code   RO         6711    .ARM.Collect$$rtexit$$00000003  c_w.l(rtexit2.o)
    0x08000226   0x08000226   0x00000006   Code   RO         6712    .ARM.Collect$$rtexit$$00000004  c_w.l(rtexit2.o)
    0x0800022c   0x0800022c   0x00000096   Code   RO         5276    .emb_text           port.o
    0x080002c2   0x080002c2   0x00000002   PAD
    0x080002c4   0x080002c4   0x00000040   Code   RO         2206    .text               startup_stm32f10x_hd.o
    0x08000304   0x08000304   0x00000002   Code   RO         6296    .text               c_w.l(use_no_semi_2.o)
    0x08000306   0x08000306   0x00000048   Code   RO         6298    .text               c_w.l(llsdiv.o)
    0x0800034e   0x0800034e   0x00000002   PAD
    0x08000350   0x08000350   0x00000018   Code   RO         6302    .text               c_w.l(__2printf.o)
    0x08000368   0x08000368   0x0000002c   Code   RO         6304    .text               c_w.l(__2sprintf.o)
    0x08000394   0x08000394   0x0000004e   Code   RO         6312    .text               c_w.l(_printf_pad.o)
    0x080003e2   0x080003e2   0x00000052   Code   RO         6314    .text               c_w.l(_printf_str.o)
    0x08000434   0x08000434   0x00000078   Code   RO         6316    .text               c_w.l(_printf_dec.o)
    0x080004ac   0x080004ac   0x00000094   Code   RO         6336    .text               c_w.l(_printf_hex_int_ll_ptr.o)
    0x08000540   0x08000540   0x00000188   Code   RO         6356    .text               c_w.l(__printf_flags_ss_wp.o)
    0x080006c8   0x080006c8   0x00000024   Code   RO         6365    .text               c_w.l(strstr.o)
    0x080006ec   0x080006ec   0x00000048   Code   RO         6367    .text               c_w.l(strcpy.o)
    0x08000734   0x08000734   0x0000003e   Code   RO         6369    .text               c_w.l(strlen.o)
    0x08000772   0x08000772   0x0000008a   Code   RO         6373    .text               c_w.l(rt_memcpy_v6.o)
    0x080007fc   0x080007fc   0x00000044   Code   RO         6375    .text               c_w.l(rt_memclr.o)
    0x08000840   0x08000840   0x0000004e   Code   RO         6377    .text               c_w.l(rt_memclr_w.o)
    0x0800088e   0x0800088e   0x00000002   PAD
    0x08000890   0x08000890   0x00000080   Code   RO         6379    .text               c_w.l(strcmpv7m.o)
    0x08000910   0x08000910   0x00000006   Code   RO         6381    .text               c_w.l(heapauxi.o)
    0x08000916   0x08000916   0x00000002   Code   RO         6455    .text               c_w.l(use_no_semi.o)
    0x08000918   0x08000918   0x000000ee   Code   RO         6458    .text               c_w.l(lludivv7m.o)
    0x08000a06   0x08000a06   0x00000016   Code   RO         6460    .text               c_w.l(_rserrno.o)
    0x08000a1c   0x08000a1c   0x000000b2   Code   RO         6464    .text               c_w.l(_printf_intcommon.o)
    0x08000ace   0x08000ace   0x00000002   PAD
    0x08000ad0   0x08000ad0   0x00000030   Code   RO         6468    .text               c_w.l(_printf_char_common.o)
    0x08000b00   0x08000b00   0x0000000a   Code   RO         6470    .text               c_w.l(_sputc.o)
    0x08000b0a   0x08000b0a   0x0000002c   Code   RO         6472    .text               c_w.l(_printf_char.o)
    0x08000b36   0x08000b36   0x00000002   PAD
    0x08000b38   0x08000b38   0x00000024   Code   RO         6474    .text               c_w.l(_printf_char_file.o)
    0x08000b5c   0x08000b5c   0x00000064   Code   RO         6505    .text               c_w.l(rt_memcpy_w.o)
    0x08000bc0   0x08000bc0   0x00000008   Code   RO         6575    .text               c_w.l(rt_errno_addr_intlibspace.o)
    0x08000bc8   0x08000bc8   0x00000008   Code   RO         6585    .text               c_w.l(ferror.o)
    0x08000bd0   0x08000bd0   0x00000008   Code   RO         6597    .text               c_w.l(libspace.o)
    0x08000bd8   0x08000bd8   0x0000004a   Code   RO         6600    .text               c_w.l(sys_stackheap_outer.o)
    0x08000c22   0x08000c22   0x00000012   Code   RO         6641    .text               c_w.l(exit.o)
    0x08000c34   0x08000c34   0x00000014   Code   RO         3756    i.ADC_Cmd           stm32f10x_adc.o
    0x08000c48   0x08000c48   0x00000044   Code   RO         3758    i.ADC_DeInit        stm32f10x_adc.o
    0x08000c8c   0x08000c8c   0x0000000e   Code   RO         3764    i.ADC_GetCalibrationStatus  stm32f10x_adc.o
    0x08000c9a   0x08000c9a   0x00000006   Code   RO         3765    i.ADC_GetConversionValue  stm32f10x_adc.o
    0x08000ca0   0x08000ca0   0x0000000e   Code   RO         3767    i.ADC_GetFlagStatus  stm32f10x_adc.o
    0x08000cae   0x08000cae   0x0000000e   Code   RO         3770    i.ADC_GetResetCalibrationStatus  stm32f10x_adc.o
    0x08000cbc   0x08000cbc   0x00000048   Code   RO         3774    i.ADC_Init          stm32f10x_adc.o
    0x08000d04   0x08000d04   0x00000074   Code   RO         3778    i.ADC_RegularChannelConfig  stm32f10x_adc.o
    0x08000d78   0x08000d78   0x0000000a   Code   RO         3779    i.ADC_ResetCalibration  stm32f10x_adc.o
    0x08000d82   0x08000d82   0x00000014   Code   RO         3781    i.ADC_SoftwareStartConvCmd  stm32f10x_adc.o
    0x08000d96   0x08000d96   0x0000000a   Code   RO         3783    i.ADC_StartCalibration  stm32f10x_adc.o
    0x08000da0   0x08000da0   0x000000a0   Code   RO         1300    i.Adc_Init          adc.o
    0x08000e40   0x08000e40   0x000002c0   Code   RO            1    i.Add_FR            main.o
    0x08001100   0x08001100   0x00000038   Code   RO         1013    i.BEEP_Init         beep.o
    0x08001138   0x08001138   0x00000020   Code   RO            2    i.Beep_1            main.o
    0x08001158   0x08001158   0x00000098   Code   RO            5    i.BoardInit         main.o
    0x080011f0   0x080011f0   0x00000002   Code   RO          364    i.BusFault_Handler  stm32f10x_it.o
    0x080011f2   0x080011f2   0x0000002a   Code   RO         1740    i.CmdError          sdio_sdcard.o
    0x0800121c   0x0800121c   0x00000050   Code   RO         1741    i.CmdResp1Error     sdio_sdcard.o
    0x0800126c   0x0800126c   0x00000048   Code   RO         1742    i.CmdResp2Error     sdio_sdcard.o
    0x080012b4   0x080012b4   0x00000030   Code   RO         1743    i.CmdResp3Error     sdio_sdcard.o
    0x080012e4   0x080012e4   0x00000078   Code   RO         1744    i.CmdResp6Error     sdio_sdcard.o
    0x0800135c   0x0800135c   0x0000003c   Code   RO         1745    i.CmdResp7Error     sdio_sdcard.o
    0x08001398   0x08001398   0x00000064   Code   RO         1025    i.DHT11_Check       dht11.o
    0x080013fc   0x080013fc   0x00000040   Code   RO         1026    i.DHT11_Init        dht11.o
    0x0800143c   0x0800143c   0x0000004c   Code   RO         1027    i.DHT11_Read_Bit    dht11.o
    0x08001488   0x08001488   0x0000001a   Code   RO         1028    i.DHT11_Read_Byte   dht11.o
    0x080014a2   0x080014a2   0x00000050   Code   RO         1029    i.DHT11_Read_Data   dht11.o
    0x080014f2   0x080014f2   0x00000002   PAD
    0x080014f4   0x080014f4   0x0000003c   Code   RO         1030    i.DHT11_Rst         dht11.o
    0x08001530   0x08001530   0x00000016   Code   RO         3419    i.DMA_Cmd           stm32f10x_dma.o
    0x08001546   0x08001546   0x00000002   PAD
    0x08001548   0x08001548   0x000000e4   Code   RO         3420    i.DMA_DeInit        stm32f10x_dma.o
    0x0800162c   0x0800162c   0x0000003a   Code   RO         3425    i.DMA_Init          stm32f10x_dma.o
    0x08001666   0x08001666   0x00000002   Code   RO          365    i.DebugMon_Handler  stm32f10x_it.o
    0x08001668   0x08001668   0x00000158   Code   RO            6    i.Del_FR            main.o
    0x080017c0   0x080017c0   0x0000003c   Code   RO         1644    i.EXTI0_IRQHandler  exti.o
    0x080017fc   0x080017fc   0x00000038   Code   RO         1645    i.EXTI3_IRQHandler  exti.o
    0x08001834   0x08001834   0x00000038   Code   RO         1646    i.EXTI4_IRQHandler  exti.o
    0x0800186c   0x0800186c   0x00000042   Code   RO         1647    i.EXTI8_Init        exti.o
    0x080018ae   0x080018ae   0x00000002   PAD
    0x080018b0   0x080018b0   0x00000044   Code   RO         1648    i.EXTI9_5_IRQHandler  exti.o
    0x080018f4   0x080018f4   0x0000000c   Code   RO         3490    i.EXTI_ClearITPendingBit  stm32f10x_exti.o
    0x08001900   0x08001900   0x00000020   Code   RO         3494    i.EXTI_GetITStatus  stm32f10x_exti.o
    0x08001920   0x08001920   0x00000070   Code   RO         3495    i.EXTI_Init         stm32f10x_exti.o
    0x08001990   0x08001990   0x00000244   Code   RO          792    i.EnsureMessage     as608.o
    0x08001bd4   0x08001bd4   0x000001dc   Code   RO            7    i.FRMAIN_task       main.o
    0x08001db0   0x08001db0   0x00000030   Code   RO            8    i.FR_Fun_task       main.o
    0x08001de0   0x08001de0   0x00000020   Code   RO         3983    i.FSMC_NORSRAMCmd   stm32f10x_fsmc.o
    0x08001e00   0x08001e00   0x000000c8   Code   RO         3985    i.FSMC_NORSRAMInit  stm32f10x_fsmc.o
    0x08001ec8   0x08001ec8   0x00000070   Code   RO            9    i.Face              main.o
    0x08001f38   0x08001f38   0x0000000c   Code   RO           10    i.FaceDo_task       main.o
    0x08001f44   0x08001f44   0x00000138   Code   RO         1746    i.FindSCR           sdio_sdcard.o
    0x0800207c   0x0800207c   0x00000028   Code   RO         2213    i.GPIO_EXTILineConfig  stm32f10x_gpio.o
    0x080020a4   0x080020a4   0x000000a2   Code   RO         2216    i.GPIO_Init         stm32f10x_gpio.o
    0x08002146   0x08002146   0x00000002   PAD
    0x08002148   0x08002148   0x00000058   Code   RO         2218    i.GPIO_PinRemapConfig  stm32f10x_gpio.o
    0x080021a0   0x080021a0   0x0000000e   Code   RO         2220    i.GPIO_ReadInputDataBit  stm32f10x_gpio.o
    0x080021ae   0x080021ae   0x00000004   Code   RO         2223    i.GPIO_ResetBits    stm32f10x_gpio.o
    0x080021b2   0x080021b2   0x00000004   Code   RO         2224    i.GPIO_SetBits      stm32f10x_gpio.o
    0x080021b6   0x080021b6   0x00000002   PAD
    0x080021b8   0x080021b8   0x000000ec   Code   RO         1162    i.GUI_DrawFont16    gui.o
    0x080022a4   0x080022a4   0x000000f0   Code   RO         1163    i.GUI_DrawFont24    gui.o
    0x08002394   0x08002394   0x000000ec   Code   RO         1164    i.GUI_DrawFont32    gui.o
    0x08002480   0x08002480   0x00000034   Code   RO         1301    i.Get_Adc           adc.o
    0x080024b4   0x080024b4   0x0000002e   Code   RO         1302    i.Get_Adc_Average   adc.o
    0x080024e2   0x080024e2   0x00000002   PAD
    0x080024e4   0x080024e4   0x00000090   Code   RO         4389    i.Get_HzMat         text.o
    0x08002574   0x08002574   0x00000044   Code   RO         1167    i.Gui_StrCenter     gui.o
    0x080025b8   0x080025b8   0x00000002   Code   RO          366    i.HardFault_Handler  stm32f10x_it.o
    0x080025ba   0x080025ba   0x00000004   Code   RO         2077    i.INTX_DISABLE      sys.o
    0x080025be   0x080025be   0x00000004   Code   RO         2078    i.INTX_ENABLE       sys.o
    0x080025c2   0x080025c2   0x00000002   PAD
    0x080025c4   0x080025c4   0x00000084   Code   RO         1747    i.IsCardProgramming  sdio_sdcard.o
    0x08002648   0x08002648   0x00000070   Code   RO          793    i.JudgeStr          as608.o
    0x080026b8   0x080026b8   0x000000a0   Code   RO          461    i.KEY_Init          key.o
    0x08002758   0x08002758   0x00000128   Code   RO          462    i.KEY_Scan          key.o
    0x08002880   0x08002880   0x00000104   Code   RO           11    i.LCD180DHT11_task  main.o
    0x08002984   0x08002984   0x00000098   Code   RO           12    i.LCD180MQ2_task    main.o
    0x08002a1c   0x08002a1c   0x0000005c   Code   RO         1067    i.LCD180_Clear      lcd180.o
    0x08002a78   0x08002a78   0x00000018   Code   RO         1068    i.LCD180_DrawPoint  lcd180.o
    0x08002a90   0x08002a90   0x00000044   Code   RO         1069    i.LCD180_GPIOInit   lcd180.o
    0x08002ad4   0x08002ad4   0x00000240   Code   RO         1070    i.LCD180_Init       lcd180.o
    0x08002d14   0x08002d14   0x00000024   Code   RO         1071    i.LCD180_RESET      lcd180.o
    0x08002d38   0x08002d38   0x00000008   Code   RO         1072    i.LCD180_SetCursor  lcd180.o
    0x08002d40   0x08002d40   0x00000058   Code   RO         1073    i.LCD180_SetWindows  lcd180.o
    0x08002d98   0x08002d98   0x00000108   Code   RO         1172    i.LCD180_ShowChar   gui.o
    0x08002ea0   0x08002ea0   0x00000084   Code   RO         1173    i.LCD180_ShowNum    gui.o
    0x08002f24   0x08002f24   0x0000001c   Code   RO         1074    i.LCD180_WR_DATA    lcd180.o
    0x08002f40   0x08002f40   0x0000001c   Code   RO         1075    i.LCD180_WR_REG     lcd180.o
    0x08002f5c   0x08002f5c   0x00000028   Code   RO         1076    i.LCD180_WriteData_16Bit  lcd180.o
    0x08002f84   0x08002f84   0x0000000c   Code   RO         1077    i.LCD180_WriteRAM_Prepare  lcd180.o
    0x08002f90   0x08002f90   0x00000012   Code   RO         1078    i.LCD180_WriteReg   lcd180.o
    0x08002fa2   0x08002fa2   0x00000002   PAD
    0x08002fa4   0x08002fa4   0x0000004c   Code   RO         1079    i.LCD180_direction  lcd180.o
    0x08002ff0   0x08002ff0   0x00000012   Code   RO         1339    i.LCD_BGR2RGB       lcd.o
    0x08003002   0x08003002   0x00000002   PAD
    0x08003004   0x08003004   0x0000006c   Code   RO         1340    i.LCD_Clear         lcd.o
    0x08003070   0x08003070   0x00000134   Code   RO         1344    i.LCD_Display_Dir   lcd.o
    0x080031a4   0x080031a4   0x00000110   Code   RO         1349    i.LCD_Fast_DrawPoint  lcd.o
    0x080032b4   0x080032b4   0x0000008c   Code   RO         1350    i.LCD_Fill          lcd.o
    0x08003340   0x08003340   0x00002e28   Code   RO         1351    i.LCD_Init          lcd.o
    0x08006168   0x08006168   0x00000014   Code   RO         1353    i.LCD_RD_DATA       lcd.o
    0x0800617c   0x0800617c   0x0000010c   Code   RO         1354    i.LCD_ReadPoint     lcd.o
    0x08006288   0x08006288   0x00000018   Code   RO         1355    i.LCD_ReadReg       lcd.o
    0x080062a0   0x080062a0   0x0000003c   Code   RO         1356    i.LCD_SSD_BackLightSet  lcd.o
    0x080062dc   0x080062dc   0x000001a8   Code   RO         1357    i.LCD_Scan_Dir      lcd.o
    0x08006484   0x08006484   0x00000140   Code   RO         1358    i.LCD_SetCursor     lcd.o
    0x080065c4   0x080065c4   0x00000184   Code   RO         1359    i.LCD_Set_Window    lcd.o
    0x08006748   0x08006748   0x000000d4   Code   RO         1360    i.LCD_ShowChar      lcd.o
    0x0800681c   0x0800681c   0x00000054   Code   RO         1362    i.LCD_ShowString    lcd.o
    0x08006870   0x08006870   0x00000014   Code   RO         1367    i.LCD_WriteRAM_Prepare  lcd.o
    0x08006884   0x08006884   0x00000010   Code   RO         1368    i.LCD_WriteReg      lcd.o
    0x08006894   0x08006894   0x0000041c   Code   RO           13    i.LCD_task          main.o
    0x08006cb0   0x08006cb0   0x000000e4   Code   RO         1303    i.MQ2_GetPPM        adc.o
    0x08006d94   0x08006d94   0x00000014   Code   RO          794    i.MYUSART_SendData  as608.o
    0x08006da8   0x08006da8   0x00000002   Code   RO          367    i.MemManage_Handler  stm32f10x_it.o
    0x08006daa   0x08006daa   0x00000002   Code   RO          368    i.NMI_Handler       stm32f10x_it.o
    0x08006dac   0x08006dac   0x00000064   Code   RO         2704    i.NVIC_Init         misc.o
    0x08006e10   0x08006e10   0x00000014   Code   RO         2705    i.NVIC_PriorityGroupConfig  misc.o
    0x08006e24   0x08006e24   0x00000160   Code   RO         1540    i.OV7725_Init       ov7725.o
    0x08006f84   0x08006f84   0x00000146   Code   RO         1543    i.OV7725_Window_Set  ov7725.o
    0x080070ca   0x080070ca   0x0000005e   Code   RO          795    i.PS_DeletChar      as608.o
    0x08007128   0x08007128   0x0000003c   Code   RO          797    i.PS_GenChar        as608.o
    0x08007164   0x08007164   0x00000034   Code   RO          798    i.PS_GetImage       as608.o
    0x08007198   0x08007198   0x0000006c   Code   RO          799    i.PS_HandShake      as608.o
    0x08007204   0x08007204   0x00000084   Code   RO          800    i.PS_HighSpeedSearch  as608.o
    0x08007288   0x08007288   0x00000034   Code   RO          801    i.PS_Match          as608.o
    0x080072bc   0x080072bc   0x000000e4   Code   RO          803    i.PS_ReadSysPara    as608.o
    0x080073a0   0x080073a0   0x00000034   Code   RO          804    i.PS_RegModel       as608.o
    0x080073d4   0x080073d4   0x000000a4   Code   RO          806    i.PS_SetAddr        as608.o
    0x08007478   0x08007478   0x0000002c   Code   RO          807    i.PS_StaGPIO_Init   as608.o
    0x080074a4   0x080074a4   0x00000052   Code   RO          808    i.PS_StoreChar      as608.o
    0x080074f6   0x080074f6   0x00000002   PAD
    0x080074f8   0x080074f8   0x0000007c   Code   RO          809    i.PS_ValidTempleteNum  as608.o
    0x08007574   0x08007574   0x0000007c   Code   RO          811    i.PS_WriteReg       as608.o
    0x080075f0   0x080075f0   0x00000014   Code   RO         2324    i.RCC_ADCCLKConfig  stm32f10x_rcc.o
    0x08007604   0x08007604   0x00000018   Code   RO         2325    i.RCC_AHBPeriphClockCmd  stm32f10x_rcc.o
    0x0800761c   0x0800761c   0x00000018   Code   RO         2326    i.RCC_APB1PeriphClockCmd  stm32f10x_rcc.o
    0x08007634   0x08007634   0x00000018   Code   RO         2327    i.RCC_APB1PeriphResetCmd  stm32f10x_rcc.o
    0x0800764c   0x0800764c   0x00000018   Code   RO         2328    i.RCC_APB2PeriphClockCmd  stm32f10x_rcc.o
    0x08007664   0x08007664   0x00000018   Code   RO         2329    i.RCC_APB2PeriphResetCmd  stm32f10x_rcc.o
    0x0800767c   0x0800767c   0x00000090   Code   RO         2336    i.RCC_GetClocksFreq  stm32f10x_rcc.o
    0x0800770c   0x0800770c   0x0000006c   Code   RO         1591    i.SCCB_Init         sccb.o
    0x08007778   0x08007778   0x00000044   Code   RO         1592    i.SCCB_No_Ack       sccb.o
    0x080077bc   0x080077bc   0x00000074   Code   RO         1593    i.SCCB_RD_Byte      sccb.o
    0x08007830   0x08007830   0x0000004c   Code   RO         1594    i.SCCB_RD_Reg       sccb.o
    0x0800787c   0x0800787c   0x00000034   Code   RO         1595    i.SCCB_Start        sccb.o
    0x080078b0   0x080078b0   0x00000038   Code   RO         1596    i.SCCB_Stop         sccb.o
    0x080078e8   0x080078e8   0x00000090   Code   RO         1597    i.SCCB_WR_Byte      sccb.o
    0x08007978   0x08007978   0x0000003e   Code   RO         1598    i.SCCB_WR_Reg       sccb.o
    0x080079b6   0x080079b6   0x00000002   PAD
    0x080079b8   0x080079b8   0x0000008c   Code   RO         1748    i.SDEnWideBus       sdio_sdcard.o
    0x08007a44   0x08007a44   0x0000000c   Code   RO         4093    i.SDIO_ClearFlag    stm32f10x_sdio.o
    0x08007a50   0x08007a50   0x0000000c   Code   RO         4095    i.SDIO_ClockCmd     stm32f10x_sdio.o
    0x08007a5c   0x08007a5c   0x00000014   Code   RO         1749    i.SDIO_Clock_Set    sdio_sdcard.o
    0x08007a70   0x08007a70   0x0000000c   Code   RO         4098    i.SDIO_DMACmd       stm32f10x_sdio.o
    0x08007a7c   0x08007a7c   0x0000002c   Code   RO         4099    i.SDIO_DataConfig   stm32f10x_sdio.o
    0x08007aa8   0x08007aa8   0x00000024   Code   RO         4101    i.SDIO_DeInit       stm32f10x_sdio.o
    0x08007acc   0x08007acc   0x00000014   Code   RO         4105    i.SDIO_GetFlagStatus  stm32f10x_sdio.o
    0x08007ae0   0x08007ae0   0x00000010   Code   RO         4107    i.SDIO_GetPowerState  stm32f10x_sdio.o
    0x08007af0   0x08007af0   0x00000004   Code   RO         1750    i.SDIO_IRQHandler   sdio_sdcard.o
    0x08007af4   0x08007af4   0x0000002c   Code   RO         4110    i.SDIO_Init         stm32f10x_sdio.o
    0x08007b20   0x08007b20   0x0000000c   Code   RO         4111    i.SDIO_ReadData     stm32f10x_sdio.o
    0x08007b2c   0x08007b2c   0x00000028   Code   RO         4113    i.SDIO_SendCommand  stm32f10x_sdio.o
    0x08007b54   0x08007b54   0x00000018   Code   RO         4115    i.SDIO_SetPowerState  stm32f10x_sdio.o
    0x08007b6c   0x08007b6c   0x0000000c   Code   RO         4121    i.SDIO_WriteData    stm32f10x_sdio.o
    0x08007b78   0x08007b78   0x00000064   Code   RO         1751    i.SD_DMA_Config     sdio_sdcard.o
    0x08007bdc   0x08007bdc   0x0000004c   Code   RO         1752    i.SD_EnableWideBusOperation  sdio_sdcard.o
    0x08007c28   0x08007c28   0x00000210   Code   RO         1753    i.SD_GetCardInfo    sdio_sdcard.o
    0x08007e38   0x08007e38   0x000000e0   Code   RO         1755    i.SD_Init           sdio_sdcard.o
    0x08007f18   0x08007f18   0x00000114   Code   RO         1756    i.SD_InitializeCards  sdio_sdcard.o
    0x0800802c   0x0800802c   0x00000180   Code   RO         1758    i.SD_PowerON        sdio_sdcard.o
    0x080081ac   0x080081ac   0x000000e8   Code   RO         1759    i.SD_ProcessIRQSrc  sdio_sdcard.o
    0x08008294   0x08008294   0x000001f8   Code   RO         1760    i.SD_ReadBlock      sdio_sdcard.o
    0x0800848c   0x0800848c   0x00000078   Code   RO         1761    i.SD_ReadDisk       sdio_sdcard.o
    0x08008504   0x08008504   0x0000025c   Code   RO         1762    i.SD_ReadMultiBlocks  sdio_sdcard.o
    0x08008760   0x08008760   0x0000002c   Code   RO         1763    i.SD_SelectDeselect  sdio_sdcard.o
    0x0800878c   0x0800878c   0x00000018   Code   RO         1765    i.SD_SetDeviceMode  sdio_sdcard.o
    0x080087a4   0x080087a4   0x000002d4   Code   RO         1766    i.SD_WriteBlock     sdio_sdcard.o
    0x08008a78   0x08008a78   0x00000070   Code   RO         1767    i.SD_WriteDisk      sdio_sdcard.o
    0x08008ae8   0x08008ae8   0x000002ec   Code   RO         1768    i.SD_WriteMultiBlocks  sdio_sdcard.o
    0x08008dd4   0x08008dd4   0x00000094   Code   RO          483    i.SPI2_Init         spi.o
    0x08008e68   0x08008e68   0x00000050   Code   RO          484    i.SPI2_ReadWriteByte  spi.o
    0x08008eb8   0x08008eb8   0x0000001c   Code   RO          485    i.SPI2_SetSpeed     spi.o
    0x08008ed4   0x08008ed4   0x00000014   Code   RO         2745    i.SPI_Cmd           stm32f10x_spi.o
    0x08008ee8   0x08008ee8   0x0000000e   Code   RO         2753    i.SPI_I2S_GetFlagStatus  stm32f10x_spi.o
    0x08008ef6   0x08008ef6   0x00000004   Code   RO         2756    i.SPI_I2S_ReceiveData  stm32f10x_spi.o
    0x08008efa   0x08008efa   0x00000004   Code   RO         2757    i.SPI_I2S_SendData  stm32f10x_spi.o
    0x08008efe   0x08008efe   0x00000038   Code   RO         2758    i.SPI_Init          stm32f10x_spi.o
    0x08008f36   0x08008f36   0x00000002   PAD
    0x08008f38   0x08008f38   0x0000002c   Code   RO         1288    i.SPIv_WriteData    lcd180spi.o
    0x08008f64   0x08008f64   0x00000030   Code   RO          812    i.SendAddr          as608.o
    0x08008f94   0x08008f94   0x00000014   Code   RO          813    i.SendCheck         as608.o
    0x08008fa8   0x08008fa8   0x00000012   Code   RO          814    i.SendHead          as608.o
    0x08008fba   0x08008fba   0x00000016   Code   RO          815    i.SendLength        as608.o
    0x08008fd0   0x08008fd0   0x000000a8   Code   RO          432    i.SetSysClockTo72   system_stm32f10x.o
    0x08009078   0x08009078   0x0000001c   Code   RO           14    i.ShowErrMessage    main.o
    0x08009094   0x08009094   0x000000a0   Code   RO         4390    i.Show_Font         text.o
    0x08009134   0x08009134   0x00000092   Code   RO         4391    i.Show_Str          text.o
    0x080091c6   0x080091c6   0x00000002   PAD
    0x080091c8   0x080091c8   0x000000cc   Code   RO         1175    i.Show_Str1         gui.o
    0x08009294   0x08009294   0x00000018   Code   RO         2708    i.SysTick_CLKSourceConfig  misc.o
    0x080092ac   0x080092ac   0x00000014   Code   RO         2029    i.SysTick_Handler   delay.o
    0x080092c0   0x080092c0   0x00000050   Code   RO          434    i.SystemInit        system_stm32f10x.o
    0x08009310   0x08009310   0x0000006c   Code   RO         2884    i.TI1_Config        stm32f10x_tim.o
    0x0800937c   0x0800937c   0x0000007c   Code   RO         2885    i.TI2_Config        stm32f10x_tim.o
    0x080093f8   0x080093f8   0x0000002c   Code   RO         4419    i.TIM2_IRQHandler   usmart.o
    0x08009424   0x08009424   0x00000090   Code   RO          992    i.TIM3_PWM_Init     pwm.o
    0x080094b4   0x080094b4   0x00000038   Code   RO          942    i.TIM4_IRQHandler   timer.o
    0x080094ec   0x080094ec   0x00000060   Code   RO          943    i.TIM4_Int_Init     timer.o
    0x0800954c   0x0800954c   0x00000080   Code   RO         1692    i.TIM5_CH2_Cap_Init  tpad.o
    0x080095cc   0x080095cc   0x0000002c   Code   RO          944    i.TIM5_IRQHandler   timer.o
    0x080095f8   0x080095f8   0x00000060   Code   RO          945    i.TIM5_Int_Init     timer.o
    0x08009658   0x08009658   0x00000028   Code   RO          946    i.TIM6_IRQHandler   timer.o
    0x08009680   0x08009680   0x00000060   Code   RO          947    i.TIM6_Int_Init     timer.o
    0x080096e0   0x080096e0   0x00000006   Code   RO         2893    i.TIM_ClearITPendingBit  stm32f10x_tim.o
    0x080096e6   0x080096e6   0x00000014   Code   RO         2898    i.TIM_Cmd           stm32f10x_tim.o
    0x080096fa   0x080096fa   0x00000004   Code   RO         2914    i.TIM_GetCapture2   stm32f10x_tim.o
    0x080096fe   0x080096fe   0x00000004   Code   RO         2917    i.TIM_GetCounter    stm32f10x_tim.o
    0x08009702   0x08009702   0x0000000e   Code   RO         2918    i.TIM_GetFlagStatus  stm32f10x_tim.o
    0x08009710   0x08009710   0x00000018   Code   RO         2919    i.TIM_GetITStatus   stm32f10x_tim.o
    0x08009728   0x08009728   0x0000012c   Code   RO         2921    i.TIM_ICInit        stm32f10x_tim.o
    0x08009854   0x08009854   0x00000010   Code   RO         2923    i.TIM_ITConfig      stm32f10x_tim.o
    0x08009864   0x08009864   0x00000080   Code   RO         2932    i.TIM_OC2Init       stm32f10x_tim.o
    0x080098e4   0x080098e4   0x00000014   Code   RO         2935    i.TIM_OC2PreloadConfig  stm32f10x_tim.o
    0x080098f8   0x080098f8   0x00000004   Code   RO         2960    i.TIM_SetCompare2   stm32f10x_tim.o
    0x080098fc   0x080098fc   0x00000004   Code   RO         2963    i.TIM_SetCounter    stm32f10x_tim.o
    0x08009900   0x08009900   0x00000010   Code   RO         2964    i.TIM_SetIC1Prescaler  stm32f10x_tim.o
    0x08009910   0x08009910   0x00000018   Code   RO         2965    i.TIM_SetIC2Prescaler  stm32f10x_tim.o
    0x08009928   0x08009928   0x00000010   Code   RO         2966    i.TIM_SetIC3Prescaler  stm32f10x_tim.o
    0x08009938   0x08009938   0x00000018   Code   RO         2967    i.TIM_SetIC4Prescaler  stm32f10x_tim.o
    0x08009950   0x08009950   0x0000009c   Code   RO         2969    i.TIM_TimeBaseInit  stm32f10x_tim.o
    0x080099ec   0x080099ec   0x0000003c   Code   RO         1694    i.TPAD_Get_Val      tpad.o
    0x08009a28   0x08009a28   0x000000ac   Code   RO         1695    i.TPAD_Init         tpad.o
    0x08009ad4   0x08009ad4   0x00000060   Code   RO         1696    i.TPAD_Reset        tpad.o
    0x08009b34   0x08009b34   0x00000048   Code   RO         4420    i.Timer2_Init       usmart.o
    0x08009b7c   0x08009b7c   0x00000064   Code   RO         2105    i.USART1_IRQHandler  usart.o
    0x08009be0   0x08009be0   0x00000064   Code   RO          751    i.USART2_IRQHandler  usart2.o
    0x08009c44   0x08009c44   0x00000050   Code   RO         2156    i.USART3_IRQHandler  usart3.o
    0x08009c94   0x08009c94   0x00000014   Code   RO         2528    i.USART_Cmd         stm32f10x_usart.o
    0x08009ca8   0x08009ca8   0x00000074   Code   RO         2530    i.USART_DeInit      stm32f10x_usart.o
    0x08009d1c   0x08009d1c   0x0000003e   Code   RO         2532    i.USART_GetITStatus  stm32f10x_usart.o
    0x08009d5a   0x08009d5a   0x00000030   Code   RO         2534    i.USART_ITConfig    stm32f10x_usart.o
    0x08009d8a   0x08009d8a   0x00000002   PAD
    0x08009d8c   0x08009d8c   0x000000ac   Code   RO         2535    i.USART_Init        stm32f10x_usart.o
    0x08009e38   0x08009e38   0x00000008   Code   RO         2542    i.USART_ReceiveData  stm32f10x_usart.o
    0x08009e40   0x08009e40   0x00000002   Code   RO          369    i.UsageFault_Handler  stm32f10x_it.o
    0x08009e42   0x08009e42   0x00000002   PAD
    0x08009e44   0x08009e44   0x00000058   Code   RO         1930    i.W25QXX_Erase_Sector  w25qxx.o
    0x08009e9c   0x08009e9c   0x00000058   Code   RO         1931    i.W25QXX_Init       w25qxx.o
    0x08009ef4   0x08009ef4   0x00000050   Code   RO         1933    i.W25QXX_Read       w25qxx.o
    0x08009f44   0x08009f44   0x00000044   Code   RO         1934    i.W25QXX_ReadID     w25qxx.o
    0x08009f88   0x08009f88   0x00000024   Code   RO         1935    i.W25QXX_ReadSR     w25qxx.o
    0x08009fac   0x08009fac   0x0000000e   Code   RO         1937    i.W25QXX_Wait_Busy  w25qxx.o
    0x08009fba   0x08009fba   0x00000002   PAD
    0x08009fbc   0x08009fbc   0x0000009c   Code   RO         1938    i.W25QXX_Write      w25qxx.o
    0x0800a058   0x0800a058   0x00000020   Code   RO         1940    i.W25QXX_Write_Enable  w25qxx.o
    0x0800a078   0x0800a078   0x0000003e   Code   RO         1941    i.W25QXX_Write_NoCheck  w25qxx.o
    0x0800a0b6   0x0800a0b6   0x00000002   PAD
    0x0800a0b8   0x0800a0b8   0x00000058   Code   RO         1942    i.W25QXX_Write_Page  w25qxx.o
    0x0800a110   0x0800a110   0x00000028   Code   RO         6540    i.__ARM_fpclassify  m_ws.l(fpclassify.o)
    0x0800a138   0x0800a138   0x000000aa   Code   RO         6542    i.__kernel_poly     m_ws.l(poly.o)
    0x0800a1e2   0x0800a1e2   0x00000002   PAD
    0x0800a1e4   0x0800a1e4   0x00000010   Code   RO         6526    i.__mathlib_dbl_divzero  m_ws.l(dunder.o)
    0x0800a1f4   0x0800a1f4   0x00000004   Code   RO         6528    i.__mathlib_dbl_infnan2  m_ws.l(dunder.o)
    0x0800a1f8   0x0800a1f8   0x0000000c   Code   RO         6529    i.__mathlib_dbl_invalid  m_ws.l(dunder.o)
    0x0800a204   0x0800a204   0x0000000e   Code   RO         6530    i.__mathlib_dbl_overflow  m_ws.l(dunder.o)
    0x0800a212   0x0800a212   0x00000002   PAD
    0x0800a214   0x0800a214   0x00000010   Code   RO         6532    i.__mathlib_dbl_underflow  m_ws.l(dunder.o)
    0x0800a224   0x0800a224   0x0000000e   Code   RO         6349    i._is_digit         c_w.l(__printf_wp.o)
    0x0800a232   0x0800a232   0x00000002   Code   RO         2106    i._sys_exit         usart.o
    0x0800a234   0x0800a234   0x000000d0   Code   RO         6119    i.ai_draw_init      piclib.o
    0x0800a304   0x0800a304   0x00000088   Code   RO         6120    i.ai_load_picfile   piclib.o
    0x0800a38c   0x0800a38c   0x0000001c   Code   RO         6185    i.alloc_pool        tjpgd.o
    0x0800a3a8   0x0800a3a8   0x0000007a   Code   RO         6186    i.bitext            tjpgd.o
    0x0800a422   0x0800a422   0x00000002   PAD
    0x0800a424   0x0800a424   0x000001e8   Code   RO         6187    i.block_idct        tjpgd.o
    0x0800a60c   0x0800a60c   0x000001a4   Code   RO         5988    i.bmp_encode        bmp.o
    0x0800a7b0   0x0800a7b0   0x0000004c   Code   RO           15    i.camera_new_pathname  main.o
    0x0800a7fc   0x0800a7fc   0x00000104   Code   RO           16    i.camera_refresh    main.o
    0x0800a900   0x0800a900   0x0000000e   Code   RO         5408    i.char_upper        exfuns.o
    0x0800a90e   0x0800a90e   0x00000002   PAD
    0x0800a910   0x0800a910   0x0000005c   Code   RO         5671    i.check_fs          ff.o
    0x0800a96c   0x0800a96c   0x00000010   Code   RO         5672    i.chk_chr           ff.o
    0x0800a97c   0x0800a97c   0x00000024   Code   RO         5673    i.clmt_clust        ff.o
    0x0800a9a0   0x0800a9a0   0x00000018   Code   RO         5674    i.clust2sect        ff.o
    0x0800a9b8   0x0800a9b8   0x00000012   Code   RO         1769    i.convert_from_bytes_to_power_of_two  sdio_sdcard.o
    0x0800a9ca   0x0800a9ca   0x0000009e   Code   RO         5675    i.create_chain      ff.o
    0x0800aa68   0x0800aa68   0x000000cc   Code   RO         6188    i.create_huffman_tbl  tjpgd.o
    0x0800ab34   0x0800ab34   0x00000244   Code   RO         5676    i.create_name       ff.o
    0x0800ad78   0x0800ad78   0x00000048   Code   RO         2030    i.delay_init        delay.o
    0x0800adc0   0x0800adc0   0x00000038   Code   RO         2031    i.delay_ms          delay.o
    0x0800adf8   0x0800adf8   0x00000034   Code   RO         2032    i.delay_us          delay.o
    0x0800ae2c   0x0800ae2c   0x0000001a   Code   RO         2033    i.delay_xms         delay.o
    0x0800ae46   0x0800ae46   0x00000042   Code   RO         5677    i.dir_alloc         ff.o
    0x0800ae88   0x0800ae88   0x00000134   Code   RO         5678    i.dir_find          ff.o
    0x0800afbc   0x0800afbc   0x000000e6   Code   RO         5679    i.dir_next          ff.o
    0x0800b0a2   0x0800b0a2   0x00000002   PAD
    0x0800b0a4   0x0800b0a4   0x000000f8   Code   RO         5680    i.dir_read          ff.o
    0x0800b19c   0x0800b19c   0x00000170   Code   RO         5681    i.dir_register      ff.o
    0x0800b30c   0x0800b30c   0x0000007e   Code   RO         5683    i.dir_sdi           ff.o
    0x0800b38a   0x0800b38a   0x00000002   PAD
    0x0800b38c   0x0800b38c   0x00000028   Code   RO         5611    i.disk_initialize   diskio.o
    0x0800b3b4   0x0800b3b4   0x0000006c   Code   RO         5612    i.disk_ioctl        diskio.o
    0x0800b420   0x0800b420   0x0000004c   Code   RO         5613    i.disk_read         diskio.o
    0x0800b46c   0x0800b46c   0x00000004   Code   RO         5614    i.disk_status       diskio.o
    0x0800b470   0x0800b470   0x0000004c   Code   RO         5615    i.disk_write        diskio.o
    0x0800b4bc   0x0800b4bc   0x00000050   Code   RO           17    i.doSG90            main.o
    0x0800b50c   0x0800b50c   0x0000005c   Code   RO         5410    i.exfuns_init       exfuns.o
    0x0800b568   0x0800b568   0x0000001c   Code   RO         5685    i.f_close           ff.o
    0x0800b584   0x0800b584   0x00000216   Code   RO         5690    i.f_lseek           ff.o
    0x0800b79a   0x0800b79a   0x00000174   Code   RO         5691    i.f_mkdir           ff.o
    0x0800b90e   0x0800b90e   0x00000002   PAD
    0x0800b910   0x0800b910   0x0000004c   Code   RO         5693    i.f_mount           ff.o
    0x0800b95c   0x0800b95c   0x00000168   Code   RO         5694    i.f_open            ff.o
    0x0800bac4   0x0800bac4   0x00000080   Code   RO         5695    i.f_opendir         ff.o
    0x0800bb44   0x0800bb44   0x00000152   Code   RO         5699    i.f_read            ff.o
    0x0800bc96   0x0800bc96   0x00000074   Code   RO         5700    i.f_readdir         ff.o
    0x0800bd0a   0x0800bd0a   0x00000098   Code   RO         5704    i.f_sync            ff.o
    0x0800bda2   0x0800bda2   0x00000002   PAD
    0x0800bda4   0x0800bda4   0x00000090   Code   RO         5411    i.f_typetell        exfuns.o
    0x0800be34   0x0800be34   0x0000018e   Code   RO         5708    i.f_write           ff.o
    0x0800bfc2   0x0800bfc2   0x00000002   PAD
    0x0800bfc4   0x0800bfc4   0x00000070   Code   RO         5592    i.ff_convert        mycc936.o
    0x0800c034   0x0800c034   0x00000004   Code   RO         5616    i.ff_memalloc       diskio.o
    0x0800c038   0x0800c038   0x00000004   Code   RO         5617    i.ff_memfree        diskio.o
    0x0800c03c   0x0800c03c   0x00000024   Code   RO         5593    i.ff_wtoupper       mycc936.o
    0x0800c060   0x0800c060   0x00000238   Code   RO         5709    i.find_volume       ff.o
    0x0800c298   0x0800c298   0x00000066   Code   RO         5710    i.follow_path       ff.o
    0x0800c2fe   0x0800c2fe   0x00000002   PAD
    0x0800c300   0x0800c300   0x00000040   Code   RO         4347    i.font_init         fontupd.o
    0x0800c340   0x0800c340   0x00000018   Code   RO         2107    i.fputc             usart.o
    0x0800c358   0x0800c358   0x0000008c   Code   RO         5711    i.gen_numname       ff.o
    0x0800c3e4   0x0800c3e4   0x000000b6   Code   RO         5712    i.get_fat           ff.o
    0x0800c49a   0x0800c49a   0x00000004   Code   RO         5618    i.get_fattime       diskio.o
    0x0800c49e   0x0800c49e   0x000000c4   Code   RO         5713    i.get_fileinfo      ff.o
    0x0800c562   0x0800c562   0x0000003c   Code   RO         5714    i.get_ldnumber      ff.o
    0x0800c59e   0x0800c59e   0x0000004e   Code   RO         6012    i.gif_check_head    gif.o
    0x0800c5ec   0x0800c5ec   0x0000014c   Code   RO         6013    i.gif_clear2bkcolor  gif.o
    0x0800c738   0x0800c738   0x00000108   Code   RO         6014    i.gif_decode        gif.o
    0x0800c840   0x0800c840   0x000001d0   Code   RO         6015    i.gif_dispimage     gif.o
    0x0800ca10   0x0800ca10   0x0000011c   Code   RO         6016    i.gif_drawimage     gif.o
    0x0800cb2c   0x0800cb2c   0x0000003a   Code   RO         6017    i.gif_getdatablock  gif.o
    0x0800cb66   0x0800cb66   0x00000036   Code   RO         6018    i.gif_getinfo       gif.o
    0x0800cb9c   0x0800cb9c   0x0000023c   Code   RO         6019    i.gif_getnextbyte   gif.o
    0x0800cdd8   0x0800cdd8   0x00000128   Code   RO         6020    i.gif_getnextcode   gif.o
    0x0800cf00   0x0800cf00   0x00000018   Code   RO         6021    i.gif_getrgb565     gif.o
    0x0800cf18   0x0800cf18   0x0000008a   Code   RO         6022    i.gif_initlzw       gif.o
    0x0800cfa2   0x0800cfa2   0x0000003a   Code   RO         6024    i.gif_readcolortbl  gif.o
    0x0800cfdc   0x0800cfdc   0x00000082   Code   RO         6025    i.gif_readextension  gif.o
    0x0800d05e   0x0800d05e   0x00000002   PAD
    0x0800d060   0x0800d060   0x00000018   Code   RO         6026    i.gif_recovergctbl  gif.o
    0x0800d078   0x0800d078   0x00000018   Code   RO         6027    i.gif_savegctbl     gif.o
    0x0800d090   0x0800d090   0x000000a6   Code   RO         6189    i.huffext           tjpgd.o
    0x0800d136   0x0800d136   0x00000002   PAD
    0x0800d138   0x0800d138   0x00000024   Code   RO         6121    i.is_element_ok     piclib.o
    0x0800d15c   0x0800d15c   0x000000f4   Code   RO         6190    i.jd_decomp         tjpgd.o
    0x0800d250   0x0800d250   0x000002dc   Code   RO         6191    i.jd_prepare        tjpgd.o
    0x0800d52c   0x0800d52c   0x00000020   Code   RO         6192    i.jpeg_freeall      tjpgd.o
    0x0800d54c   0x0800d54c   0x00000024   Code   RO         6193    i.jpeg_in_func      tjpgd.o
    0x0800d570   0x0800d570   0x00000034   Code   RO         6194    i.jpeg_mallocall    tjpgd.o
    0x0800d5a4   0x0800d5a4   0x0000003c   Code   RO         6195    i.jpeg_out_func_fill  tjpgd.o
    0x0800d5e0   0x0800d5e0   0x000000a8   Code   RO         6196    i.jpeg_out_func_point  tjpgd.o
    0x0800d688   0x0800d688   0x000000c8   Code   RO         6197    i.jpg_decode        tjpgd.o
    0x0800d750   0x0800d750   0x00000012   Code   RO         5715    i.ld_clust          ff.o
    0x0800d762   0x0800d762   0x00000002   PAD
    0x0800d764   0x0800d764   0x0000007c   Code   RO           18    i.main              main.o
    0x0800d7e0   0x0800d7e0   0x00000170   Code   RO         6198    i.mcu_load          tjpgd.o
    0x0800d950   0x0800d950   0x00000314   Code   RO         6199    i.mcu_output        tjpgd.o
    0x0800dc64   0x0800dc64   0x00000012   Code   RO         5716    i.mem_cpy           ff.o
    0x0800dc76   0x0800dc76   0x00000002   PAD
    0x0800dc78   0x0800dc78   0x00000040   Code   RO         4278    i.mem_free          malloc.o
    0x0800dcb8   0x0800dcb8   0x00000028   Code   RO         4279    i.mem_init          malloc.o
    0x0800dce0   0x0800dce0   0x0000005c   Code   RO         4280    i.mem_malloc        malloc.o
    0x0800dd3c   0x0800dd3c   0x00000030   Code   RO         4281    i.mem_perused       malloc.o
    0x0800dd6c   0x0800dd6c   0x0000000e   Code   RO         5717    i.mem_set           ff.o
    0x0800dd7a   0x0800dd7a   0x00000002   PAD
    0x0800dd7c   0x0800dd7c   0x00000078   Code   RO         5465    i.mf_scan_files     fattester.o
    0x0800ddf4   0x0800ddf4   0x000002f4   Code   RO         5989    i.minibmp_decode    bmp.o
    0x0800e0e8   0x0800e0e8   0x0000002e   Code   RO         5718    i.move_window       ff.o
    0x0800e116   0x0800e116   0x00000002   PAD
    0x0800e118   0x0800e118   0x00000014   Code   RO         4282    i.myfree            malloc.o
    0x0800e12c   0x0800e12c   0x0000001c   Code   RO         4283    i.mymalloc          malloc.o
    0x0800e148   0x0800e148   0x0000000e   Code   RO         4285    i.mymemset          malloc.o
    0x0800e156   0x0800e156   0x00000010   Code   RO         1178    i.mypow             gui.o
    0x0800e166   0x0800e166   0x00000004   Code   RO         6122    i.pic_memalloc      piclib.o
    0x0800e16a   0x0800e16a   0x00000004   Code   RO         6123    i.pic_memfree       piclib.o
    0x0800e16e   0x0800e16e   0x00000002   PAD
    0x0800e170   0x0800e170   0x00000024   Code   RO         6124    i.piclib_alpha_blend  piclib.o
    0x0800e194   0x0800e194   0x000009d8   Code   RO         6446    i.pow               m_ws.l(pow.o)
    0x0800eb6c   0x0800eb6c   0x000000a0   Code   RO           19    i.press_FR          main.o
    0x0800ec0c   0x0800ec0c   0x0000002c   Code   RO           20    i.press_FR_task     main.o
    0x0800ec38   0x0800ec38   0x00000088   Code   RO         4975    i.prvAddCurrentTaskToDelayedList  tasks.o
    0x0800ecc0   0x0800ecc0   0x000000f0   Code   RO         4976    i.prvAddNewTaskToReadyList  tasks.o
    0x0800edb0   0x0800edb0   0x00000014   Code   RO         4977    i.prvDeleteTCB      tasks.o
    0x0800edc4   0x0800edc4   0x00000044   Code   RO         5347    i.prvHeapInit       heap_4.o
    0x0800ee08   0x0800ee08   0x00000060   Code   RO         4978    i.prvIdleTask       tasks.o
    0x0800ee68   0x0800ee68   0x00000070   Code   RO         4979    i.prvInitialiseNewTask  tasks.o
    0x0800eed8   0x0800eed8   0x0000004c   Code   RO         5348    i.prvInsertBlockIntoFreeList  heap_4.o
    0x0800ef24   0x0800ef24   0x0000001c   Code   RO         4980    i.prvResetNextTaskUnblockTime  tasks.o
    0x0800ef40   0x0800ef40   0x00000010   Code   RO         5277    i.prvTaskExitError  port.o
    0x0800ef50   0x0800ef50   0x000000fa   Code   RO         5719    i.put_fat           ff.o
    0x0800f04a   0x0800f04a   0x00000002   PAD
    0x0800f04c   0x0800f04c   0x000000ac   Code   RO         5350    i.pvPortMalloc      heap_4.o
    0x0800f0f8   0x0800f0f8   0x00000024   Code   RO         5278    i.pxPortInitialiseStack  port.o
    0x0800f11c   0x0800f11c   0x00000004   Code   RO         4421    i.read_addr         usmart.o
    0x0800f120   0x0800f120   0x00000062   Code   RO         5721    i.remove_chain      ff.o
    0x0800f182   0x0800f182   0x0000004c   Code   RO         6546    i.sqrt              m_ws.l(sqrt.o)
    0x0800f1ce   0x0800f1ce   0x00000010   Code   RO         5722    i.st_clust          ff.o
    0x0800f1de   0x0800f1de   0x00000002   PAD
    0x0800f1e0   0x0800f1e0   0x00000228   Code   RO           21    i.start_task        main.o
    0x0800f408   0x0800f408   0x00000208   Code   RO         5990    i.stdbmp_decode     bmp.o
    0x0800f610   0x0800f610   0x0000001a   Code   RO         5723    i.sum_sfn           ff.o
    0x0800f62a   0x0800f62a   0x000000b0   Code   RO         5724    i.sync_fs           ff.o
    0x0800f6da   0x0800f6da   0x00000050   Code   RO         5725    i.sync_window       ff.o
    0x0800f72a   0x0800f72a   0x00000002   PAD
    0x0800f72c   0x0800f72c   0x000000b8   Code   RO         2158    i.uart3_init        usart3.o
    0x0800f7e4   0x0800f7e4   0x000000a0   Code   RO         2108    i.uart_init         usart.o
    0x0800f884   0x0800f884   0x000000cc   Code   RO          753    i.usart2_init       usart2.o
    0x0800f950   0x0800f950   0x00000094   Code   RO         4422    i.usmart_cmd_rec    usmart.o
    0x0800f9e4   0x0800f9e4   0x00000264   Code   RO         4423    i.usmart_exe        usmart.o
    0x0800fc48   0x0800fc48   0x0000009e   Code   RO         4519    i.usmart_get_aparm  usmart_str.o
    0x0800fce6   0x0800fce6   0x0000002e   Code   RO         4520    i.usmart_get_cmdname  usmart_str.o
    0x0800fd14   0x0800fd14   0x00000170   Code   RO         4521    i.usmart_get_fname  usmart_str.o
    0x0800fe84   0x0800fe84   0x000000d4   Code   RO         4522    i.usmart_get_fparam  usmart_str.o
    0x0800ff58   0x0800ff58   0x00000024   Code   RO         4523    i.usmart_get_parmpos  usmart_str.o
    0x0800ff7c   0x0800ff7c   0x00000028   Code   RO         4424    i.usmart_get_runtime  usmart.o
    0x0800ffa4   0x0800ffa4   0x00000028   Code   RO         4425    i.usmart_init       usmart.o
    0x0800ffcc   0x0800ffcc   0x00000010   Code   RO         4524    i.usmart_pow        usmart_str.o
    0x0800ffdc   0x0800ffdc   0x00000024   Code   RO         4426    i.usmart_reset_runtime  usmart.o
    0x08010000   0x08010000   0x000000a4   Code   RO         4427    i.usmart_scan       usmart.o
    0x080100a4   0x080100a4   0x00000010   Code   RO         4525    i.usmart_search_nextc  usmart_str.o
    0x080100b4   0x080100b4   0x000000a6   Code   RO         4526    i.usmart_str2num    usmart_str.o
    0x0801015a   0x0801015a   0x00000018   Code   RO         4527    i.usmart_strcmp     usmart_str.o
    0x08010172   0x08010172   0x00000012   Code   RO         4528    i.usmart_strcopy    usmart_str.o
    0x08010184   0x08010184   0x00000012   Code   RO         4529    i.usmart_strlen     usmart_str.o
    0x08010196   0x08010196   0x00000002   PAD
    0x08010198   0x08010198   0x00000670   Code   RO         4428    i.usmart_sys_cmd_exe  usmart.o
    0x08010808   0x08010808   0x00000026   Code   RO         4675    i.uxListRemove      list.o
    0x0801082e   0x0801082e   0x00000016   Code   RO         4676    i.vListInitialise   list.o
    0x08010844   0x08010844   0x00000006   Code   RO         4677    i.vListInitialiseItem  list.o
    0x0801084a   0x0801084a   0x00000030   Code   RO         4678    i.vListInsert       list.o
    0x0801087a   0x0801087a   0x00000018   Code   RO         4679    i.vListInsertEnd    list.o
    0x08010892   0x08010892   0x00000002   PAD
    0x08010894   0x08010894   0x0000001c   Code   RO         5280    i.vPortEnterCritical  port.o
    0x080108b0   0x080108b0   0x00000014   Code   RO         5281    i.vPortExitCritical  port.o
    0x080108c4   0x080108c4   0x00000044   Code   RO         5351    i.vPortFree         heap_4.o
    0x08010908   0x08010908   0x00000018   Code   RO         5282    i.vPortSetupTimerInterrupt  port.o
    0x08010920   0x08010920   0x00000030   Code   RO         4988    i.vTaskDelay        tasks.o
    0x08010950   0x08010950   0x0000009c   Code   RO         4989    i.vTaskDelete       tasks.o
    0x080109ec   0x080109ec   0x00000050   Code   RO         5000    i.vTaskStartScheduler  tasks.o
    0x08010a3c   0x08010a3c   0x00000010   Code   RO         5002    i.vTaskSuspendAll   tasks.o
    0x08010a4c   0x08010a4c   0x00000044   Code   RO         5003    i.vTaskSwitchContext  tasks.o
    0x08010a90   0x08010a90   0x00000026   Code   RO         5726    i.validate          ff.o
    0x08010ab6   0x08010ab6   0x00000004   Code   RO         4429    i.write_addr        usmart.o
    0x08010aba   0x08010aba   0x00000002   PAD
    0x08010abc   0x08010abc   0x00000030   Code   RO         5283    i.xPortStartScheduler  port.o
    0x08010aec   0x08010aec   0x0000002c   Code   RO         5284    i.xPortSysTickHandler  port.o
    0x08010b18   0x08010b18   0x0000005c   Code   RO         5006    i.xTaskCreate       tasks.o
    0x08010b74   0x08010b74   0x000000f4   Code   RO         5008    i.xTaskGenericNotify  tasks.o
    0x08010c68   0x08010c68   0x000000a4   Code   RO         5011    i.xTaskGenericNotifyWait  tasks.o
    0x08010d0c   0x08010d0c   0x0000001c   Code   RO         5013    i.xTaskGetSchedulerState  tasks.o
    0x08010d28   0x08010d28   0x00000124   Code   RO         5016    i.xTaskIncrementTick  tasks.o
    0x08010e4c   0x08010e4c   0x00000118   Code   RO         5018    i.xTaskResumeAll    tasks.o
    0x08010f64   0x08010f64   0x00000062   Code   RO         6385    x$fpl$d2f           fz_ws.l(d2f.o)
    0x08010fc6   0x08010fc6   0x00000002   PAD
    0x08010fc8   0x08010fc8   0x00000150   Code   RO         6387    x$fpl$dadd          fz_ws.l(daddsub_clz.o)
    0x08011118   0x08011118   0x00000010   Code   RO         6507    x$fpl$dcheck1       fz_ws.l(dcheck1.o)
    0x08011128   0x08011128   0x00000018   Code   RO         6649    x$fpl$dcmpinf       fz_ws.l(dcmpi.o)
    0x08011140   0x08011140   0x000002b0   Code   RO         6394    x$fpl$ddiv          fz_ws.l(ddiv.o)
    0x080113f0   0x080113f0   0x0000005e   Code   RO         6397    x$fpl$dfix          fz_ws.l(dfix.o)
    0x0801144e   0x0801144e   0x00000002   PAD
    0x08011450   0x08011450   0x0000005a   Code   RO         6401    x$fpl$dfixu         fz_ws.l(dfixu.o)
    0x080114aa   0x080114aa   0x0000002e   Code   RO         6406    x$fpl$dflt          fz_ws.l(dflt_clz.o)
    0x080114d8   0x080114d8   0x00000026   Code   RO         6405    x$fpl$dfltu         fz_ws.l(dflt_clz.o)
    0x080114fe   0x080114fe   0x00000002   PAD
    0x08011500   0x08011500   0x00000078   Code   RO         6591    x$fpl$dleqf         fz_ws.l(dleqf.o)
    0x08011578   0x08011578   0x00000154   Code   RO         6411    x$fpl$dmul          fz_ws.l(dmul.o)
    0x080116cc   0x080116cc   0x0000009c   Code   RO         6509    x$fpl$dnaninf       fz_ws.l(dnaninf.o)
    0x08011768   0x08011768   0x0000000c   Code   RO         6511    x$fpl$dretinf       fz_ws.l(dretinf.o)
    0x08011774   0x08011774   0x0000006c   Code   RO         6513    x$fpl$drleqf        fz_ws.l(drleqf.o)
    0x080117e0   0x080117e0   0x00000016   Code   RO         6388    x$fpl$drsb          fz_ws.l(daddsub_clz.o)
    0x080117f6   0x080117f6   0x00000002   PAD
    0x080117f8   0x080117f8   0x000001cc   Code   RO         6593    x$fpl$dsqrt         fz_ws.l(dsqrt_noumaal.o)
    0x080119c4   0x080119c4   0x000001d4   Code   RO         6389    x$fpl$dsub          fz_ws.l(daddsub_clz.o)
    0x08011b98   0x08011b98   0x00000056   Code   RO         6413    x$fpl$f2d           fz_ws.l(f2d.o)
    0x08011bee   0x08011bee   0x00000002   PAD
    0x08011bf0   0x08011bf0   0x000000c4   Code   RO         6415    x$fpl$fadd          fz_ws.l(faddsub_clz.o)
    0x08011cb4   0x08011cb4   0x0000000c   Code   RO         6515    x$fpl$fcheck1       fz_ws.l(fcheck1.o)
    0x08011cc0   0x08011cc0   0x00000018   Code   RO         6517    x$fpl$fcmpinf       fz_ws.l(fcmpi.o)
    0x08011cd8   0x08011cd8   0x00000184   Code   RO         6422    x$fpl$fdiv          fz_ws.l(fdiv.o)
    0x08011e5c   0x08011e5c   0x0000003e   Code   RO         6427    x$fpl$ffixu         fz_ws.l(ffixu.o)
    0x08011e9a   0x08011e9a   0x00000002   PAD
    0x08011e9c   0x08011e9c   0x00000030   Code   RO         6432    x$fpl$fflt          fz_ws.l(fflt_clz.o)
    0x08011ecc   0x08011ecc   0x00000026   Code   RO         6431    x$fpl$ffltu         fz_ws.l(fflt_clz.o)
    0x08011ef2   0x08011ef2   0x00000002   PAD
    0x08011ef4   0x08011ef4   0x00000068   Code   RO         6437    x$fpl$fleqf         fz_ws.l(fleqf.o)
    0x08011f5c   0x08011f5c   0x00000102   Code   RO         6439    x$fpl$fmul          fz_ws.l(fmul.o)
    0x0801205e   0x0801205e   0x0000008c   Code   RO         6519    x$fpl$fnaninf       fz_ws.l(fnaninf.o)
    0x080120ea   0x080120ea   0x0000000a   Code   RO         6521    x$fpl$fretinf       fz_ws.l(fretinf.o)
    0x080120f4   0x080120f4   0x000000ea   Code   RO         6417    x$fpl$fsub          fz_ws.l(faddsub_clz.o)
    0x080121de   0x080121de   0x00000064   Code   RO         6595    x$fpl$retnan        fz_ws.l(retnan.o)
    0x08012242   0x08012242   0x0000005c   Code   RO         6441    x$fpl$scalbn        fz_ws.l(scalbn.o)
    0x0801229e   0x0801229e   0x0000004c   Code   RO         6443    x$fpl$scalbnf       fz_ws.l(scalbnf.o)
    0x080122ea   0x080122ea   0x00000030   Code   RO         6653    x$fpl$trapveneer    fz_ws.l(trapv.o)
    0x0801231a   0x0801231a   0x00000000   Code   RO         6525    x$fpl$usenofp       fz_ws.l(usenofp.o)
    0x0801231a   0x0801231a   0x000016ae   Data   RO         1179    .constdata          gui.o
    0x080139c8   0x080139c8   0x000017c0   Data   RO         1371    .constdata          lcd.o
    0x08015188   0x08015188   0x00000082   Data   RO         1544    .constdata          ov7725.o
    0x0801520a   0x0801520a   0x00000002   PAD
    0x0801520c   0x0801520c   0x00000138   Data   RO         5414    .constdata          exfuns.o
    0x08015344   0x08015344   0x000003c0   Data   RO         5594    .constdata          mycc936.o
    0x08015704   0x08015704   0x0000003a   Data   RO         5727    .constdata          ff.o
    0x0801573e   0x0801573e   0x00000028   Data   RO         6028    .constdata          gif.o
    0x08015766   0x08015766   0x000004c0   Data   RO         6200    .constdata          tjpgd.o
    0x08015c26   0x08015c26   0x00000028   Data   RO         6337    .constdata          c_w.l(_printf_hex_int_ll_ptr.o)
    0x08015c4e   0x08015c4e   0x00000011   Data   RO         6357    .constdata          c_w.l(__printf_flags_ss_wp.o)
    0x08015c5f   0x08015c5f   0x00000001   PAD
    0x08015c60   0x08015c60   0x00000088   Data   RO         6447    .constdata          m_ws.l(pow.o)
    0x08015ce8   0x08015ce8   0x00000008   Data   RO         6544    .constdata          m_ws.l(qnan.o)
    0x08015cf0   0x08015cf0   0x00000028   Data   RO         4430    .conststring        usmart.o
    0x08015d18   0x08015d18   0x0000022f   Data   RO         4495    .conststring        usmart_config.o
    0x08015f47   0x08015f47   0x00000001   PAD
    0x08015f48   0x08015f48   0x00000064   Data   RO         5415    .conststring        exfuns.o
    0x08015fac   0x08015fac   0x00000020   Data   RO         6782    Region$$Table       anon$$obj.o


    Execution Region RW_IRAM1 (Exec base: 0x20000000, Load base: 0x08015fcc, Size: 0x0000fc58, Max: 0x00010000, ABSOLUTE, COMPRESSED[0x000000bc])

    Exec Addr    Load Addr    Size         Type   Attr      Idx    E Section Name        Object

    0x20000000   COMPRESSED   0x00000024   Data   RW           27    .data               main.o
    0x20000024   COMPRESSED   0x00000014   Data   RW          435    .data               system_stm32f10x.o
    0x20000038   COMPRESSED   0x00000001   Data   RW          463    .data               key.o
    0x20000039   COMPRESSED   0x00000001   PAD
    0x2000003a   COMPRESSED   0x00000002   Data   RW          755    .data               usart2.o
    0x2000003c   COMPRESSED   0x00000004   Data   RW          816    .data               as608.o
    0x20000040   COMPRESSED   0x00000004   Data   RW          948    .data               timer.o
    0x20000044   COMPRESSED   0x00000002   Data   RW         1081    .data               lcd180.o
    0x20000046   COMPRESSED   0x00000002   Data   RW         1082    .data               lcd180.o
    0x20000048   COMPRESSED   0x00000008   Data   RW         1305    .data               adc.o
    0x20000050   COMPRESSED   0x00000004   Data   RW         1372    .data               lcd.o
    0x20000054   COMPRESSED   0x00000001   Data   RW         1650    .data               exti.o
    0x20000055   COMPRESSED   0x00000001   PAD
    0x20000056   COMPRESSED   0x00000004   Data   RW         1698    .data               tpad.o
    0x2000005a   COMPRESSED   0x00000002   PAD
    0x2000005c   COMPRESSED   0x00000010   Data   RW         1771    .data               sdio_sdcard.o
    0x2000006c   COMPRESSED   0x00000002   Data   RW         1945    .data               w25qxx.o
    0x2000006e   COMPRESSED   0x00000004   Data   RW         2034    .data               delay.o
    0x20000072   COMPRESSED   0x00000002   Data   RW         2110    .data               usart.o
    0x20000074   COMPRESSED   0x00000004   Data   RW         2111    .data               usart.o
    0x20000078   COMPRESSED   0x00000008   Data   RW         2160    .data               usart3.o
    0x20000080   COMPRESSED   0x00000014   Data   RW         2356    .data               stm32f10x_rcc.o
    0x20000094   COMPRESSED   0x00000014   Data   RW         4292    .data               malloc.o
    0x200000a8   COMPRESSED   0x0000001c   Data   RW         4431    .data               usmart.o
    0x200000c4   COMPRESSED   0x00000050   Data   RW         4496    .data               usmart_config.o
    0x20000114   COMPRESSED   0x000000f4   Data   RW         4497    .data               usmart_config.o
    0x20000208   COMPRESSED   0x00000040   Data   RW         5021    .data               tasks.o
    0x20000248   COMPRESSED   0x00000004   Data   RW         5285    .data               port.o
    0x2000024c   COMPRESSED   0x0000001c   Data   RW         5357    .data               heap_4.o
    0x20000268   COMPRESSED   0x00000014   Data   RW         5416    .data               exfuns.o
    0x2000027c   COMPRESSED   0x00000004   Data   RW         5418    .data               exfuns.o
    0x20000280   COMPRESSED   0x00000002   Data   RW         5619    .data               diskio.o
    0x20000282   COMPRESSED   0x00000002   PAD
    0x20000284   COMPRESSED   0x0000000c   Data   RW         5728    .data               ff.o
    0x20000290   COMPRESSED   0x00000001   Data   RW         6029    .data               gif.o
    0x20000291   COMPRESSED   0x00000003   PAD
    0x20000294   COMPRESSED   0x0000000c   Data   RW         6201    .data               tjpgd.o
    0x200002a0        -       0x0000000c   Zero   RW           22    .bss                main.o
    0x200002ac        -       0x00000320   Zero   RW          754    .bss                usart2.o
    0x200005cc        -       0x0000000e   Zero   RW         1080    .bss                lcd180.o
    0x200005da        -       0x0000000e   Zero   RW         1370    .bss                lcd.o
    0x200005e8        -       0x000002c0   Zero   RW         1770    .bss                sdio_sdcard.o
    0x200008a8        -       0x00001000   Zero   RW         1944    .bss                w25qxx.o
    0x200018a8        -       0x000000c8   Zero   RW         2109    .bss                usart.o
    0x20001970        -       0x00000258   Zero   RW         2159    .bss                usart3.o
    0x20001bc8        -       0x00008c00   Zero   RW         4287    .bss                malloc.o
    0x2000a7c8        -       0x000008c0   Zero   RW         4288    .bss                malloc.o
    0x2000b088        -       0x00000021   Zero   RW         4351    .bss                fontupd.o
    0x2000b0a9   COMPRESSED   0x00000003   PAD
    0x2000b0ac        -       0x000000c8   Zero   RW         5020    .bss                tasks.o
    0x2000b174        -       0x00004400   Zero   RW         5356    .bss                heap_4.o
    0x2000f574        -       0x00000020   Zero   RW         5412    .bss                exfuns.o
    0x2000f594        -       0x00000024   Zero   RW         5413    .bss                exfuns.o
    0x2000f5b8        -       0x0000003c   Zero   RW         6128    .bss                piclib.o
    0x2000f5f4        -       0x00000060   Zero   RW         6598    .bss                c_w.l(libspace.o)
    0x2000f654   COMPRESSED   0x00000004   PAD
    0x2000f658        -       0x00000200   Zero   RW         2204    HEAP                startup_stm32f10x_hd.o
    0x2000f858        -       0x00000400   Zero   RW         2203    STACK               startup_stm32f10x_hd.o


==============================================================================

Image component sizes


      Code (inc. data)   RO Data    RW Data    ZI Data      Debug   Object Name

       486         64          0          8          0       3247   adc.o
      2136        686          0          4          0      15554   as608.o
        56          6          0          0          0        536   beep.o
      1696         28          0          0          0       6882   bmp.o
       226         20          0          4          0       3101   delay.o
       406         30          0          0          0       4084   dht11.o
       316         12          0          2          0       6628   diskio.o
         0          0          0          0          0       1068   event_groups.o
       250         12        412         24         68       3068   exfuns.o
       306         44          0          1          0       3008   exti.o
       120         24          0          0          0       1340   fattester.o
      6782         66         58         12          0      41339   ff.o
        64          6          0          0         33       4793   fontupd.o
      2800         28         40          1          0      15293   gif.o
      1396         78       5806          0          0       9520   gui.o
       384         22          0         28      17408       4863   heap_4.o
       456         44          0          1          0       1486   key.o
     14498        178       6080          4         14      56041   lcd.o
      1094         60          0          4         14      11597   lcd180.o
        44          4          0          0          0        641   lcd180spi.o
       138          0          0          0          0       3386   list.o
      4668       1682          0         36         12     329828   main.o
       306         32          0         20      38080       5905   malloc.o
       144         16          0          0          0       2169   misc.o
       148         12        960          0          0       1979   mycc936.o
       678         54        130          0          0       4504   ov7725.o
       424         18          0          0         60       5673   piclib.o
       366         44          0          4          0       9440   port.o
       144         14          0          0          0        776   pwm.o
       682         64          0          0          0       5223   sccb.o
      5748        262          0         16        704      34526   sdio_sdcard.o
       256         18          0          0          0       1857   spi.o
        64         26        304          0       1536        832   startup_stm32f10x_hd.o
       364         22          0          0          0       9046   stm32f10x_adc.o
       308         10          0          0          0       3714   stm32f10x_dma.o
       156         14          0          0          0       2308   stm32f10x_exti.o
       232          6          0          0          0       1985   stm32f10x_fsmc.o
       312         12          0          0          0       5224   stm32f10x_gpio.o
        12          0          0          0          0       2665   stm32f10x_it.o
       284         52          0         20          0       7075   stm32f10x_rcc.o
       284         66          0          0          0       8494   stm32f10x_sdio.o
        98          0          0          0          0       4050   stm32f10x_spi.o
      1012        112          0          0          0      13925   stm32f10x_tim.o
       426         26          0          0          0       5937   stm32f10x_usart.o
         8          0          0          0          0        929   sys.o
       248         24          0         20          0       1857   system_stm32f10x.o
      2100        142          0         64        200      29621   tasks.o
       450         16          0          0          0       3511   text.o
       428         44          0          4          0       3963   timer.o
      3688        104       1216         12          0      22181   tjpgd.o
       456         50          0          4          0       3691   tpad.o
       286         26          0          6        200       4360   usart.o
       304         38          0          2        800       2274   usart2.o
       264         22          0          8        600       2199   usart3.o
      2812       1322         40         28          0       7930   usmart.o
         0          0        559        324          0       1716   usmart_config.o
      1078         20          0          0          0       9215   usmart_str.o
       712         56          0          2       4096       7339   w25qxx.o

    ----------------------------------------------------------------------
     63682       5838      15640        672      63828     765396   Object Totals
         0          0         32          0          0          0   (incl. Generated)
        78          0          3          9          3          0   (incl. Padding)

    ----------------------------------------------------------------------

      Code (inc. data)   RO Data    RW Data    ZI Data      Debug   Library Member Name

        24          4          0          0          0         84   __2printf.o
        44          6          0          0          0         84   __2sprintf.o
        90          0          0          0          0          0   __dczerorl2.o
         8          0          0          0          0         68   __main.o
       392          4         17          0          0         92   __printf_flags_ss_wp.o
        14          0          0          0          0         68   __printf_wp.o
         0          0          0          0          0          0   __rtentry.o
        12          0          0          0          0          0   __rtentry2.o
         6          0          0          0          0          0   __rtentry4.o
        52          8          0          0          0          0   __scatter.o
        28          0          0          0          0          0   __scatter_zi.o
         6          0          0          0          0          0   _printf_c.o
        44          0          0          0          0        108   _printf_char.o
        48          6          0          0          0         96   _printf_char_common.o
        36          4          0          0          0         80   _printf_char_file.o
         6          0          0          0          0          0   _printf_d.o
       120         16          0          0          0         92   _printf_dec.o
       148          4         40          0          0        160   _printf_hex_int_ll_ptr.o
       178          0          0          0          0         88   _printf_intcommon.o
        78          0          0          0          0        108   _printf_pad.o
         0          0          0          0          0          0   _printf_percent.o
         4          0          0          0          0          0   _printf_percent_end.o
         6          0          0          0          0          0   _printf_s.o
        82          0          0          0          0         80   _printf_str.o
         6          0          0          0          0          0   _printf_u.o
         6          0          0          0          0          0   _printf_x.o
        22          0          0          0          0        100   _rserrno.o
        10          0          0          0          0         68   _sputc.o
        18          0          0          0          0         80   exit.o
         8          0          0          0          0         68   ferror.o
         6          0          0          0          0        152   heapauxi.o
         2          0          0          0          0          0   libinit.o
         2          0          0          0          0          0   libinit2.o
         2          0          0          0          0          0   libshutdown.o
         2          0          0          0          0          0   libshutdown2.o
         8          4          0          0         96         68   libspace.o
        72          0          0          0          0         76   llsdiv.o
       238          0          0          0          0        100   lludivv7m.o
         8          4          0          0          0         68   rt_errno_addr_intlibspace.o
        68          0          0          0          0         68   rt_memclr.o
        78          0          0          0          0         80   rt_memclr_w.o
       138          0          0          0          0         68   rt_memcpy_v6.o
       100          0          0          0          0         80   rt_memcpy_w.o
         2          0          0          0          0          0   rtexit.o
        10          0          0          0          0          0   rtexit2.o
       128          0          0          0          0         68   strcmpv7m.o
        72          0          0          0          0         80   strcpy.o
        62          0          0          0          0         76   strlen.o
        36          0          0          0          0         80   strstr.o
        74          0          0          0          0         80   sys_stackheap_outer.o
         2          0          0          0          0         68   use_no_semi.o
         2          0          0          0          0         68   use_no_semi_2.o
        98          4          0          0          0         92   d2f.o
       826         16          0          0          0        348   daddsub_clz.o
        16          4          0          0          0         68   dcheck1.o
        24          0          0          0          0         68   dcmpi.o
       688        140          0          0          0        208   ddiv.o
        94          4          0          0          0         92   dfix.o
        90          4          0          0          0         92   dfixu.o
        84          0          0          0          0        136   dflt_clz.o
       120          4          0          0          0         92   dleqf.o
       340         12          0          0          0        104   dmul.o
       156          4          0          0          0         92   dnaninf.o
        12          0          0          0          0         68   dretinf.o
       108          0          0          0          0         80   drleqf.o
       460         56          0          0          0        120   dsqrt_noumaal.o
        86          4          0          0          0         84   f2d.o
       430          8          0          0          0        168   faddsub_clz.o
        12          4          0          0          0         68   fcheck1.o
        24          0          0          0          0         68   fcmpi.o
       388         76          0          0          0         96   fdiv.o
        62          4          0          0          0         84   ffixu.o
        86          0          0          0          0        136   fflt_clz.o
       104          4          0          0          0         84   fleqf.o
       258          4          0          0          0         84   fmul.o
       140          4          0          0          0         84   fnaninf.o
        10          0          0          0          0         68   fretinf.o
       100          0          0          0          0         68   retnan.o
        92          0          0          0          0         68   scalbn.o
        76          0          0          0          0         68   scalbnf.o
        48          0          0          0          0         68   trapv.o
         0          0          0          0          0          0   usenofp.o
        62         10          0          0          0        340   dunder.o
        40          0          0          0          0         68   fpclassify.o
       170          0          0          0          0         96   poly.o
      2520        190        136          0          0        324   pow.o
         0          0          8          0          0          0   qnan.o
        76          0          0          0          0         84   sqrt.o

    ----------------------------------------------------------------------
     10536        616        202          0        100       6672   Library Totals
        28          0          1          0          4          0   (incl. Padding)

    ----------------------------------------------------------------------

      Code (inc. data)   RO Data    RW Data    ZI Data      Debug   Library Name

      2608         60         57          0         96       2804   c_w.l
      5032        356          0          0          0       2956   fz_ws.l
      2868        200        144          0          0        912   m_ws.l

    ----------------------------------------------------------------------
     10536        616        202          0        100       6672   Library Totals

    ----------------------------------------------------------------------

==============================================================================


      Code (inc. data)   RO Data    RW Data    ZI Data      Debug   

     74218       6454      15842        672      63928     747000   Grand Totals
     74218       6454      15842        188      63928     747000   ELF Image Totals (compressed)
     74218       6454      15842        188          0          0   ROM Totals

==============================================================================

    Total RO  Size (Code + RO Data)                90060 (  87.95kB)
    Total RW  Size (RW Data + ZI Data)             64600 (  63.09kB)
    Total ROM Size (Code + RO Data + RW Data)      90248 (  88.13kB)

==============================================================================

