Component: ARM Compiler 5.06 update 6 (build 750) Tool: armlink [4d35ed]

==============================================================================

Section Cross References

    main.o(.text) refers to delay.o(.text) for delay_init
    main.o(.text) refers to usart.o(.text) for uart_init
    main.o(.text) refers to usart2.o(.text) for uart2_init
    main.o(.text) refers to uart3.o(.text) for uart3_init
    main.o(.text) refers to led.o(.text) for LED_Init
    main.o(.text) refers to key.o(.text) for KEY_Init
    main.o(.text) refers to esp32.o(.text) for ESP32_Init
    main.o(.text) refers to onenet.o(.text) for MqttLinkOneNet
    main.o(.text) refers to printf3.o(i.__0printf$3) for __2printf
    main.o(.text) refers to stm32f10x_usart.o(.text) for USART_SendData
    main.o(.text) refers to memseta.o(.text) for __aeabi_memclr
    main.o(.text) refers to tasks.o(.text) for vTaskDelay
    main.o(.text) refers to port.o(.text) for vPortEnterCritical
    main.o(.text) refers to misc.o(.text) for NVIC_PriorityGroupConfig
    main.o(.text) refers to usart2.o(.data) for USART2_RX_STA
    main.o(.text) refers to usart2.o(.bss) for USART2_RX_BUF
    main.o(.text) refers to main.o(.data) for FRMAINTask_Handler
    main.o(.text) refers to system_stm32f10x.o(.data) for SystemCoreClock
    system_stm32f10x.o(.text) refers to system_stm32f10x.o(.data) for SystemCoreClock
    led.o(.text) refers to stm32f10x_rcc.o(.text) for RCC_APB2PeriphClockCmd
    led.o(.text) refers to stm32f10x_gpio.o(.text) for GPIO_Init
    key.o(.text) refers to stm32f10x_rcc.o(.text) for RCC_APB2PeriphClockCmd
    key.o(.text) refers to stm32f10x_gpio.o(.text) for GPIO_PinRemapConfig
    key.o(.text) refers to delay.o(.text) for delay_ms
    key.o(.text) refers to key.o(.data) for key_up
    dht11.o(.text) refers to delay.o(.text) for delay_ms
    dht11.o(.text) refers to stm32f10x_rcc.o(.text) for RCC_APB2PeriphClockCmd
    dht11.o(.text) refers to stm32f10x_gpio.o(.text) for GPIO_Init
    delay.o(.text) refers to tasks.o(.text) for xTaskGetSchedulerState
    delay.o(.text) refers to port.o(.text) for xPortSysTickHandler
    delay.o(.text) refers to misc.o(.text) for SysTick_CLKSourceConfig
    delay.o(.text) refers to system_stm32f10x.o(.data) for SystemCoreClock
    delay.o(.text) refers to delay.o(.data) for fac_us
    usart.o(.text) refers to stm32f10x_rcc.o(.text) for RCC_APB2PeriphClockCmd
    usart.o(.text) refers to stm32f10x_gpio.o(.text) for GPIO_Init
    usart.o(.text) refers to misc.o(.text) for NVIC_Init
    usart.o(.text) refers to stm32f10x_usart.o(.text) for USART_Init
    usart.o(.text) refers to usart.o(.data) for USART_RX_STA
    usart.o(.text) refers to usart.o(.bss) for USART_RX_BUF
    usart2.o(.text) refers to stm32f10x_rcc.o(.text) for RCC_APB2PeriphClockCmd
    usart2.o(.text) refers to stm32f10x_gpio.o(.text) for GPIO_Init
    usart2.o(.text) refers to misc.o(.text) for NVIC_Init
    usart2.o(.text) refers to stm32f10x_usart.o(.text) for USART_Init
    usart2.o(.text) refers to usart2.o(.data) for USART2_RX_STA
    usart2.o(.text) refers to usart2.o(.bss) for USART2_RX_BUF
    startup_stm32f10x_hd.o(RESET) refers to startup_stm32f10x_hd.o(STACK) for __initial_sp
    startup_stm32f10x_hd.o(RESET) refers to startup_stm32f10x_hd.o(.text) for Reset_Handler
    startup_stm32f10x_hd.o(RESET) refers to stm32f10x_it.o(.text) for NMI_Handler
    startup_stm32f10x_hd.o(RESET) refers to port.o(.emb_text) for SVC_Handler
    startup_stm32f10x_hd.o(RESET) refers to delay.o(.text) for SysTick_Handler
    startup_stm32f10x_hd.o(RESET) refers to usart.o(.text) for USART1_IRQHandler
    startup_stm32f10x_hd.o(RESET) refers to usart2.o(.text) for USART2_IRQHandler
    startup_stm32f10x_hd.o(RESET) refers to uart3.o(.text) for USART3_IRQHandler
    startup_stm32f10x_hd.o(.text) refers to system_stm32f10x.o(.text) for SystemInit
    startup_stm32f10x_hd.o(.text) refers to entry.o(.ARM.Collect$$$$00000000) for __main
    stm32f10x_gpio.o(.text) refers to stm32f10x_rcc.o(.text) for RCC_APB2PeriphResetCmd
    stm32f10x_rcc.o(.text) refers to stm32f10x_rcc.o(.data) for APBAHBPrescTable
    stm32f10x_usart.o(.text) refers to stm32f10x_rcc.o(.text) for RCC_APB2PeriphResetCmd
    event_groups.o(.text) refers to heap_4.o(.text) for pvPortMalloc
    event_groups.o(.text) refers to list.o(.text) for vListInitialise
    event_groups.o(.text) refers to tasks.o(.text) for vTaskSuspendAll
    event_groups.o(.text) refers to port.o(.text) for vPortEnterCritical
    queue.o(.text) refers to port.o(.text) for vPortEnterCritical
    queue.o(.text) refers to tasks.o(.text) for xTaskRemoveFromEventList
    queue.o(.text) refers to list.o(.text) for vListInitialise
    queue.o(.text) refers to heap_4.o(.text) for pvPortMalloc
    queue.o(.text) refers to memcpya.o(.text) for __aeabi_memcpy
    stream_buffer.o(.text) refers to memseta.o(.text) for __aeabi_memclr4
[...]
    printf5.o(i.__0printf$5) refers to usart.o(.data) for __stdout
    printf5.o(i.__0snprintf$5) refers to printf5.o(i._printf_core) for _printf_core
    printf5.o(i.__0snprintf$5) refers to printf5.o(i._snputc) for _snputc
    printf5.o(i.__0sprintf$5) refers to printf5.o(i._printf_core) for _printf_core
    printf5.o(i.__0sprintf$5) refers to printf5.o(i._sputc) for _sputc
    printf5.o(i.__0vfprintf$5) refers to printf5.o(i._printf_core) for _printf_core
    printf5.o(i.__0vfprintf$5) refers to usart.o(.text) for fputc
    printf5.o(i.__0vprintf$5) refers to printf5.o(i._printf_core) for _printf_core
    printf5.o(i.__0vprintf$5) refers to usart.o(.text) for fputc
    printf5.o(i.__0vprintf$5) refers to usart.o(.data) for __stdout
    printf5.o(i.__0vsnprintf$5) refers to printf5.o(i._printf_core) for _printf_core
    printf5.o(i.__0vsnprintf$5) refers to printf5.o(i._snputc) for _snputc
    printf5.o(i.__0vsprintf$5) refers to printf5.o(i._printf_core) for _printf_core
    printf5.o(i.__0vsprintf$5) refers to printf5.o(i._sputc) for _sputc
    printf5.o(i._printf_core) refers to uldiv.o(.text) for __aeabi_uldivmod
    printf6.o(i.__0fprintf$6) refers to printf6.o(i._printf_core) for _printf_core
    printf6.o(i.__0fprintf$6) refers to usart.o(.text) for fputc
    printf6.o(i.__0printf$6) refers to printf6.o(i._printf_core) for _printf_core
    printf6.o(i.__0printf$6) refers to usart.o(.text) for fputc
    printf6.o(i.__0printf$6) refers to usart.o(.data) for __stdout
    printf6.o(i.__0snprintf$6) refers to printf6.o(i._printf_core) for _printf_core
    printf6.o(i.__0snprintf$6) refers to printf6.o(i._snputc) for _snputc
    printf6.o(i.__0sprintf$6) refers to printf6.o(i._printf_core) for _printf_core
    printf6.o(i.__0sprintf$6) refers to printf6.o(i._sputc) for _sputc
    printf6.o(i.__0vfprintf$6) refers to printf6.o(i._printf_core) for _printf_core
    printf6.o(i.__0vfprintf$6) refers to usart.o(.text) for fputc
    printf6.o(i.__0vprintf$6) refers to printf6.o(i._printf_core) for _printf_core
    printf6.o(i.__0vprintf$6) refers to usart.o(.text) for fputc
    printf6.o(i.__0vprintf$6) refers to usart.o(.data) for __stdout
    printf6.o(i.__0vsnprintf$6) refers to printf6.o(i._printf_core) for _printf_core
    printf6.o(i.__0vsnprintf$6) refers to printf6.o(i._snputc) for _snputc
    printf6.o(i.__0vsprintf$6) refers to printf6.o(i._printf_core) for _printf_core
    printf6.o(i.__0vsprintf$6) refers to printf6.o(i._sputc) for _sputc
    printf6.o(i._printf_core) refers to printf6.o(i._printf_pre_padding) for _printf_pre_padding
    printf6.o(i._printf_core) refers to uidiv.o(.text) for __aeabi_uidivmod
    printf6.o(i._printf_core) refers to printf6.o(i._printf_post_padding) for _printf_post_padding
    printf7.o(i.__0fprintf$7) refers to printf7.o(i._printf_core) for _printf_core
    printf7.o(i.__0fprintf$7) refers to usart.o(.text) for fputc
    printf7.o(i.__0printf$7) refers to printf7.o(i._printf_core) for _printf_core
    printf7.o(i.__0printf$7) refers to usart.o(.text) for fputc
    printf7.o(i.__0printf$7) refers to usart.o(.data) for __stdout
    printf7.o(i.__0snprintf$7) refers to printf7.o(i._printf_core) for _printf_core
    printf7.o(i.__0snprintf$7) refers to printf7.o(i._snputc) for _snputc
    printf7.o(i.__0sprintf$7) refers to printf7.o(i._printf_core) for _printf_core
    printf7.o(i.__0sprintf$7) refers to printf7.o(i._sputc) for _sputc
    printf7.o(i.__0vfprintf$7) refers to printf7.o(i._printf_core) for _printf_core
    printf7.o(i.__0vfprintf$7) refers to usart.o(.text) for fputc
    printf7.o(i.__0vprintf$7) refers to printf7.o(i._printf_core) for _printf_core
    printf7.o(i.__0vprintf$7) refers to usart.o(.text) for fputc
    printf7.o(i.__0vprintf$7) refers to usart.o(.data) for __stdout
    printf7.o(i.__0vsnprintf$7) refers to printf7.o(i._printf_core) for _printf_core
    printf7.o(i.__0vsnprintf$7) refers to printf7.o(i._snputc) for _snputc
    printf7.o(i.__0vsprintf$7) refers to printf7.o(i._printf_core) for _printf_core
    printf7.o(i.__0vsprintf$7) refers to printf7.o(i._sputc) for _sputc
    printf7.o(i._printf_core) refers to printf7.o(i._printf_pre_padding) for _printf_pre_padding
    printf7.o(i._printf_core) refers to uldiv.o(.text) for __aeabi_uldivmod
    printf7.o(i._printf_core) refers to printf7.o(i._printf_post_padding) for _printf_post_padding
    printf8.o(i.__0fprintf$8) refers to printf8.o(i._printf_core) for _printf_core
    printf8.o(i.__0fprintf$8) refers to usart.o(.text) for fputc
    printf8.o(i.__0printf$8) refers to printf8.o(i._printf_core) for _printf_core
    printf8.o(i.__0printf$8) refers to usart.o(.text) for fputc
    printf8.o(i.__0printf$8) refers to usart.o(.data) for __stdout
    printf8.o(i.__0snprintf$8) refers to printf8.o(i._printf_core) for _printf_core
    printf8.o(i.__0snprintf$8) refers to printf8.o(i._snputc) for _snputc
    printf8.o(i.__0sprintf$8) refers to printf8.o(i._printf_core) for _printf_core
    printf8.o(i.__0sprintf$8) refers to printf8.o(i._sputc) for _sputc
    printf8.o(i.__0vfprintf$8) refers to printf8.o(i._printf_core) for _printf_core
    printf8.o(i.__0vfprintf$8) refers to usart.o(.text) for fputc
    printf8.o(i.__0vprintf$8) refers to printf8.o(i._printf_core) for _printf_core
    printf8.o(i.__0vprintf$8) refers to usart.o(.text) for fputc
    printf8.o(i.__0vprintf$8) refers to usart.o(.data) for __stdout
    printf8.o(i.__0vsnprintf$8) refers to printf8.o(i._printf_core) for _printf_core
    printf8.o(i.__0vsnprintf$8) refers to printf8.o(i._snputc) for _snputc
    printf8.o(i.__0vsprintf$8) refers to printf8.o(i._printf_core) for _printf_core
    printf8.o(i.__0vsprintf$8) refers to printf8.o(i._sputc) for _sputc
    printf8.o(i._printf_core) refers to printf8.o(i._printf_pre_padding) for _printf_pre_padding
    printf8.o(i._printf_core) refers to uldiv.o(.text) for __aeabi_uldivmod
    printf8.o(i._printf_core) refers to printf8.o(i._printf_post_padding) for _printf_post_padding
    printfa.o(i.__0fprintf) refers (Special) to iusefp.o(.text) for __I$use$fp
    printfa.o(i.__0fprintf) refers to printfa.o(i._printf_core) for _printf_core
    printfa.o(i.__0fprintf) refers to usart.o(.text) for fputc
    printfa.o(i.__0printf) refers (Special) to iusefp.o(.text) for __I$use$fp
    printfa.o(i.__0printf) refers to printfa.o(i._printf_core) for _printf_core
    printfa.o(i.__0printf) refers to usart.o(.text) for fputc
    printfa.o(i.__0printf) refers to usart.o(.data) for __stdout
    printfa.o(i.__0snprintf) refers (Special) to iusefp.o(.text) for __I$use$fp
    printfa.o(i.__0snprintf) refers to printfa.o(i._printf_core) for _printf_core
    printfa.o(i.__0snprintf) refers to printfa.o(i._snputc) for _snputc
    printfa.o(i.__0sprintf) refers (Special) to iusefp.o(.text) for __I$use$fp
    printfa.o(i.__0sprintf) refers to printfa.o(i._printf_core) for _printf_core
    printfa.o(i.__0sprintf) refers to printfa.o(i._sputc) for _sputc
    printfa.o(i.__0vfprintf) refers (Special) to iusefp.o(.text) for __I$use$fp
    printfa.o(i.__0vfprintf) refers to printfa.o(i._printf_core) for _printf_core
    printfa.o(i.__0vfprintf) refers to usart.o(.text) for fputc
    printfa.o(i.__0vprintf) refers (Special) to iusefp.o(.text) for __I$use$fp
    printfa.o(i.__0vprintf) refers to printfa.o(i._printf_core) for _printf_core
    printfa.o(i.__0vprintf) refers to usart.o(.text) for fputc
    printfa.o(i.__0vprintf) refers to usart.o(.data) for __stdout
    printfa.o(i.__0vsnprintf) refers (Special) to iusefp.o(.text) for __I$use$fp
    printfa.o(i.__0vsnprintf) refers to printfa.o(i._printf_core) for _printf_core
    printfa.o(i.__0vsnprintf) refers to printfa.o(i._snputc) for _snputc
    printfa.o(i.__0vsprintf) refers (Special) to iusefp.o(.text) for __I$use$fp
    printfa.o(i.__0vsprintf) refers to printfa.o(i._printf_core) for _printf_core
    printfa.o(i.__0vsprintf) refers to printfa.o(i._sputc) for _sputc
    printfa.o(i._fp_digits) refers (Special) to iusefp.o(.text) for __I$use$fp
    printfa.o(i._fp_digits) refers to dmul.o(.text) for __aeabi_dmul
    printfa.o(i._fp_digits) refers to ddiv.o(.text) for __aeabi_ddiv
    printfa.o(i._fp_digits) refers to cdrcmple.o(.text) for __aeabi_cdrcmple
    printfa.o(i._fp_digits) refers to dadd.o(.text) for __aeabi_dadd
    printfa.o(i._fp_digits) refers to dfixul.o(.text) for __aeabi_d2ulz
    printfa.o(i._fp_digits) refers to uldiv.o(.text) for __aeabi_uldivmod
    printfa.o(i._printf_core) refers (Special) to iusefp.o(.text) for __I$use$fp
    printfa.o(i._printf_core) refers to printfa.o(i._printf_pre_padding) for _printf_pre_padding
    printfa.o(i._printf_core) refers to uldiv.o(.text) for __aeabi_uldivmod
    printfa.o(i._printf_core) refers to printfa.o(i._printf_post_padding) for _printf_post_padding
    printfa.o(i._printf_core) refers to printfa.o(i._fp_digits) for _fp_digits
    printfa.o(i._printf_core) refers to uidiv.o(.text) for __aeabi_uidivmod
    printfa.o(i._printf_post_padding) refers (Special) to iusefp.o(.text) for __I$use$fp
    printfa.o(i._printf_pre_padding) refers (Special) to iusefp.o(.text) for __I$use$fp
    printfa.o(i._snputc) refers (Special) to iusefp.o(.text) for __I$use$fp
    printfa.o(i._sputc) refers (Special) to iusefp.o(.text) for __I$use$fp
    malloc.o(i.free) refers to mvars.o(.data) for __microlib_freelist
    malloc.o(i.malloc) refers to mvars.o(.data) for __microlib_freelist_initialised
    malloc.o(i.malloc) refers to mvars.o(.data) for __microlib_freelist
    malloc.o(i.malloc) refers to startup_stm32f10x_hd.o(HEAP) for __heap_base
    mallocr.o(i.__free$realloc) refers to mvars.o(.data) for __microlib_freelist
    mallocr.o(i.__malloc$realloc) refers to mallocr.o(i.internal_alloc) for internal_alloc
    mallocr.o(i.__malloc$realloc) refers to mvars.o(.data) for __microlib_freelist_initialised
    mallocr.o(i.__malloc$realloc) refers to startup_stm32f10x_hd.o(HEAP) for __heap_base
    mallocr.o(i.__malloc$realloc) refers to mvars.o(.data) for __microlib_freelist
    mallocr.o(i.internal_alloc) refers to memcpya.o(.text) for __aeabi_memcpy
    mallocr.o(i.internal_alloc) refers to mvars.o(.data) for __microlib_freelist
    mallocr.o(i.realloc) refers to mallocr.o(i.__free$realloc) for __free$realloc
    mallocr.o(i.realloc) refers to mallocr.o(i.internal_alloc) for internal_alloc
    mallocr.o(i.realloc) refers to mallocr.o(i.__malloc$realloc) for __malloc$realloc
    mallocr.o(i.realloc) refers to mvars.o(.data) for __microlib_freelist
    malloca.o(i.__aligned_malloc) refers to mvars.o(.data) for __microlib_freelist_initialised
    malloca.o(i.__aligned_malloc) refers to mvars.o(.data) for __microlib_freelist
    malloca.o(i.__aligned_malloc) refers to startup_stm32f10x_hd.o(HEAP) for __heap_base
    malloca.o(i.__free$memalign) refers to mvars.o(.data) for __microlib_freelist
    malloca.o(i.__malloc$memalign) refers to malloca.o(i.__aligned_malloc) for __aligned_malloc
    mallocra.o(i.__aligned_malloc$realloc) refers to mallocra.o(i.internal_alloc) for internal_alloc
    mallocra.o(i.__aligned_malloc$realloc) refers to mvars.o(.data) for __microlib_freelist_initialised
    mallocra.o(i.__aligned_malloc$realloc) refers to startup_stm32f10x_hd.o(HEAP) for __heap_base
    mallocra.o(i.__aligned_malloc$realloc) refers to mvars.o(.data) for __microlib_freelist
    mallocra.o(i.__free$realloc$memalign) refers to mvars.o(.data) for __microlib_freelist
    mallocra.o(i.__malloc$realloc$memalign) refers to mallocra.o(i.__aligned_malloc$realloc) for __aligned_malloc$realloc
    mallocra.o(i.__realloc$memalign) refers to mallocra.o(i.__free$realloc$memalign) for __free$realloc$memalign
    mallocra.o(i.__realloc$memalign) refers to mallocra.o(i.internal_alloc) for internal_alloc
    mallocra.o(i.__realloc$memalign) refers to mallocra.o(i.__malloc$realloc$memalign) for __malloc$realloc$memalign
    mallocra.o(i.__realloc$memalign) refers to mvars.o(.data) for __microlib_freelist
    mallocra.o(i.internal_alloc) refers to memcpya.o(.text) for __aeabi_memcpy
    mallocra.o(i.internal_alloc) refers to mvars.o(.data) for __microlib_freelist
    atoi.o(.text) refers to errno.o(i.__aeabi_errno_addr) for __aeabi_errno_addr
    atoi.o(.text) refers to strtol.o(.text) for strtol
    entry2.o(.ARM.Collect$$$$00000001) refers to entry2.o(.ARM.Collect$$$$00002712) for __lit__00000000
    entry2.o(.ARM.Collect$$$$00002712) refers to startup_stm32f10x_hd.o(STACK) for __initial_sp
    entry2.o(__vectab_stack_and_reset_area) refers to startup_stm32f10x_hd.o(STACK) for __initial_sp
    entry2.o(__vectab_stack_and_reset_area) refers to entry.o(.ARM.Collect$$$$00000000) for __main
    entry5.o(.ARM.Collect$$$$00000004) refers to init.o(.text) for __scatterload
    entry9a.o(.ARM.Collect$$$$0000000B) refers to main.o(.text) for main
    entry9b.o(.ARM.Collect$$$$0000000C) refers to main.o(.text) for main
    uldiv.o(.text) refers to llushr.o(.text) for __aeabi_llsr
    uldiv.o(.text) refers to llshl.o(.text) for __aeabi_llsl
    errno.o(i.__aeabi_errno_addr) refers to errno.o(.data) for .data
    errno.o(i.__read_errno) refers to errno.o(.data) for .data
    errno.o(i.__set_errno) refers to errno.o(.data) for .data
    strtol.o(.text) refers to ctype_o.o(.text) for __rt_ctype_table
    strtol.o(.text) refers to _strtoul.o(.text) for _strtoul
    strtol.o(.text) refers to errno.o(i.__aeabi_errno_addr) for __aeabi_errno_addr
    dadd.o(.text) refers to llshl.o(.text) for __aeabi_llsl
    dadd.o(.text) refers to llsshr.o(.text) for __aeabi_lasr
    dadd.o(.text) refers to depilogue.o(.text) for _double_epilogue
    dmul.o(.text) refers to depilogue.o(.text) for _double_epilogue
    ddiv.o(.text) refers to depilogue.o(.text) for _double_round
    dfixul.o(.text) refers to llushr.o(.text) for __aeabi_llsr
    dfixul.o(.text) refers to llshl.o(.text) for __aeabi_llsl
    init.o(.text) refers to entry5.o(.ARM.Collect$$$$00000004) for __main_after_scatterload
    ctype_o.o(.text) refers to ctype_o.o(.constdata) for .constdata
    ctype_o.o(.constdata) refers to ctype_o.o(.constdata) for __ctype_table
    isalnum_o.o(.text) refers to ctype_o.o(.text) for __rt_ctype_table
    isalpha_o.o(.text) refers to ctype_o.o(.text) for __rt_ctype_table
    isblank_o.o(.text) refers to ctype_o.o(.constdata) for __ctype_table
    iscntrl_o.o(.text) refers to ctype_o.o(.text) for __rt_ctype_table
    isdigit_o.o(.text) refers to ctype_o.o(.text) for __rt_ctype_table
    isgraph_o.o(.text) refers to ctype_o.o(.text) for __rt_ctype_table
    islower_o.o(.text) refers to ctype_o.o(.text) for __rt_ctype_table
    isprint_o.o(.text) refers to ctype_o.o(.text) for __rt_ctype_table
    ispunct_o.o(.text) refers to ctype_o.o(.text) for __rt_ctype_table
    isspace_o.o(.text) refers to ctype_o.o(.text) for __rt_ctype_table
    isupper_o.o(.text) refers to ctype_o.o(.text) for __rt_ctype_table
    isxdigit_o.o(.text) refers to ctype_o.o(.text) for __rt_ctype_table
    _strtoul.o(.text) refers to _chval.o(.text) for _chval
    _strtoul.o(.text) refers to errno.o(i.__aeabi_errno_addr) for __aeabi_errno_addr
    depilogue.o(.text) refers to llshl.o(.text) for __aeabi_llsl
    depilogue.o(.text) refers to llushr.o(.text) for __aeabi_llsr


==============================================================================

Removing Unused input sections from the image.

    Removing sys.o(.emb_text), (6 bytes).
    Removing sys.o(.text), (12 bytes).
    Removing core_cm3.o(.emb_text), (32 bytes).
    Removing event_groups.o(.text), (716 bytes).
    Removing queue.o(.text), (2244 bytes).
    Removing stream_buffer.o(.text), (1596 bytes).
    Removing dadd.o(.text), (334 bytes).
    Removing dmul.o(.text), (228 bytes).
    Removing ddiv.o(.text), (222 bytes).
    Removing dfixul.o(.text), (48 bytes).
    Removing cdrcmple.o(.text), (48 bytes).
    Removing depilogue.o(.text), (186 bytes).

12 unused section(s) (total 5672 bytes) removed from the image.

==============================================================================

Image Symbol Table

    Local Symbols

    Symbol Name                              Value     Ov Type        Size  Object(Section)

    ../clib/microlib/ctype/ctype.c           0x00000000   Number         0  isxdigit_o.o ABSOLUTE
    ../clib/microlib/ctype/ctype.c           0x00000000   Number         0  isupper_o.o ABSOLUTE
    ../clib/microlib/ctype/ctype.c           0x00000000   Number         0  isspace_o.o ABSOLUTE
    ../clib/microlib/ctype/ctype.c           0x00000000   Number         0  isdigit_o.o ABSOLUTE
    ../clib/microlib/ctype/ctype.c           0x00000000   Number         0  isblank_o.o ABSOLUTE
    ../clib/microlib/ctype/ctype.c           0x00000000   Number         0  ispunct_o.o ABSOLUTE
    ../clib/microlib/ctype/ctype.c           0x00000000   Number         0  isprint_o.o ABSOLUTE
    ../clib/microlib/ctype/ctype.c           0x00000000   Number         0  islower_o.o ABSOLUTE
    ../clib/microlib/ctype/ctype.c           0x00000000   Number         0  iscntrl_o.o ABSOLUTE
    ../clib/microlib/ctype/ctype.c           0x00000000   Number         0  isalpha_o.o ABSOLUTE
    ../clib/microlib/ctype/ctype.c           0x00000000   Number         0  isalnum_o.o ABSOLUTE
    ../clib/microlib/ctype/ctype.c           0x00000000   Number         0  ctype_o.o ABSOLUTE
    ../clib/microlib/ctype/ctype.c           0x00000000   Number         0  isgraph_o.o ABSOLUTE
    ../clib/microlib/division.c              0x00000000   Number         0  uldiv.o ABSOLUTE
    ../clib/microlib/division.c              0x00000000   Number         0  uidiv.o ABSOLUTE
    ../clib/microlib/errno.c                 0x00000000   Number         0  errno.o ABSOLUTE
    ../clib/microlib/init/entry.s            0x00000000   Number         0  entry7a.o ABSOLUTE
    ../clib/microlib/init/entry.s            0x00000000   Number         0  entry.o ABSOLUTE
    ../clib/microlib/init/entry.s            0x00000000   Number         0  entry8b.o ABSOLUTE
    ../clib/microlib/init/entry.s            0x00000000   Number         0  entry7b.o ABSOLUTE
    ../clib/microlib/init/entry.s            0x00000000   Number         0  entry11b.o ABSOLUTE
    ../clib/microlib/init/entry.s            0x00000000   Number         0  entry5.o ABSOLUTE
    ../clib/microlib/init/entry.s            0x00000000   Number         0  entry11a.o ABSOLUTE
    ../clib/microlib/init/entry.s            0x00000000   Number         0  entry10b.o ABSOLUTE
    ../clib/microlib/init/entry.s            0x00000000   Number         0  entry10a.o ABSOLUTE
    ../clib/microlib/init/entry.s            0x00000000   Number         0  entry8a.o ABSOLUTE
    ../clib/microlib/init/entry.s            0x00000000   Number         0  entry9b.o ABSOLUTE
    ../clib/microlib/init/entry.s            0x00000000   Number         0  entry9a.o ABSOLUTE
    ../clib/microlib/init/entry.s            0x00000000   Number         0  entry2.o ABSOLUTE
    ../clib/microlib/longlong.c              0x00000000   Number         0  llshl.o ABSOLUTE
    ../clib/microlib/longlong.c              0x00000000   Number         0  llsshr.o ABSOLUTE
    ../clib/microlib/longlong.c              0x00000000   Number         0  llushr.o ABSOLUTE
    ../clib/microlib/malloc/malloc.c         0x00000000   Number         0  mallocra.o ABSOLUTE
    ../clib/microlib/malloc/malloc.c         0x00000000   Number         0  malloca.o ABSOLUTE
    ../clib/microlib/malloc/malloc.c         0x00000000   Number         0  mallocr.o ABSOLUTE
    ../clib/microlib/malloc/malloc.c         0x00000000   Number         0  malloc.o ABSOLUTE
    ../clib/microlib/malloc/mvars.c          0x00000000   Number         0  mvars.o ABSOLUTE
    ../clib/microlib/printf/printf.c         0x00000000   Number         0  printf1.o ABSOLUTE
    ../clib/microlib/printf/printf.c         0x00000000   Number         0  printfb.o ABSOLUTE
    ../clib/microlib/printf/printf.c         0x00000000   Number         0  printf7.o ABSOLUTE
    ../clib/microlib/printf/printf.c         0x00000000   Number         0  printf6.o ABSOLUTE
    ../clib/microlib/printf/printf.c         0x00000000   Number         0  printf0.o ABSOLUTE
    ../clib/microlib/printf/printf.c         0x00000000   Number         0  printf2.o ABSOLUTE
    ../clib/microlib/printf/printf.c         0x00000000   Number         0  printf3.o ABSOLUTE
    ../clib/microlib/printf/printf.c         0x00000000   Number         0  printf4.o ABSOLUTE
    ../clib/microlib/printf/printf.c         0x00000000   Number         0  printf5.o ABSOLUTE
    ../clib/microlib/printf/printf.c         0x00000000   Number         0  printfa.o ABSOLUTE
    ../clib/microlib/printf/printf.c         0x00000000   Number         0  printf8.o ABSOLUTE
    ../clib/microlib/printf/stubs.s          0x00000000   Number         0  stubs.o ABSOLUTE
    ../clib/microlib/string/memcpy.c         0x00000000   Number         0  memcpyb.o ABSOLUTE
    ../clib/microlib/string/memcpy.c         0x00000000   Number         0  memcpya.o ABSOLUTE
    ../clib/microlib/string/memset.c         0x00000000   Number         0  memseta.o ABSOLUTE
    ../clib/microlib/string/strcat.c         0x00000000   Number         0  strcat.o ABSOLUTE
    ../clib/microlib/string/strchr.c         0x00000000   Number         0  strchr.o ABSOLUTE
    ../clib/microlib/string/strlen.c         0x00000000   Number         0  strlen.o ABSOLUTE
    ../clib/microlib/string/strncat.c        0x00000000   Number         0  strncat.o ABSOLUTE
    ../clib/microlib/string/strstr.c         0x00000000   Number         0  strstr.o ABSOLUTE
    ../clib/microlib/stubs.s                 0x00000000   Number         0  useno.o ABSOLUTE
    ../clib/microlib/stubs.s                 0x00000000   Number         0  iusefp.o ABSOLUTE
    ../clib/scanf.c                          0x00000000   Number         0  strtol.o ABSOLUTE
    ../clib/scanf.c                          0x00000000   Number         0  atoi.o ABSOLUTE
    ../clib/scanf.c                          0x00000000   Number         0  _chval.o ABSOLUTE
    ../clib/scanf.c                          0x00000000   Number         0  _strtoul.o ABSOLUTE
    ../fplib/microlib/fpadd.c                0x00000000   Number         0  dadd.o ABSOLUTE
    ../fplib/microlib/fpdiv.c                0x00000000   Number         0  ddiv.o ABSOLUTE
    ../fplib/microlib/fpepilogue.c           0x00000000   Number         0  depilogue.o ABSOLUTE
    ../fplib/microlib/fpfix.c                0x00000000   Number         0  dfixul.o ABSOLUTE
    ../fplib/microlib/fpmul.c                0x00000000   Number         0  dmul.o ABSOLUTE
    ..\CORE\core_cm3.c                       0x00000000   Number         0  core_cm3.o ABSOLUTE
    ..\CORE\startup_stm32f10x_hd.s           0x00000000   Number         0  startup_stm32f10x_hd.o ABSOLUTE
    ..\FreeRTOS\portable\MemMang\heap_4.c    0x00000000   Number         0  heap_4.o ABSOLUTE
    ..\FreeRTOS\portable\RVDS\ARM_CM3\port.c 0x00000000   Number         0  port.o ABSOLUTE
    ..\FreeRTOS\sources\event_groups.c       0x00000000   Number         0  event_groups.o ABSOLUTE
    ..\FreeRTOS\sources\list.c               0x00000000   Number         0  list.o ABSOLUTE
    ..\FreeRTOS\sources\queue.c              0x00000000   Number         0  queue.o ABSOLUTE
    ..\FreeRTOS\sources\stream_buffer.c      0x00000000   Number         0  stream_buffer.o ABSOLUTE
    ..\FreeRTOS\sources\tasks.c              0x00000000   Number         0  tasks.o ABSOLUTE
    ..\FreeRTOS\sources\timers.c             0x00000000   Number         0  timers.o ABSOLUTE
    ..\HARDWARE\DHT11\dht11.c                0x00000000   Number         0  dht11.o ABSOLUTE
    ..\HARDWARE\KEY\key.c                    0x00000000   Number         0  key.o ABSOLUTE
    ..\HARDWARE\LED\led.c                    0x00000000   Number         0  led.o ABSOLUTE
    ..\HARDWARE\onenet\MqttKit.c             0x00000000   Number         0  mqttkit.o ABSOLUTE
    ..\HARDWARE\onenet\esp32.c               0x00000000   Number         0  esp32.o ABSOLUTE
    ..\HARDWARE\onenet\onenet.c              0x00000000   Number         0  onenet.o ABSOLUTE
    ..\HARDWARE\onenet\uart3.c               0x00000000   Number         0  uart3.o ABSOLUTE
    ..\STM32F10x_FWLib\src\misc.c            0x00000000   Number         0  misc.o ABSOLUTE
    ..\STM32F10x_FWLib\src\stm32f10x_gpio.c  0x00000000   Number         0  stm32f10x_gpio.o ABSOLUTE
    ..\STM32F10x_FWLib\src\stm32f10x_rcc.c   0x00000000   Number         0  stm32f10x_rcc.o ABSOLUTE
    ..\STM32F10x_FWLib\src\stm32f10x_usart.c 0x00000000   Number         0  stm32f10x_usart.o ABSOLUTE
    ..\SYSTEM\delay\delay.c                  0x00000000   Number         0  delay.o ABSOLUTE
    ..\SYSTEM\sys\sys.c                      0x00000000   Number         0  sys.o ABSOLUTE
    ..\SYSTEM\usart2\usart2.c                0x00000000   Number         0  usart2.o ABSOLUTE
    ..\SYSTEM\usart\usart.c                  0x00000000   Number         0  usart.o ABSOLUTE
    ..\\CORE\\core_cm3.c                     0x00000000   Number         0  core_cm3.o ABSOLUTE
    ..\\FreeRTOS\\portable\\RVDS\\ARM_CM3\\port.c 0x00000000   Number         0  port.o ABSOLUTE
    ..\\SYSTEM\\sys\\sys.c                   0x00000000   Number         0  sys.o ABSOLUTE
    cdrcmple.s                               0x00000000   Number         0  cdrcmple.o ABSOLUTE
    dc.s                                     0x00000000   Number         0  dc.o ABSOLUTE
    handlers.s                               0x00000000   Number         0  handlers.o ABSOLUTE
    init.s                                   0x00000000   Number         0  init.o ABSOLUTE
    main.c                                   0x00000000   Number         0  main.o ABSOLUTE
    stm32f10x_it.c                           0x00000000   Number         0  stm32f10x_it.o ABSOLUTE
    system_stm32f10x.c                       0x00000000   Number         0  system_stm32f10x.o ABSOLUTE
    RESET                                    0x08000000   Section      304  startup_stm32f10x_hd.o(RESET)
    .ARM.Collect$$$$00000000                 0x08000130   Section        0  entry.o(.ARM.Collect$$$$00000000)
    .ARM.Collect$$$$00000001                 0x08000130   Section        4  entry2.o(.ARM.Collect$$$$00000001)
    .ARM.Collect$$$$00000004                 0x08000134   Section        4  entry5.o(.ARM.Collect$$$$00000004)
    .ARM.Collect$$$$00000008                 0x08000138   Section        0  entry7b.o(.ARM.Collect$$$$00000008)
    .ARM.Collect$$$$0000000A                 0x08000138   Section        0  entry8b.o(.ARM.Collect$$$$0000000A)
    .ARM.Collect$$$$0000000B                 0x08000138   Section        8  entry9a.o(.ARM.Collect$$$$0000000B)
    .ARM.Collect$$$$0000000D                 0x08000140   Section        0  entry10a.o(.ARM.Collect$$$$0000000D)
    .ARM.Collect$$$$0000000F                 0x08000140   Section        0  entry11a.o(.ARM.Collect$$$$0000000F)
    .ARM.Collect$$$$00002712                 0x08000140   Section        4  entry2.o(.ARM.Collect$$$$00002712)
    __lit__00000000                          0x08000140   Data           4  entry2.o(.ARM.Collect$$$$00002712)
    .emb_text                                0x08000144   Section      150  port.o(.emb_text)
    .text                                    0x080001dc   Section        0  main.o(.text)
    .text                                    0x08000558   Section        0  stm32f10x_it.o(.text)
    .text                                    0x0800056c   Section        0  system_stm32f10x.o(.text)
    SetSysClockTo72                          0x0800056d   Thumb Code   214  system_stm32f10x.o(.text)
    SetSysClock                              0x08000643   Thumb Code     8  system_stm32f10x.o(.text)
    .text                                    0x0800074c   Section        0  led.o(.text)
    .text                                    0x08000844   Section        0  key.o(.text)
    .text                                    0x080009bc   Section        0  dht11.o(.text)
    .text                                    0x08000b54   Section        0  delay.o(.text)
    .text                                    0x08000c58   Section        0  usart.o(.text)
    .text                                    0x08000da0   Section        0  usart2.o(.text)
    .text                                    0x08000eb4   Section       36  startup_stm32f10x_hd.o(.text)
    .text                                    0x08000ed8   Section        0  misc.o(.text)
    .text                                    0x08000fb4   Section        0  stm32f10x_gpio.o(.text)
    .text                                    0x08001310   Section        0  stm32f10x_rcc.o(.text)
    .text                                    0x080016b4   Section        0  stm32f10x_usart.o(.text)
    .text                                    0x08001abc   Section        0  list.o(.text)
    .text                                    0x08001b50   Section        0  tasks.o(.text)
    prvInitialiseTaskLists                   0x08001b51   Thumb Code    70  tasks.o(.text)
    prvAddNewTaskToReadyList                 0x08001b97   Thumb Code   208  tasks.o(.text)
    prvInitialiseNewTask                     0x08001c67   Thumb Code   122  tasks.o(.text)
    prvDeleteTCB                             0x08001d49   Thumb Code    18  tasks.o(.text)
    prvResetNextTaskUnblockTime              0x08001d5b   Thumb Code    40  tasks.o(.text)
    prvAddCurrentTaskToDelayedList           0x08002141   Thumb Code   166  tasks.o(.text)
    prvTaskIsTaskSuspended                   0x0800253f   Thumb Code    56  tasks.o(.text)
    prvCheckTasksWaitingTermination          0x080026e1   Thumb Code    60  tasks.o(.text)
    prvIdleTask                              0x0800271d   Thumb Code    32  tasks.o(.text)
    .text                                    0x080031a4   Section        0  heap_4.o(.text)
    prvInsertBlockIntoFreeList               0x080031a5   Thumb Code    96  heap_4.o(.text)
    prvHeapInit                              0x08003205   Thumb Code    90  heap_4.o(.text)
    .text                                    0x08003454   Section        0  port.o(.text)
    prvTaskExitError                         0x08003455   Thumb Code    22  port.o(.text)
    .text                                    0x08003544   Section        0  esp32.o(.text)
    .text                                    0x08003784   Section        0  onenet.o(.text)
    .text                                    0x08003e44   Section        0  uart3.o(.text)
    .text                                    0x08003fac   Section        0  mqttkit.o(.text)
    .text                                    0x08004d90   Section        0  memcpya.o(.text)
    .text                                    0x08004db4   Section        0  memseta.o(.text)
    .text                                    0x08004dd8   Section        0  strcat.o(.text)
    .text                                    0x08004df0   Section        0  strstr.o(.text)
    .text                                    0x08004e14   Section        0  strchr.o(.text)
    .text                                    0x08004e28   Section        0  strlen.o(.text)
    .text                                    0x08004e36   Section        0  strncat.o(.text)
    .text                                    0x08004e5e   Section        0  atoi.o(.text)
    .text                                    0x08004e78   Section        0  uidiv.o(.text)
    .text                                    0x08004ea4   Section        0  strtol.o(.text)
    .text                                    0x08004f14   Section       36  init.o(.text)
    .text                                    0x08004f38   Section        0  ctype_o.o(.text)
    .text                                    0x08004f40   Section        0  _strtoul.o(.text)
    .text                                    0x08004fde   Section        0  _chval.o(.text)
    i.__0printf$3                            0x08004ffc   Section        0  printf3.o(i.__0printf$3)
    i.__0sprintf$3                           0x0800501c   Section        0  printf3.o(i.__0sprintf$3)
    i.__aeabi_errno_addr                     0x08005044   Section        0  errno.o(i.__aeabi_errno_addr)
    i.__scatterload_copy                     0x0800504c   Section       14  handlers.o(i.__scatterload_copy)
    i.__scatterload_null                     0x0800505a   Section        2  handlers.o(i.__scatterload_null)
    i.__scatterload_zeroinit                 0x0800505c   Section       14  handlers.o(i.__scatterload_zeroinit)
    i._printf_core                           0x0800506c   Section        0  printf3.o(i._printf_core)
    _printf_core                             0x0800506d   Thumb Code   436  printf3.o(i._printf_core)
    i._sputc                                 0x08005224   Section        0  printf3.o(i._sputc)
    _sputc                                   0x08005225   Thumb Code    10  printf3.o(i._sputc)
    i.free                                   0x08005230   Section        0  malloc.o(i.free)
    i.malloc                                 0x08005280   Section        0  malloc.o(i.malloc)
    .constdata                               0x080052ec   Section      129  ctype_o.o(.constdata)
    .constdata                               0x08005370   Section        4  ctype_o.o(.constdata)
    table                                    0x08005370   Data           4  ctype_o.o(.constdata)
    .data                                    0x20000000   Section       16  main.o(.data)
    .data                                    0x20000010   Section       20  system_stm32f10x.o(.data)
    .data                                    0x20000024   Section        1  key.o(.data)
    key_up                                   0x20000024   Data           1  key.o(.data)
    .data                                    0x20000026   Section        4  delay.o(.data)
    fac_us                                   0x20000026   Data           1  delay.o(.data)
    fac_ms                                   0x20000028   Data           2  delay.o(.data)
    .data                                    0x2000002c   Section        6  usart.o(.data)
    .data                                    0x20000034   Section        8  usart2.o(.data)
    .data                                    0x2000003c   Section       20  stm32f10x_rcc.o(.data)
    APBAHBPrescTable                         0x2000003c   Data          16  stm32f10x_rcc.o(.data)
    ADCPrescTable                            0x2000004c   Data           4  stm32f10x_rcc.o(.data)
    .data                                    0x20000050   Section       64  tasks.o(.data)
    pxDelayedTaskList                        0x20000054   Data           4  tasks.o(.data)
    pxOverflowDelayedTaskList                0x20000058   Data           4  tasks.o(.data)
    uxDeletedTasksWaitingCleanUp             0x2000005c   Data           4  tasks.o(.data)
    uxCurrentNumberOfTasks                   0x20000060   Data           4  tasks.o(.data)
    xTickCount                               0x20000064   Data           4  tasks.o(.data)
    uxTopReadyPriority                       0x20000068   Data           4  tasks.o(.data)
    xSchedulerRunning                        0x2000006c   Data           4  tasks.o(.data)
    xPendedTicks                             0x20000070   Data           4  tasks.o(.data)
    xYieldPending                            0x20000074   Data           4  tasks.o(.data)
    xNumOfOverflows                          0x20000078   Data           4  tasks.o(.data)
    uxTaskNumber                             0x2000007c   Data           4  tasks.o(.data)
    xNextTaskUnblockTime                     0x20000080   Data           4  tasks.o(.data)
    xIdleTaskHandle                          0x20000084   Data           4  tasks.o(.data)
    uxSchedulerSuspended                     0x2000008c   Data           4  tasks.o(.data)
    .data                                    0x20000090   Section       28  heap_4.o(.data)
    xStart                                   0x20000090   Data           8  heap_4.o(.data)
    pxEnd                                    0x20000098   Data           4  heap_4.o(.data)
    xFreeBytesRemaining                      0x2000009c   Data           4  heap_4.o(.data)
    xMinimumEverFreeBytesRemaining           0x200000a0   Data           4  heap_4.o(.data)
    xNumberOfSuccessfulAllocations           0x200000a4   Data           4  heap_4.o(.data)
    xNumberOfSuccessfulFrees                 0x200000a8   Data           4  heap_4.o(.data)
    .data                                    0x200000ac   Section        4  port.o(.data)
    uxCriticalNesting                        0x200000ac   Data           4  port.o(.data)
    .data                                    0x200000b0   Section        4  mvars.o(.data)
    .data                                    0x200000b4   Section        4  mvars.o(.data)
    .data                                    0x200000b8   Section        4  errno.o(.data)
    _errno                                   0x200000b8   Data           4  errno.o(.data)
    .bss                                     0x200000bc   Section      200  usart.o(.bss)
    .bss                                     0x20000184   Section      200  usart2.o(.bss)
    .bss                                     0x2000024c   Section      200  tasks.o(.bss)
    pxReadyTasksLists                        0x2000024c   Data         100  tasks.o(.bss)
    xDelayedTaskList1                        0x200002b0   Data          20  tasks.o(.bss)
    xDelayedTaskList2                        0x200002c4   Data          20  tasks.o(.bss)
    xPendingReadyList                        0x200002d8   Data          20  tasks.o(.bss)
    xTasksWaitingTermination                 0x200002ec   Data          20  tasks.o(.bss)
    xSuspendedTaskList                       0x20000300   Data          20  tasks.o(.bss)
    .bss                                     0x20000314   Section    17408  heap_4.o(.bss)
    ucHeap                                   0x20000314   Data       17408  heap_4.o(.bss)
    .bss                                     0x20004714   Section      260  uart3.o(.bss)
    HEAP                                     0x20004818   Section      512  startup_stm32f10x_hd.o(HEAP)
    STACK                                    0x20004a18   Section     1024  startup_stm32f10x_hd.o(STACK)

    Global Symbols

    Symbol Name                              Value     Ov Type        Size  Object(Section)

    BuildAttributes$$THM_ISAv4$P$D$K$B$S$PE$A:L22UL41UL21$X:L11$S22US41US21$IEEE1$IW$USESV6$~STKCKD$USESV7$~SHL$OSPACE$ROPI$EBA8$MICROLIB$REQ8$PRES8$EABIv2 0x00000000   Number         0  anon$$obj.o ABSOLUTE
    __ARM_use_no_argv                        0x00000000   Number         0  main.o ABSOLUTE
    __use_no_errno                           0x00000000   Number         0  useno.o ABSOLUTE
    __use_no_exception_handling              0x00000000   Number         0  useno.o ABSOLUTE
    __use_no_fp                              0x00000000   Number         0  useno.o ABSOLUTE
    __use_no_heap                            0x00000000   Number         0  useno.o ABSOLUTE
    __use_no_heap_region                     0x00000000   Number         0  useno.o ABSOLUTE
    __use_no_semihosting                     0x00000000   Number         0  useno.o ABSOLUTE
    __use_no_semihosting_swi                 0x00000000   Number         0  useno.o ABSOLUTE
    __use_no_signal_handling                 0x00000000   Number         0  useno.o ABSOLUTE
    _printf_a                                0x00000000   Number         0  stubs.o ABSOLUTE
    _printf_c                                0x00000000   Number         0  stubs.o ABSOLUTE
    _printf_charcount                        0x00000000   Number         0  stubs.o ABSOLUTE
    _printf_d                                0x00000000   Number         0  stubs.o ABSOLUTE
    _printf_e                                0x00000000   Number         0  stubs.o ABSOLUTE
    _printf_f                                0x00000000   Number         0  stubs.o ABSOLUTE
    _printf_flags                            0x00000000   Number         0  stubs.o ABSOLUTE
    _printf_fp_dec                           0x00000000   Number         0  stubs.o ABSOLUTE
    _printf_fp_hex                           0x00000000   Number         0  stubs.o ABSOLUTE
    _printf_g                                0x00000000   Number         0  stubs.o ABSOLUTE
    _printf_i                                0x00000000   Number         0  stubs.o ABSOLUTE
    _printf_int_dec                          0x00000000   Number         0  stubs.o ABSOLUTE
    _printf_l                                0x00000000   Number         0  stubs.o ABSOLUTE
    _printf_lc                               0x00000000   Number         0  stubs.o ABSOLUTE
    _printf_ll                               0x00000000   Number         0  stubs.o ABSOLUTE
    _printf_lld                              0x00000000   Number         0  stubs.o ABSOLUTE
    _printf_lli                              0x00000000   Number         0  stubs.o ABSOLUTE
    _printf_llo                              0x00000000   Number         0  stubs.o ABSOLUTE
    _printf_llu                              0x00000000   Number         0  stubs.o ABSOLUTE
    _printf_llx                              0x00000000   Number         0  stubs.o ABSOLUTE
    _printf_longlong_dec                     0x00000000   Number         0  stubs.o ABSOLUTE
    _printf_longlong_hex                     0x00000000   Number         0  stubs.o ABSOLUTE
    _printf_longlong_oct                     0x00000000   Number         0  stubs.o ABSOLUTE
    _printf_ls                               0x00000000   Number         0  stubs.o ABSOLUTE
    _printf_mbtowc                           0x00000000   Number         0  stubs.o ABSOLUTE
    _printf_n                                0x00000000   Number         0  stubs.o ABSOLUTE
    _printf_o                                0x00000000   Number         0  stubs.o ABSOLUTE
    _printf_p                                0x00000000   Number         0  stubs.o ABSOLUTE
    _printf_percent                          0x00000000   Number         0  stubs.o ABSOLUTE
    _printf_pre_padding                      0x00000000   Number         0  stubs.o ABSOLUTE
    _printf_return_value                     0x00000000   Number         0  stubs.o ABSOLUTE
    _printf_s                                0x00000000   Number         0  stubs.o ABSOLUTE
    _printf_sizespec                         0x00000000   Number         0  stubs.o ABSOLUTE
    _printf_str                              0x00000000   Number         0  stubs.o ABSOLUTE
    _printf_truncate_signed                  0x00000000   Number         0  stubs.o ABSOLUTE
    _printf_truncate_unsigned                0x00000000   Number         0  stubs.o ABSOLUTE
    _printf_u                                0x00000000   Number         0  stubs.o ABSOLUTE
    _printf_wc                               0x00000000   Number         0  stubs.o ABSOLUTE
    _printf_wctomb                           0x00000000   Number         0  stubs.o ABSOLUTE
    _printf_widthprec                        0x00000000   Number         0  stubs.o ABSOLUTE
    _printf_x                                0x00000000   Number         0  stubs.o ABSOLUTE
    __cpp_initialize__aeabi_                  - Undefined Weak Reference
    __cxa_finalize                            - Undefined Weak Reference
    __decompress                              - Undefined Weak Reference
    _clock_init                               - Undefined Weak Reference
    _microlib_exit                            - Undefined Weak Reference
    __Vectors_Size                           0x00000130   Number         0  startup_stm32f10x_hd.o ABSOLUTE
    __Vectors                                0x08000000   Data           4  startup_stm32f10x_hd.o(RESET)
    __Vectors_End                            0x08000130   Data           0  startup_stm32f10x_hd.o(RESET)
    __main                                   0x08000131   Thumb Code     0  entry.o(.ARM.Collect$$$$00000000)
    _main_stk                                0x08000131   Thumb Code     0  entry2.o(.ARM.Collect$$$$00000001)
    _main_scatterload                        0x08000135   Thumb Code     0  entry5.o(.ARM.Collect$$$$00000004)
    __main_after_scatterload                 0x08000139   Thumb Code     0  entry5.o(.ARM.Collect$$$$00000004)
    _main_clock                              0x08000139   Thumb Code     0  entry7b.o(.ARM.Collect$$$$00000008)
    _main_cpp_init                           0x08000139   Thumb Code     0  entry8b.o(.ARM.Collect$$$$0000000A)
    _main_init                               0x08000139   Thumb Code     0  entry9a.o(.ARM.Collect$$$$0000000B)
    __rt_final_cpp                           0x08000141   Thumb Code     0  entry10a.o(.ARM.Collect$$$$0000000D)
    __rt_final_exit                          0x08000141   Thumb Code     0  entry11a.o(.ARM.Collect$$$$0000000F)
    SVC_Handler                              0x08000145   Thumb Code    32  port.o(.emb_text)
    __asm___6_port_c_39a90d8d__prvStartFirstTask 0x08000169   Thumb Code    28  port.o(.emb_text)
    PendSV_Handler                           0x08000189   Thumb Code    72  port.o(.emb_text)
    vPortGetIPSR                             0x080001d5   Thumb Code     6  port.o(.emb_text)
    BoardInit                                0x080001dd   Thumb Code    40  main.o(.text)
    FR_Fun_task                              0x08000205   Thumb Code    76  main.o(.text)
    Face                                     0x08000251   Thumb Code    94  main.o(.text)
    press_FR_task                            0x080002af   Thumb Code    16  main.o(.text)
    FRMAIN_task                              0x080002bf   Thumb Code   198  main.o(.text)
    start_task                               0x08000385   Thumb Code   128  main.o(.text)
    main                                     0x08000405   Thumb Code    70  main.o(.text)
    NMI_Handler                              0x08000559   Thumb Code     2  stm32f10x_it.o(.text)
    HardFault_Handler                        0x0800055b   Thumb Code     4  stm32f10x_it.o(.text)
    MemManage_Handler                        0x0800055f   Thumb Code     4  stm32f10x_it.o(.text)
    BusFault_Handler                         0x08000563   Thumb Code     4  stm32f10x_it.o(.text)
    UsageFault_Handler                       0x08000567   Thumb Code     4  stm32f10x_it.o(.text)
    DebugMon_Handler                         0x0800056b   Thumb Code     2  stm32f10x_it.o(.text)
    SystemInit                               0x0800064b   Thumb Code    78  system_stm32f10x.o(.text)
    SystemCoreClockUpdate                    0x08000699   Thumb Code   142  system_stm32f10x.o(.text)
    LED_Init                                 0x0800074d   Thumb Code   120  led.o(.text)
    get_LED0_status                          0x080007c5   Thumb Code    26  led.o(.text)
    get_LED1_status                          0x080007df   Thumb Code    26  led.o(.text)
    get_FAN0_status                          0x080007f9   Thumb Code    24  led.o(.text)
    get_FAN1_status                          0x08000811   Thumb Code    28  led.o(.text)
    KEY_Init                                 0x08000845   Thumb Code   124  key.o(.text)
    KEY_Scan                                 0x080008c1   Thumb Code   232  key.o(.text)
    DHT11_Rst                                0x080009bd   Thumb Code    52  dht11.o(.text)
    DHT11_Check                              0x080009f1   Thumb Code    96  dht11.o(.text)
    DHT11_Read_Bit                           0x08000a51   Thumb Code    76  dht11.o(.text)
    DHT11_Read_Byte                          0x08000a9d   Thumb Code    30  dht11.o(.text)
    DHT11_Read_Data                          0x08000abb   Thumb Code    88  dht11.o(.text)
    DHT11_Init                               0x08000b13   Thumb Code    54  dht11.o(.text)
    SysTick_Handler                          0x08000b55   Thumb Code    16  delay.o(.text)
    delay_init                               0x08000b65   Thumb Code    74  delay.o(.text)
    delay_us                                 0x08000baf   Thumb Code    68  delay.o(.text)
    delay_ms                                 0x08000bf3   Thumb Code    60  delay.o(.text)
    delay_xms                                0x08000c2f   Thumb Code    24  delay.o(.text)
    _sys_exit                                0x08000c59   Thumb Code     6  usart.o(.text)
    fputc                                    0x08000c5f   Thumb Code    24  usart.o(.text)
    uart_init                                0x08000c77   Thumb Code   158  usart.o(.text)
    USART1_IRQHandler                        0x08000d15   Thumb Code   122  usart.o(.text)
    uart2_init                               0x08000da1   Thumb Code   172  usart2.o(.text)
    USART2_IRQHandler                        0x08000e4d   Thumb Code    84  usart2.o(.text)
    Reset_Handler                            0x08000eb5   Thumb Code     8  startup_stm32f10x_hd.o(.text)
    ADC1_2_IRQHandler                        0x08000ecf   Thumb Code     0  startup_stm32f10x_hd.o(.text)
    ADC3_IRQHandler                          0x08000ecf   Thumb Code     0  startup_stm32f10x_hd.o(.text)
    CAN1_RX1_IRQHandler                      0x08000ecf   Thumb Code     0  startup_stm32f10x_hd.o(.text)
    CAN1_SCE_IRQHandler                      0x08000ecf   Thumb Code     0  startup_stm32f10x_hd.o(.text)
    DMA1_Channel1_IRQHandler                 0x08000ecf   Thumb Code     0  startup_stm32f10x_hd.o(.text)
    DMA1_Channel2_IRQHandler                 0x08000ecf   Thumb Code     0  startup_stm32f10x_hd.o(.text)
    DMA1_Channel3_IRQHandler                 0x08000ecf   Thumb Code     0  startup_stm32f10x_hd.o(.text)
    DMA1_Channel4_IRQHandler                 0x08000ecf   Thumb Code     0  startup_stm32f10x_hd.o(.text)
    DMA1_Channel5_IRQHandler                 0x08000ecf   Thumb Code     0  startup_stm32f10x_hd.o(.text)
    DMA1_Channel6_IRQHandler                 0x08000ecf   Thumb Code     0  startup_stm32f10x_hd.o(.text)
    DMA1_Channel7_IRQHandler                 0x08000ecf   Thumb Code     0  startup_stm32f10x_hd.o(.text)
    DMA2_Channel1_IRQHandler                 0x08000ecf   Thumb Code     0  startup_stm32f10x_hd.o(.text)
    DMA2_Channel2_IRQHandler                 0x08000ecf   Thumb Code     0  startup_stm32f10x_hd.o(.text)
    DMA2_Channel3_IRQHandler                 0x08000ecf   Thumb Code     0  startup_stm32f10x_hd.o(.text)
    DMA2_Channel4_5_IRQHandler               0x08000ecf   Thumb Code     0  startup_stm32f10x_hd.o(.text)
    EXTI0_IRQHandler                         0x08000ecf   Thumb Code     0  startup_stm32f10x_hd.o(.text)
    EXTI15_10_IRQHandler                     0x08000ecf   Thumb Code     0  startup_stm32f10x_hd.o(.text)
    EXTI1_IRQHandler                         0x08000ecf   Thumb Code     0  startup_stm32f10x_hd.o(.text)
    EXTI2_IRQHandler                         0x08000ecf   Thumb Code     0  startup_stm32f10x_hd.o(.text)
    EXTI3_IRQHandler                         0x08000ecf   Thumb Code     0  startup_stm32f10x_hd.o(.text)
    EXTI4_IRQHandler                         0x08000ecf   Thumb Code     0  startup_stm32f10x_hd.o(.text)
    EXTI9_5_IRQHandler                       0x08000ecf   Thumb Code     0  startup_stm32f10x_hd.o(.text)
    FLASH_IRQHandler                         0x08000ecf   Thumb Code     0  startup_stm32f10x_hd.o(.text)
    FSMC_IRQHandler                          0x08000ecf   Thumb Code     0  startup_stm32f10x_hd.o(.text)
    I2C1_ER_IRQHandler                       0x08000ecf   Thumb Code     0  startup_stm32f10x_hd.o(.text)
    I2C1_EV_IRQHandler                       0x08000ecf   Thumb Code     0  startup_stm32f10x_hd.o(.text)
    I2C2_ER_IRQHandler                       0x08000ecf   Thumb Code     0  startup_stm32f10x_hd.o(.text)
    I2C2_EV_IRQHandler                       0x08000ecf   Thumb Code     0  startup_stm32f10x_hd.o(.text)
    PVD_IRQHandler                           0x08000ecf   Thumb Code     0  startup_stm32f10x_hd.o(.text)
    RCC_IRQHandler                           0x08000ecf   Thumb Code     0  startup_stm32f10x_hd.o(.text)
    RTCAlarm_IRQHandler                      0x08000ecf   Thumb Code     0  startup_stm32f10x_hd.o(.text)
    RTC_IRQHandler                           0x08000ecf   Thumb Code     0  startup_stm32f10x_hd.o(.text)
    SDIO_IRQHandler                          0x08000ecf   Thumb Code     0  startup_stm32f10x_hd.o(.text)
    SPI1_IRQHandler                          0x08000ecf   Thumb Code     0  startup_stm32f10x_hd.o(.text)
    SPI2_IRQHandler                          0x08000ecf   Thumb Code     0  startup_stm32f10x_hd.o(.text)
    SPI3_IRQHandler                          0x08000ecf   Thumb Code     0  startup_stm32f10x_hd.o(.text)
    TAMPER_IRQHandler                        0x08000ecf   Thumb Code     0  startup_stm32f10x_hd.o(.text)
    TIM1_BRK_IRQHandler                      0x08000ecf   Thumb Code     0  startup_stm32f10x_hd.o(.text)
    TIM1_CC_IRQHandler                       0x08000ecf   Thumb Code     0  startup_stm32f10x_hd.o(.text)
    TIM1_TRG_COM_IRQHandler                  0x08000ecf   Thumb Code     0  startup_stm32f10x_hd.o(.text)
    TIM1_UP_IRQHandler                       0x08000ecf   Thumb Code     0  startup_stm32f10x_hd.o(.text)
    TIM2_IRQHandler                          0x08000ecf   Thumb Code     0  startup_stm32f10x_hd.o(.text)
    TIM3_IRQHandler                          0x08000ecf   Thumb Code     0  startup_stm32f10x_hd.o(.text)
    TIM4_IRQHandler                          0x08000ecf   Thumb Code     0  startup_stm32f10x_hd.o(.text)
    TIM5_IRQHandler                          0x08000ecf   Thumb Code     0  startup_stm32f10x_hd.o(.text)
    TIM6_IRQHandler                          0x08000ecf   Thumb Code     0  startup_stm32f10x_hd.o(.text)
    TIM7_IRQHandler                          0x08000ecf   Thumb Code     0  startup_stm32f10x_hd.o(.text)
    TIM8_BRK_IRQHandler                      0x08000ecf   Thumb Code     0  startup_stm32f10x_hd.o(.text)
    TIM8_CC_IRQHandler                       0x08000ecf   Thumb Code     0  startup_stm32f10x_hd.o(.text)
    TIM8_TRG_COM_IRQHandler                  0x08000ecf   Thumb Code     0  startup_stm32f10x_hd.o(.text)
    TIM8_UP_IRQHandler                       0x08000ecf   Thumb Code     0  startup_stm32f10x_hd.o(.text)
    UART4_IRQHandler                         0x08000ecf   Thumb Code     0  startup_stm32f10x_hd.o(.text)
    UART5_IRQHandler                         0x08000ecf   Thumb Code     0  startup_stm32f10x_hd.o(.text)
    USBWakeUp_IRQHandler                     0x08000ecf   Thumb Code     0  startup_stm32f10x_hd.o(.text)
    USB_HP_CAN1_TX_IRQHandler                0x08000ecf   Thumb Code     0  startup_stm32f10x_hd.o(.text)
    USB_LP_CAN1_RX0_IRQHandler               0x08000ecf   Thumb Code     0  startup_stm32f10x_hd.o(.text)
    WWDG_IRQHandler                          0x08000ecf   Thumb Code     0  startup_stm32f10x_hd.o(.text)
    NVIC_PriorityGroupConfig                 0x08000ed9   Thumb Code    10  misc.o(.text)
    NVIC_Init                                0x08000ee3   Thumb Code   100  misc.o(.text)
    NVIC_SetVectorTable                      0x08000f47   Thumb Code    14  misc.o(.text)
    NVIC_SystemLPConfig                      0x08000f55   Thumb Code    34  misc.o(.text)
    SysTick_CLKSourceConfig                  0x08000f77   Thumb Code    40  misc.o(.text)
    GPIO_DeInit                              0x08000fb5   Thumb Code   172  stm32f10x_gpio.o(.text)
    GPIO_AFIODeInit                          0x08001061   Thumb Code    20  stm32f10x_gpio.o(.text)
    GPIO_Init                                0x08001075   Thumb Code   278  stm32f10x_gpio.o(.text)
    GPIO_StructInit                          0x0800118b   Thumb Code    16  stm32f10x_gpio.o(.text)
    GPIO_ReadInputDataBit                    0x0800119b   Thumb Code    18  stm32f10x_gpio.o(.text)
    GPIO_ReadInputData                       0x080011ad   Thumb Code     8  stm32f10x_gpio.o(.text)
    GPIO_ReadOutputDataBit                   0x080011b5   Thumb Code    18  stm32f10x_gpio.o(.text)
    GPIO_ReadOutputData                      0x080011c7   Thumb Code     8  stm32f10x_gpio.o(.text)
    GPIO_SetBits                             0x080011cf   Thumb Code     4  stm32f10x_gpio.o(.text)
    GPIO_ResetBits                           0x080011d3   Thumb Code     4  stm32f10x_gpio.o(.text)
    GPIO_WriteBit                            0x080011d7   Thumb Code    10  stm32f10x_gpio.o(.text)
    GPIO_Write                               0x080011e1   Thumb Code     4  stm32f10x_gpio.o(.text)
    GPIO_PinLockConfig                       0x080011e5   Thumb Code    18  stm32f10x_gpio.o(.text)
    GPIO_EventOutputConfig                   0x080011f7   Thumb Code    26  stm32f10x_gpio.o(.text)
    GPIO_EventOutputCmd                      0x08001211   Thumb Code     6  stm32f10x_gpio.o(.text)
    GPIO_PinRemapConfig                      0x08001217   Thumb Code   138  stm32f10x_gpio.o(.text)
    GPIO_EXTILineConfig                      0x080012a1   Thumb Code    66  stm32f10x_gpio.o(.text)
    GPIO_ETH_MediaInterfaceConfig            0x080012e3   Thumb Code     8  stm32f10x_gpio.o(.text)
    RCC_DeInit                               0x08001311   Thumb Code    64  stm32f10x_rcc.o(.text)
    RCC_HSEConfig                            0x08001351   Thumb Code    70  stm32f10x_rcc.o(.text)
    RCC_GetFlagStatus                        0x08001397   Thumb Code    56  stm32f10x_rcc.o(.text)
    RCC_WaitForHSEStartUp                    0x080013cf   Thumb Code    56  stm32f10x_rcc.o(.text)
    RCC_AdjustHSICalibrationValue            0x08001407   Thumb Code    20  stm32f10x_rcc.o(.text)
    RCC_HSICmd                               0x0800141b   Thumb Code     6  stm32f10x_rcc.o(.text)
    RCC_PLLConfig                            0x08001421   Thumb Code    24  stm32f10x_rcc.o(.text)
    RCC_PLLCmd                               0x08001439   Thumb Code     6  stm32f10x_rcc.o(.text)
    RCC_SYSCLKConfig                         0x0800143f   Thumb Code    18  stm32f10x_rcc.o(.text)
    RCC_GetSYSCLKSource                      0x08001451   Thumb Code    10  stm32f10x_rcc.o(.text)
    RCC_HCLKConfig                           0x0800145b   Thumb Code    18  stm32f10x_rcc.o(.text)
    RCC_PCLK1Config                          0x0800146d   Thumb Code    18  stm32f10x_rcc.o(.text)
    RCC_PCLK2Config                          0x0800147f   Thumb Code    20  stm32f10x_rcc.o(.text)
    RCC_ITConfig                             0x08001493   Thumb Code    26  stm32f10x_rcc.o(.text)
    RCC_USBCLKConfig                         0x080014ad   Thumb Code     8  stm32f10x_rcc.o(.text)
    RCC_ADCCLKConfig                         0x080014b5   Thumb Code    18  stm32f10x_rcc.o(.text)
    RCC_LSEConfig                            0x080014c7   Thumb Code    50  stm32f10x_rcc.o(.text)
    RCC_LSICmd                               0x080014f9   Thumb Code     6  stm32f10x_rcc.o(.text)
    RCC_RTCCLKConfig                         0x080014ff   Thumb Code    12  stm32f10x_rcc.o(.text)
    RCC_RTCCLKCmd                            0x0800150b   Thumb Code     8  stm32f10x_rcc.o(.text)
    RCC_GetClocksFreq                        0x08001513   Thumb Code   192  stm32f10x_rcc.o(.text)
    RCC_AHBPeriphClockCmd                    0x080015d3   Thumb Code    26  stm32f10x_rcc.o(.text)
    RCC_APB2PeriphClockCmd                   0x080015ed   Thumb Code    26  stm32f10x_rcc.o(.text)
    RCC_APB1PeriphClockCmd                   0x08001607   Thumb Code    26  stm32f10x_rcc.o(.text)
    RCC_APB2PeriphResetCmd                   0x08001621   Thumb Code    26  stm32f10x_rcc.o(.text)
    RCC_APB1PeriphResetCmd                   0x0800163b   Thumb Code    26  stm32f10x_rcc.o(.text)
    RCC_BackupResetCmd                       0x08001655   Thumb Code     8  stm32f10x_rcc.o(.text)
    RCC_ClockSecuritySystemCmd               0x0800165d   Thumb Code     6  stm32f10x_rcc.o(.text)
    RCC_MCOConfig                            0x08001663   Thumb Code     6  stm32f10x_rcc.o(.text)
    RCC_ClearFlag                            0x08001669   Thumb Code    14  stm32f10x_rcc.o(.text)
    RCC_GetITStatus                          0x08001677   Thumb Code    20  stm32f10x_rcc.o(.text)
    RCC_ClearITPendingBit                    0x0800168b   Thumb Code     6  stm32f10x_rcc.o(.text)
    USART_DeInit                             0x080016b5   Thumb Code   134  stm32f10x_usart.o(.text)
    USART_Init                               0x0800173b   Thumb Code   210  stm32f10x_usart.o(.text)
    USART_StructInit                         0x0800180d   Thumb Code    24  stm32f10x_usart.o(.text)
    USART_ClockInit                          0x08001825   Thumb Code    34  stm32f10x_usart.o(.text)
    USART_ClockStructInit                    0x08001847   Thumb Code    12  stm32f10x_usart.o(.text)
    USART_Cmd                                0x08001853   Thumb Code    24  stm32f10x_usart.o(.text)
    USART_ITConfig                           0x0800186b   Thumb Code    74  stm32f10x_usart.o(.text)
    USART_DMACmd                             0x080018b5   Thumb Code    18  stm32f10x_usart.o(.text)
    USART_SetAddress                         0x080018c7   Thumb Code    18  stm32f10x_usart.o(.text)
    USART_WakeUpConfig                       0x080018d9   Thumb Code    18  stm32f10x_usart.o(.text)
    USART_ReceiverWakeUpCmd                  0x080018eb   Thumb Code    24  stm32f10x_usart.o(.text)
    USART_LINBreakDetectLengthConfig         0x08001903   Thumb Code    18  stm32f10x_usart.o(.text)
    USART_LINCmd                             0x08001915   Thumb Code    24  stm32f10x_usart.o(.text)
    USART_SendData                           0x0800192d   Thumb Code     8  stm32f10x_usart.o(.text)
    USART_ReceiveData                        0x08001935   Thumb Code    10  stm32f10x_usart.o(.text)
    USART_SendBreak                          0x0800193f   Thumb Code    10  stm32f10x_usart.o(.text)
    USART_SetGuardTime                       0x08001949   Thumb Code    16  stm32f10x_usart.o(.text)
    USART_SetPrescaler                       0x08001959   Thumb Code    16  stm32f10x_usart.o(.text)
    USART_SmartCardCmd                       0x08001969   Thumb Code    24  stm32f10x_usart.o(.text)
    USART_SmartCardNACKCmd                   0x08001981   Thumb Code    24  stm32f10x_usart.o(.text)
    USART_HalfDuplexCmd                      0x08001999   Thumb Code    24  stm32f10x_usart.o(.text)
    USART_OverSampling8Cmd                   0x080019b1   Thumb Code    22  stm32f10x_usart.o(.text)
    USART_OneBitMethodCmd                    0x080019c7   Thumb Code    24  stm32f10x_usart.o(.text)
    USART_IrDAConfig                         0x080019df   Thumb Code    18  stm32f10x_usart.o(.text)
    USART_IrDACmd                            0x080019f1   Thumb Code    24  stm32f10x_usart.o(.text)
    USART_GetFlagStatus                      0x08001a09   Thumb Code    26  stm32f10x_usart.o(.text)
    USART_ClearFlag                          0x08001a23   Thumb Code    18  stm32f10x_usart.o(.text)
    USART_GetITStatus                        0x08001a35   Thumb Code    84  stm32f10x_usart.o(.text)
    USART_ClearITPendingBit                  0x08001a89   Thumb Code    52  stm32f10x_usart.o(.text)
    vListInitialise                          0x08001abd   Thumb Code    26  list.o(.text)
    vListInitialiseItem                      0x08001ad7   Thumb Code     6  list.o(.text)
    vListInsertEnd                           0x08001add   Thumb Code    24  list.o(.text)
    vListInsert                              0x08001af5   Thumb Code    52  list.o(.text)
    uxListRemove                             0x08001b29   Thumb Code    40  list.o(.text)
    xTaskCreate                              0x08001ce1   Thumb Code   104  tasks.o(.text)
    vTaskDelete                              0x08001d83   Thumb Code   178  tasks.o(.text)
    xTaskIncrementTick                       0x08001e35   Thumb Code   454  tasks.o(.text)
    xTaskResumeAll                           0x08001ffb   Thumb Code   326  tasks.o(.text)
    vTaskSuspendAll                          0x080021e7   Thumb Code    12  tasks.o(.text)
    xTaskDelayUntil                          0x080021f3   Thumb Code   108  tasks.o(.text)
    vTaskDelay                               0x0800225f   Thumb Code    46  tasks.o(.text)
    uxTaskPriorityGet                        0x0800228d   Thumb Code    30  tasks.o(.text)
    uxTaskPriorityGetFromISR                 0x080022ab   Thumb Code    52  tasks.o(.text)
    vTaskPrioritySet                         0x080022df   Thumb Code   336  tasks.o(.text)
    vTaskSwitchContext                       0x0800242f   Thumb Code    80  tasks.o(.text)
    vTaskSuspend                             0x0800247f   Thumb Code   192  tasks.o(.text)
    vTaskResume                              0x08002577   Thumb Code   166  tasks.o(.text)
    xTaskResumeFromISR                       0x0800261d   Thumb Code   196  tasks.o(.text)
    vTaskStartScheduler                      0x0800273d   Thumb Code    76  tasks.o(.text)
    vTaskEndScheduler                        0x08002789   Thumb Code    32  tasks.o(.text)
    xTaskGetTickCount                        0x080027a9   Thumb Code     6  tasks.o(.text)
    xTaskGetTickCountFromISR                 0x080027af   Thumb Code     8  tasks.o(.text)
    uxTaskGetNumberOfTasks                   0x080027b7   Thumb Code     6  tasks.o(.text)
    pcTaskGetName                            0x080027bd   Thumb Code    98  tasks.o(.text)
    xTaskCatchUpTicks                        0x0800281f   Thumb Code    36  tasks.o(.text)
    vTaskPlaceOnEventList                    0x08002843   Thumb Code    28  tasks.o(.text)
    vTaskPlaceOnUnorderedEventList           0x0800285f   Thumb Code    78  tasks.o(.text)
    xTaskRemoveFromEventList                 0x080028ad   Thumb Code   256  tasks.o(.text)
    vTaskRemoveFromUnorderedEventList        0x080029ad   Thumb Code   206  tasks.o(.text)
    vTaskSetTimeOutState                     0x08002a7b   Thumb Code    26  tasks.o(.text)
    vTaskInternalSetTimeOutState             0x08002a95   Thumb Code    14  tasks.o(.text)
    xTaskCheckForTimeOut                     0x08002aa3   Thumb Code    88  tasks.o(.text)
    vTaskMissedYield                         0x08002afb   Thumb Code     8  tasks.o(.text)
    xTaskGetCurrentTaskHandle                0x08002b03   Thumb Code     6  tasks.o(.text)
    xTaskGetSchedulerState                   0x08002b09   Thumb Code    24  tasks.o(.text)
    uxTaskResetEventItemValue                0x08002b21   Thumb Code    24  tasks.o(.text)
    ulTaskGenericNotifyTake                  0x08002b39   Thumb Code   128  tasks.o(.text)
    xTaskGenericNotifyWait                   0x08002bb9   Thumb Code   210  tasks.o(.text)
    xTaskGenericNotify                       0x08002c8b   Thumb Code   326  tasks.o(.text)
    xTaskGenericNotifyFromISR                0x08002dd1   Thumb Code   492  tasks.o(.text)
    vTaskGenericNotifyGiveFromISR            0x08002fbd   Thumb Code   356  tasks.o(.text)
    xTaskGenericNotifyStateClear             0x08003121   Thumb Code    58  tasks.o(.text)
    ulTaskGenericNotifyValueClear            0x0800315b   Thumb Code    58  tasks.o(.text)
    pvPortMalloc                             0x0800325f   Thumb Code   234  heap_4.o(.text)
    vPortFree                                0x08003349   Thumb Code    68  heap_4.o(.text)
    xPortGetFreeHeapSize                     0x0800338d   Thumb Code     6  heap_4.o(.text)
    xPortGetMinimumEverFreeHeapSize          0x08003393   Thumb Code     6  heap_4.o(.text)
    vPortInitialiseBlocks                    0x08003399   Thumb Code     2  heap_4.o(.text)
    pvPortCalloc                             0x0800339b   Thumb Code    54  heap_4.o(.text)
    vPortGetHeapStats                        0x080033d1   Thumb Code   104  heap_4.o(.text)
    pxPortInitialiseStack                    0x0800346b   Thumb Code    30  port.o(.text)
    vPortSetupTimerInterrupt                 0x08003489   Thumb Code    20  port.o(.text)
    xPortStartScheduler                      0x0800349d   Thumb Code    42  port.o(.text)
    vPortEndScheduler                        0x080034c7   Thumb Code     2  port.o(.text)
    vPortEnterCritical                       0x080034c9   Thumb Code    30  port.o(.text)
    vPortExitCritical                        0x080034e7   Thumb Code    28  port.o(.text)
    xPortSysTickHandler                      0x08003503   Thumb Code    48  port.o(.text)
    ESP32_Clear                              0x08003545   Thumb Code     8  esp32.o(.text)
    ESP32_WaitRecive                         0x0800354d   Thumb Code    28  esp32.o(.text)
    ESP32_SendCmd                            0x08003569   Thumb Code    88  esp32.o(.text)
    ESP32_SendData                           0x080035c1   Thumb Code    44  esp32.o(.text)
    ESP32_GetIPD                             0x080035ed   Thumb Code    68  esp32.o(.text)
    ESP32_Init                               0x08003631   Thumb Code   162  esp32.o(.text)
    MqttLinkOneNet                           0x08003785   Thumb Code   192  onenet.o(.text)
    PackMsgInType3OneNet                     0x08003845   Thumb Code   310  onenet.o(.text)
    MqttSendDataOneNet                       0x0800397b   Thumb Code   122  onenet.o(.text)
    MqttRecvProOneNet                        0x080039f5   Thumb Code  1066  onenet.o(.text)
    uart3_init                               0x08003e45   Thumb Code   172  uart3.o(.text)
    USART3_IRQHandler                        0x08003ef1   Thumb Code   104  uart3.o(.text)
    USART3_SendString                        0x08003f59   Thumb Code    44  uart3.o(.text)
    uart3_clear                              0x08003f85   Thumb Code    26  uart3.o(.text)
    MQTT_NewBuffer                           0x08003fad   Thumb Code    88  mqttkit.o(.text)
    MQTT_DeleteBuffer                        0x08004005   Thumb Code    28  mqttkit.o(.text)
    MQTT_DumpLength                          0x08004021   Thumb Code    46  mqttkit.o(.text)
    MQTT_ReadLength                          0x0800404f   Thumb Code    70  mqttkit.o(.text)
    MQTT_UnPacketRecv                        0x08004095   Thumb Code   106  mqttkit.o(.text)
    MQTT_PacketConnect                       0x080040ff   Thumb Code   666  mqttkit.o(.text)
    MQTT_PacketDisConnect                    0x08004399   Thumb Code    48  mqttkit.o(.text)
    MQTT_UnPacketConnectAck                  0x080043c9   Thumb Code    30  mqttkit.o(.text)
    MQTT_PacketPublish                       0x080043e7   Thumb Code   430  mqttkit.o(.text)
    MQTT_PacketSaveData                      0x08004595   Thumb Code    88  mqttkit.o(.text)
    MQTT_PacketSaveBinData                   0x080045ed   Thumb Code   192  mqttkit.o(.text)
    MQTT_UnPacketCmd                         0x080046ad   Thumb Code   140  mqttkit.o(.text)
    MQTT_PacketCmdResp                       0x08004739   Thumb Code   132  mqttkit.o(.text)
    MQTT_PacketSubscribe                     0x080047bd   Thumb Code   254  mqttkit.o(.text)
    MQTT_UnPacketSubscribe                   0x080048bb   Thumb Code    52  mqttkit.o(.text)
    MQTT_PacketUnSubscribe                   0x080048ef   Thumb Code   266  mqttkit.o(.text)
    MQTT_UnPacketUnSubscribe                 0x080049f9   Thumb Code    18  mqttkit.o(.text)
    MQTT_UnPacketPublish                     0x08004a0b   Thumb Code   440  mqttkit.o(.text)
    MQTT_PacketPublishAck                    0x08004bc3   Thumb Code    72  mqttkit.o(.text)
    MQTT_UnPacketPublishAck                  0x08004c0b   Thumb Code    30  mqttkit.o(.text)
    MQTT_PacketPublishRec                    0x08004c29   Thumb Code    72  mqttkit.o(.text)
    MQTT_UnPacketPublishRec                  0x08004c71   Thumb Code    30  mqttkit.o(.text)
    MQTT_PacketPublishRel                    0x08004c8f   Thumb Code    72  mqttkit.o(.text)
    MQTT_UnPacketPublishRel                  0x08004cd7   Thumb Code    36  mqttkit.o(.text)
    MQTT_PacketPublishComp                   0x08004cfb   Thumb Code    72  mqttkit.o(.text)
    MQTT_UnPacketPublishComp                 0x08004d43   Thumb Code    30  mqttkit.o(.text)
    MQTT_PacketPing                          0x08004d61   Thumb Code    48  mqttkit.o(.text)
    __aeabi_memcpy                           0x08004d91   Thumb Code    36  memcpya.o(.text)
    __aeabi_memcpy4                          0x08004d91   Thumb Code     0  memcpya.o(.text)
    __aeabi_memcpy8                          0x08004d91   Thumb Code     0  memcpya.o(.text)
    __aeabi_memset                           0x08004db5   Thumb Code    14  memseta.o(.text)
    __aeabi_memset4                          0x08004db5   Thumb Code     0  memseta.o(.text)
    __aeabi_memset8                          0x08004db5   Thumb Code     0  memseta.o(.text)
    __aeabi_memclr                           0x08004dc3   Thumb Code     4  memseta.o(.text)
    __aeabi_memclr4                          0x08004dc3   Thumb Code     0  memseta.o(.text)
    __aeabi_memclr8                          0x08004dc3   Thumb Code     0  memseta.o(.text)
    _memset$wrapper                          0x08004dc7   Thumb Code    18  memseta.o(.text)
    strcat                                   0x08004dd9   Thumb Code    24  strcat.o(.text)
    strstr                                   0x08004df1   Thumb Code    36  strstr.o(.text)
    strchr                                   0x08004e15   Thumb Code    20  strchr.o(.text)
    strlen                                   0x08004e29   Thumb Code    14  strlen.o(.text)
    strncat                                  0x08004e37   Thumb Code    40  strncat.o(.text)
    atoi                                     0x08004e5f   Thumb Code    26  atoi.o(.text)
    __aeabi_uidiv                            0x08004e79   Thumb Code     0  uidiv.o(.text)
    __aeabi_uidivmod                         0x08004e79   Thumb Code    44  uidiv.o(.text)
    strtol                                   0x08004ea5   Thumb Code   112  strtol.o(.text)
    __scatterload                            0x08004f15   Thumb Code    28  init.o(.text)
    __scatterload_rt2                        0x08004f15   Thumb Code     0  init.o(.text)
    __rt_ctype_table                         0x08004f39   Thumb Code     4  ctype_o.o(.text)
    _strtoul                                 0x08004f41   Thumb Code   158  _strtoul.o(.text)
    _chval                                   0x08004fdf   Thumb Code    28  _chval.o(.text)
    __0printf$3                              0x08004ffd   Thumb Code    22  printf3.o(i.__0printf$3)
    __1printf$3                              0x08004ffd   Thumb Code     0  printf3.o(i.__0printf$3)
    __2printf                                0x08004ffd   Thumb Code     0  printf3.o(i.__0printf$3)
    __0sprintf$3                             0x0800501d   Thumb Code    34  printf3.o(i.__0sprintf$3)
    __1sprintf$3                             0x0800501d   Thumb Code     0  printf3.o(i.__0sprintf$3)
    __2sprintf                               0x0800501d   Thumb Code     0  printf3.o(i.__0sprintf$3)
    __aeabi_errno_addr                       0x08005045   Thumb Code     4  errno.o(i.__aeabi_errno_addr)
    __rt_errno_addr                          0x08005045   Thumb Code     0  errno.o(i.__aeabi_errno_addr)
    __scatterload_copy                       0x0800504d   Thumb Code    14  handlers.o(i.__scatterload_copy)
    __scatterload_null                       0x0800505b   Thumb Code     2  handlers.o(i.__scatterload_null)
    __scatterload_zeroinit                   0x0800505d   Thumb Code    14  handlers.o(i.__scatterload_zeroinit)
    free                                     0x08005231   Thumb Code    76  malloc.o(i.free)
    malloc                                   0x08005281   Thumb Code    92  malloc.o(i.malloc)
    __ctype_table                            0x080052ec   Data         129  ctype_o.o(.constdata)
    Region$$Table$$Base                      0x08005374   Number         0  anon$$obj.o(Region$$Table)
    Region$$Table$$Limit                     0x08005394   Number         0  anon$$obj.o(Region$$Table)
    StartTask_Handler                        0x20000000   Data           4  main.o(.data)
    FRMAINTask_Handler                       0x20000004   Data           4  main.o(.data)
    press_FRTask_Handler                     0x20000008   Data           4  main.o(.data)
    FR_FunTask_Handler                       0x2000000c   Data           4  main.o(.data)
    SystemCoreClock                          0x20000010   Data           4  system_stm32f10x.o(.data)
    AHBPrescTable                            0x20000014   Data          16  system_stm32f10x.o(.data)
    __stdout                                 0x2000002c   Data           4  usart.o(.data)
    USART_RX_STA                             0x20000030   Data           2  usart.o(.data)
    USART2_RX_STA                            0x20000034   Data           2  usart2.o(.data)
    count                                    0x20000038   Data           4  usart2.o(.data)
    pxCurrentTCB                             0x20000050   Data           4  tasks.o(.data)
    uxTopUsedPriority                        0x20000088   Data           4  tasks.o(.data)
    __microlib_freelist                      0x200000b0   Data           4  mvars.o(.data)
    __microlib_freelist_initialised          0x200000b4   Data           4  mvars.o(.data)
    USART_RX_BUF                             0x200000bc   Data         200  usart.o(.bss)
    USART2_RX_BUF                            0x20000184   Data         200  usart2.o(.bss)
    wifi_dev                                 0x20004714   Data         260  uart3.o(.bss)
    __heap_base                              0x20004818   Data           0  startup_stm32f10x_hd.o(HEAP)
    __heap_limit                             0x20004a18   Data           0  startup_stm32f10x_hd.o(HEAP)
    __initial_sp                             0x20004e18   Data           0  startup_stm32f10x_hd.o(STACK)



==============================================================================

Memory Map of the image

  Image Entry point : 0x08000131

  Load Region LR_IROM1 (Base: 0x08000000, Size: 0x00005450, Max: 0x00080000, ABSOLUTE)

    Execution Region ER_IROM1 (Exec base: 0x08000000, Load base: 0x08000000, Size: 0x00005394, Max: 0x00080000, ABSOLUTE)

    Exec Addr    Load Addr    Size         Type   Attr      Idx    E Section Name        Object

    0x08000000   0x08000000   0x00000130   Data   RO          371    RESET               startup_stm32f10x_hd.o
    0x08000130   0x08000130   0x00000000   Code   RO          683  * .ARM.Collect$$$$00000000  mc_w.l(entry.o)
    0x08000130   0x08000130   0x00000004   Code   RO          993    .ARM.Collect$$$$00000001  mc_w.l(entry2.o)
    0x08000134   0x08000134   0x00000004   Code   RO          996    .ARM.Collect$$$$00000004  mc_w.l(entry5.o)
    0x08000138   0x08000138   0x00000000   Code   RO          998    .ARM.Collect$$$$00000008  mc_w.l(entry7b.o)
    0x08000138   0x08000138   0x00000000   Code   RO         1000    .ARM.Collect$$$$0000000A  mc_w.l(entry8b.o)
    0x08000138   0x08000138   0x00000008   Code   RO         1001    .ARM.Collect$$$$0000000B  mc_w.l(entry9a.o)
    0x08000140   0x08000140   0x00000000   Code   RO         1003    .ARM.Collect$$$$0000000D  mc_w.l(entry10a.o)
    0x08000140   0x08000140   0x00000000   Code   RO         1005    .ARM.Collect$$$$0000000F  mc_w.l(entry11a.o)
    0x08000140   0x08000140   0x00000004   Code   RO          994    .ARM.Collect$$$$00002712  mc_w.l(entry2.o)
    0x08000144   0x08000144   0x00000096   Code   RO          571    .emb_text           port.o
    0x080001da   0x080001da   0x00000002   PAD
    0x080001dc   0x080001dc   0x0000037c   Code   RO            1    .text               main.o
    0x08000558   0x08000558   0x00000014   Code   RO          174    .text               stm32f10x_it.o
    0x0800056c   0x0800056c   0x000001e0   Code   RO          215    .text               system_stm32f10x.o
    0x0800074c   0x0800074c   0x000000f8   Code   RO          233    .text               led.o
    0x08000844   0x08000844   0x00000178   Code   RO          245    .text               key.o
    0x080009bc   0x080009bc   0x00000198   Code   RO          258    .text               dht11.o
    0x08000b54   0x08000b54   0x00000104   Code   RO          273    .text               delay.o
    0x08000c58   0x08000c58   0x00000148   Code   RO          313    .text               usart.o
    0x08000da0   0x08000da0   0x00000114   Code   RO          336    .text               usart2.o
    0x08000eb4   0x08000eb4   0x00000024   Code   RO          372    .text               startup_stm32f10x_hd.o
    0x08000ed8   0x08000ed8   0x000000dc   Code   RO          376    .text               misc.o
    0x08000fb4   0x08000fb4   0x0000035c   Code   RO          388    .text               stm32f10x_gpio.o
    0x08001310   0x08001310   0x000003a4   Code   RO          400    .text               stm32f10x_rcc.o
    0x080016b4   0x080016b4   0x00000408   Code   RO          414    .text               stm32f10x_usart.o
    0x08001abc   0x08001abc   0x00000094   Code   RO          465    .text               list.o
    0x08001b50   0x08001b50   0x00001654   Code   RO          516    .text               tasks.o
    0x080031a4   0x080031a4   0x000002b0   Code   RO          556    .text               heap_4.o
    0x08003454   0x08003454   0x000000f0   Code   RO          572    .text               port.o
    0x08003544   0x08003544   0x00000240   Code   RO          601    .text               esp32.o
    0x08003784   0x08003784   0x000006c0   Code   RO          613    .text               onenet.o
    0x08003e44   0x08003e44   0x00000168   Code   RO          637    .text               uart3.o
    0x08003fac   0x08003fac   0x00000de4   Code   RO          655    .text               mqttkit.o
    0x08004d90   0x08004d90   0x00000024   Code   RO          686    .text               mc_w.l(memcpya.o)
    0x08004db4   0x08004db4   0x00000024   Code   RO          688    .text               mc_w.l(memseta.o)
    0x08004dd8   0x08004dd8   0x00000018   Code   RO          690    .text               mc_w.l(strcat.o)
    0x08004df0   0x08004df0   0x00000024   Code   RO          692    .text               mc_w.l(strstr.o)
    0x08004e14   0x08004e14   0x00000014   Code   RO          694    .text               mc_w.l(strchr.o)
    0x08004e28   0x08004e28   0x0000000e   Code   RO          696    .text               mc_w.l(strlen.o)
    0x08004e36   0x08004e36   0x00000028   Code   RO          698    .text               mc_w.l(strncat.o)
    0x08004e5e   0x08004e5e   0x0000001a   Code   RO          991    .text               mc_w.l(atoi.o)
    0x08004e78   0x08004e78   0x0000002c   Code   RO         1007    .text               mc_w.l(uidiv.o)
    0x08004ea4   0x08004ea4   0x00000070   Code   RO         1020    .text               mc_w.l(strtol.o)
    0x08004f14   0x08004f14   0x00000024   Code   RO         1033    .text               mc_w.l(init.o)
    0x08004f38   0x08004f38   0x00000008   Code   RO         1041    .text               mc_w.l(ctype_o.o)
    0x08004f40   0x08004f40   0x0000009e   Code   RO         1069    .text               mc_w.l(_strtoul.o)
    0x08004fde   0x08004fde   0x0000001c   Code   RO         1073    .text               mc_w.l(_chval.o)
    0x08004ffa   0x08004ffa   0x00000002   PAD
    0x08004ffc   0x08004ffc   0x00000020   Code   RO          791    i.__0printf$3       mc_w.l(printf3.o)
    0x0800501c   0x0800501c   0x00000028   Code   RO          793    i.__0sprintf$3      mc_w.l(printf3.o)
    0x08005044   0x08005044   0x00000008   Code   RO         1013    i.__aeabi_errno_addr  mc_w.l(errno.o)
    0x0800504c   0x0800504c   0x0000000e   Code   RO         1077    i.__scatterload_copy  mc_w.l(handlers.o)
    0x0800505a   0x0800505a   0x00000002   Code   RO         1078    i.__scatterload_null  mc_w.l(handlers.o)
    0x0800505c   0x0800505c   0x0000000e   Code   RO         1079    i.__scatterload_zeroinit  mc_w.l(handlers.o)
    0x0800506a   0x0800506a   0x00000002   PAD
    0x0800506c   0x0800506c   0x000001b8   Code   RO          798    i._printf_core      mc_w.l(printf3.o)
    0x08005224   0x08005224   0x0000000a   Code   RO          800    i._sputc            mc_w.l(printf3.o)
    0x0800522e   0x0800522e   0x00000002   PAD
    0x08005230   0x08005230   0x00000050   Code   RO          963    i.free              mc_w.l(malloc.o)
    0x08005280   0x08005280   0x0000006c   Code   RO          964    i.malloc            mc_w.l(malloc.o)
    0x080052ec   0x080052ec   0x00000081   Data   RO         1042    .constdata          mc_w.l(ctype_o.o)
    0x0800536d   0x0800536d   0x00000003   PAD
    0x08005370   0x08005370   0x00000004   Data   RO         1043    .constdata          mc_w.l(ctype_o.o)
    0x08005374   0x08005374   0x00000020   Data   RO         1075    Region$$Table       anon$$obj.o


    Execution Region RW_IRAM1 (Exec base: 0x20000000, Load base: 0x08005394, Size: 0x00004e18, Max: 0x00010000, ABSOLUTE)

    Exec Addr    Load Addr    Size         Type   Attr      Idx    E Section Name        Object

    0x20000000   0x08005394   0x00000010   Data   RW            2    .data               main.o
    0x20000010   0x080053a4   0x00000014   Data   RW          216    .data               system_stm32f10x.o
    0x20000024   0x080053b8   0x00000001   Data   RW          246    .data               key.o
    0x20000025   0x080053b9   0x00000001   PAD
    0x20000026   0x080053ba   0x00000004   Data   RW          274    .data               delay.o
    0x2000002a   0x080053be   0x00000002   PAD
    0x2000002c   0x080053c0   0x00000006   Data   RW          315    .data               usart.o
    0x20000032   0x080053c6   0x00000002   PAD
    0x20000034   0x080053c8   0x00000008   Data   RW          338    .data               usart2.o
    0x2000003c   0x080053d0   0x00000014   Data   RW          401    .data               stm32f10x_rcc.o
    0x20000050   0x080053e4   0x00000040   Data   RW          518    .data               tasks.o
    0x20000090   0x08005424   0x0000001c   Data   RW          558    .data               heap_4.o
    0x200000ac   0x08005440   0x00000004   Data   RW          573    .data               port.o
    0x200000b0   0x08005444   0x00000004   Data   RW         1011    .data               mc_w.l(mvars.o)
    0x200000b4   0x08005448   0x00000004   Data   RW         1012    .data               mc_w.l(mvars.o)
    0x200000b8   0x0800544c   0x00000004   Data   RW         1016    .data               mc_w.l(errno.o)
    0x200000bc        -       0x000000c8   Zero   RW          314    .bss                usart.o
    0x20000184        -       0x000000c8   Zero   RW          337    .bss                usart2.o
    0x2000024c        -       0x000000c8   Zero   RW          517    .bss                tasks.o
    0x20000314        -       0x00004400   Zero   RW          557    .bss                heap_4.o
    0x20004714        -       0x00000104   Zero   RW          638    .bss                uart3.o
    0x20004818        -       0x00000200   Zero   RW          370    HEAP                startup_stm32f10x_hd.o
    0x20004a18        -       0x00000400   Zero   RW          369    STACK               startup_stm32f10x_hd.o


==============================================================================

Image component sizes


      Code (inc. data)   RO Data    RW Data    ZI Data      Debug   Object Name

       260         18          0          4          0       1513   delay.o
       408         12          0          0          0       2150   dht11.o
       576        178          0          0          0       1900   esp32.o
         0          0          0          0          0       2496   event_groups.o
       688         28          0         28      17408       4727   heap_4.o
       376         20          0          1          0        912   key.o
       248         24          0          0          0       1231   led.o
       148          0          0          0          0       1958   list.o
       892        276          0         16          0     249954   main.o
       220         22          0          0          0       1809   misc.o
      3556         40          0          0          0      15263   mqttkit.o
      1728        744          0          0          0       5131   onenet.o
       390         30          0          4          0       7148   port.o
        36          8        304          0       1536        784   startup_stm32f10x_hd.o
       860         38          0          0          0       5741   stm32f10x_gpio.o
        20          0          0          0          0        915   stm32f10x_it.o
       932         36          0         20          0       8920   stm32f10x_rcc.o
      1032         22          0          0          0       8464   stm32f10x_usart.o
         0          0          0          0          0         32   sys.o
       480         38          0         20          0       1751   system_stm32f10x.o
      5716        310          0         64        200      34587   tasks.o
       360         14          0          0        260       2248   uart3.o
       328         18          0          6        200       3202   usart.o
       276         20          0          8        200       1583   usart2.o

    ----------------------------------------------------------------------
     19532       1896        336        176      19804     364419   Object Totals
         0          0         32          0          0          0   (incl. Generated)
         2          0          0          5          0          0   (incl. Padding)

    ----------------------------------------------------------------------

      Code (inc. data)   RO Data    RW Data    ZI Data      Debug   Library Member Name

        28          0          0          0          0         68   _chval.o
       158          0          0          0          0         92   _strtoul.o
        26          0          0          0          0         80   atoi.o
         8          4        133          0          0         68   ctype_o.o
         0          0          0          0          0          0   entry.o
         0          0          0          0          0          0   entry10a.o
         0          0          0          0          0          0   entry11a.o
         8          4          0          0          0          0   entry2.o
         4          0          0          0          0          0   entry5.o
         0          0          0          0          0          0   entry7b.o
         0          0          0          0          0          0   entry8b.o
         8          4          0          0          0          0   entry9a.o
         8          4          0          4          0         68   errno.o
        30          0          0          0          0          0   handlers.o
        36          8          0          0          0         68   init.o
       188         20          0          0          0        160   malloc.o
        36          0          0          0          0         68   memcpya.o
        36          0          0          0          0        108   memseta.o
         0          0          0          8          0          0   mvars.o
       522         20          0          0          0        336   printf3.o
        24          0          0          0          0         68   strcat.o
        20          0          0          0          0         68   strchr.o
        14          0          0          0          0         68   strlen.o
        40          0          0          0          0         76   strncat.o
        36          0          0          0          0         80   strstr.o
       112          0          0          0          0         88   strtol.o
        44          0          0          0          0         80   uidiv.o

    ----------------------------------------------------------------------
      1392         64        136         12          0       1644   Library Totals
         6          0          3          0          0          0   (incl. Padding)

    ----------------------------------------------------------------------

      Code (inc. data)   RO Data    RW Data    ZI Data      Debug   Library Name

      1386         64        133         12          0       1644   mc_w.l

    ----------------------------------------------------------------------
      1392         64        136         12          0       1644   Library Totals

    ----------------------------------------------------------------------

==============================================================================


      Code (inc. data)   RO Data    RW Data    ZI Data      Debug   

     20924       1960        472        188      19804     363303   Grand Totals
     20924       1960        472        188      19804     363303   ELF Image Totals
     20924       1960        472        188          0          0   ROM Totals

==============================================================================

    Total RO  Size (Code + RO Data)                21396 (  20.89kB)
    Total RW  Size (RW Data + ZI Data)             19992 (  19.52kB)
    Total ROM Size (Code + RO Data + RW Data)      21584 (  21.08kB)

==============================================================================

